<?xml version="1.0" encoding="utf-8"?><testsuites><testsuite name="pytest" errors="54" failures="66" skipped="3" tests="160" time="350.966" timestamp="2025-06-26T17:53:30.749194" hostname="DeoismJarvis"><testcase classname="whitelabel-rag.scripts.test_internet_search" name="test_direct_google_api" time="1.484" /><testcase classname="whitelabel-rag.scripts.test_internet_search" name="test_app_integration" time="4.601" /><testcase classname="whitelabel-rag.tests.e2e.test_chat_flow" name="test_chat_flow" time="0.001"><skipped type="pytest.skip" message="E2E tests not enabled">E:\2024 RESET\dvoid\whitelabel-rag\tests\e2e\test_chat_flow.py:6: E2E tests not enabled</skipped></testcase><testcase classname="whitelabel-rag.tests.environment.test_environment" name="test_core_directories_exist" time="0.028" /><testcase classname="whitelabel-rag.tests.integration.test_api.TestAPI" name="test_health_endpoint" time="0.845" /><testcase classname="whitelabel-rag.tests.integration.test_api.TestAPI" name="test_api_health_endpoint" time="0.249" /><testcase classname="whitelabel-rag.tests.integration.test_api.TestAPI" name="test_files_listing" time="0.203" /><testcase classname="whitelabel-rag.tests.integration.test_api.TestAPI" name="test_decompose_endpoint" time="17.720"><failure message="assert 500 == 200&#10; +  where 500 = &lt;Response [500 Internal Server Error]&gt;.status_code">self = &lt;tests.integration.test_api.TestAPI object at 0x0000023E97ABC260&gt;
client = &lt;starlette.testclient.TestClient object at 0x0000023EA33FF110&gt;
mock_llm = &lt;MagicMock id='2468050105696'&gt;
monkeypatch = &lt;_pytest.monkeypatch.MonkeyPatch object at 0x0000023EA33D7BF0&gt;

    def test_decompose_endpoint(self, client, mock_llm, monkeypatch):
        """Test the decompose endpoint"""
        # Reset ChromaService singleton
        from app.services.chroma_service import _chroma_service_instance
        _chroma_service_instance = None
    
        # Configure mock LLM response
        mock_llm.generate_text.return_value = json.dumps({
            "steps": [
                {
                    "step_number": 1,
                    "instruction": "Search for information",
                    "suggested_agent_type": "SearchAgent"
                }
            ]
        })
    
        response = client.post(
            '/api/decompose',
            json={"message": "Test query"}
        )
    
&gt;       assert response.status_code == 200
E       assert 500 == 200
E        +  where 500 = &lt;Response [500 Internal Server Error]&gt;.status_code

whitelabel-rag\tests\integration\test_api.py:64: AssertionError</failure></testcase><testcase classname="whitelabel-rag.tests.integration.test_api.TestAPI" name="test_file_upload" time="0.204"><error message="failed on setup with &quot;AttributeError: 'function' object at app.services.chroma_service.ChromaService has no attribute '_setup_chroma'&quot;">obj = &lt;function mock_chroma_service.&lt;locals&gt;.&lt;lambda&gt; at 0x0000023EA38FACA0&gt;
name = '_setup_chroma', ann = 'app.services.chroma_service.ChromaService'

    def annotated_getattr(obj: object, name: str, ann: str) -&gt; object:
        try:
&gt;           obj = getattr(obj, name)
E           AttributeError: 'function' object has no attribute '_setup_chroma'

C:\Users\deois\AppData\Local\Programs\Python\Python312\Lib\site-packages\_pytest\monkeypatch.py:92: AttributeError

The above exception was the direct cause of the following exception:

monkeypatch = &lt;_pytest.monkeypatch.MonkeyPatch object at 0x0000023EA3408CB0&gt;

    @pytest.fixture
    def mock_chroma_service(monkeypatch):
        mock = MagicMock()
        mock.query_documents.return_value = {
            'documents': [['Document content']],
            'metadatas': [[{'source': 'test_source'}]],
            'distances': [[0.1]]
        }
        monkeypatch.setattr('app.services.chroma_service.get_chroma_service_instance', lambda: mock)
        monkeypatch.setattr('app.services.chroma_service.ChromaService', lambda: mock)
        # Patch document processor methods to avoid real PDF parsing errors
        monkeypatch.setattr('app.services.document_processor.DocumentProcessor._extract_text', lambda self, file_path: "Extracted text")
        monkeypatch.setattr('app.services.document_processor.DocumentProcessor._create_chunks', lambda self, text: ["chunk1", "chunk2"])
        monkeypatch.setattr('app.services.document_processor.DocumentProcessor.process_document', lambda self, file_path: {"success": True, "chunks": ["chunk1", "chunk2"]})
        # Patch ChromaService._setup_chroma to no-op to avoid real ChromaDB calls
&gt;       monkeypatch.setattr('app.services.chroma_service.ChromaService._setup_chroma', lambda self: None)
E       AttributeError: 'function' object at app.services.chroma_service.ChromaService has no attribute '_setup_chroma'

whitelabel-rag\tests\conftest.py:74: AttributeError</error></testcase><testcase classname="whitelabel-rag.tests.integration.test_api.TestAPI" name="test_query_endpoint" time="0.040"><error message="failed on setup with &quot;AttributeError: 'function' object at app.services.chroma_service.ChromaService has no attribute '_setup_chroma'&quot;">obj = &lt;function mock_chroma_service.&lt;locals&gt;.&lt;lambda&gt; at 0x0000023EA3929EE0&gt;
name = '_setup_chroma', ann = 'app.services.chroma_service.ChromaService'

    def annotated_getattr(obj: object, name: str, ann: str) -&gt; object:
        try:
&gt;           obj = getattr(obj, name)
E           AttributeError: 'function' object has no attribute '_setup_chroma'

C:\Users\deois\AppData\Local\Programs\Python\Python312\Lib\site-packages\_pytest\monkeypatch.py:92: AttributeError

The above exception was the direct cause of the following exception:

monkeypatch = &lt;_pytest.monkeypatch.MonkeyPatch object at 0x0000023EA3901DC0&gt;

    @pytest.fixture
    def mock_chroma_service(monkeypatch):
        mock = MagicMock()
        mock.query_documents.return_value = {
            'documents': [['Document content']],
            'metadatas': [[{'source': 'test_source'}]],
            'distances': [[0.1]]
        }
        monkeypatch.setattr('app.services.chroma_service.get_chroma_service_instance', lambda: mock)
        monkeypatch.setattr('app.services.chroma_service.ChromaService', lambda: mock)
        # Patch document processor methods to avoid real PDF parsing errors
        monkeypatch.setattr('app.services.document_processor.DocumentProcessor._extract_text', lambda self, file_path: "Extracted text")
        monkeypatch.setattr('app.services.document_processor.DocumentProcessor._create_chunks', lambda self, text: ["chunk1", "chunk2"])
        monkeypatch.setattr('app.services.document_processor.DocumentProcessor.process_document', lambda self, file_path: {"success": True, "chunks": ["chunk1", "chunk2"]})
        # Patch ChromaService._setup_chroma to no-op to avoid real ChromaDB calls
&gt;       monkeypatch.setattr('app.services.chroma_service.ChromaService._setup_chroma', lambda self: None)
E       AttributeError: 'function' object at app.services.chroma_service.ChromaService has no attribute '_setup_chroma'

whitelabel-rag\tests\conftest.py:74: AttributeError</error></testcase><testcase classname="whitelabel-rag.tests.integration.test_basic_rag.TestBasicRAG" name="test_basic_rag_query_flow" time="0.048"><error message="failed on setup with &quot;AttributeError: 'FastAPI' object has no attribute 'response_class'&quot;">request = &lt;SubRequest '_monkeypatch_response_class' for &lt;Function test_basic_rag_query_flow&gt;&gt;
monkeypatch = &lt;_pytest.monkeypatch.MonkeyPatch object at 0x0000023EA395C1D0&gt;

    @pytest.fixture(autouse=True)
    def _monkeypatch_response_class(request, monkeypatch):
        """Set custom response class before test suite and restore the original
        after. Custom response has `json` property to easily test JSON responses::
    
            @app.route('/ping')
            def ping():
                return jsonify(ping='pong')
    
            def test_json(client):
                res = client.get(url_for('ping'))
                assert res.json == {'ping': 'pong'}
    
        """
    
        if "app" not in request.fixturenames:
            return
    
        app = getfixturevalue(request, "app")
        monkeypatch.setattr(
&gt;           app, "response_class", _make_test_response_class(app.response_class)
        )
E       AttributeError: 'FastAPI' object has no attribute 'response_class'

C:\Users\deois\AppData\Local\Programs\Python\Python312\Lib\site-packages\pytest_flask\plugin.py:77: AttributeError</error></testcase><testcase classname="whitelabel-rag.tests.integration.test_basic_rag.TestBasicRAG" name="test_document_upload_and_query" time="0.035"><error message="failed on setup with &quot;AttributeError: 'FastAPI' object has no attribute 'response_class'&quot;">request = &lt;SubRequest '_monkeypatch_response_class' for &lt;Function test_document_upload_and_query&gt;&gt;
monkeypatch = &lt;_pytest.monkeypatch.MonkeyPatch object at 0x0000023EA39572C0&gt;

    @pytest.fixture(autouse=True)
    def _monkeypatch_response_class(request, monkeypatch):
        """Set custom response class before test suite and restore the original
        after. Custom response has `json` property to easily test JSON responses::
    
            @app.route('/ping')
            def ping():
                return jsonify(ping='pong')
    
            def test_json(client):
                res = client.get(url_for('ping'))
                assert res.json == {'ping': 'pong'}
    
        """
    
        if "app" not in request.fixturenames:
            return
    
        app = getfixturevalue(request, "app")
        monkeypatch.setattr(
&gt;           app, "response_class", _make_test_response_class(app.response_class)
        )
E       AttributeError: 'FastAPI' object has no attribute 'response_class'

C:\Users\deois\AppData\Local\Programs\Python\Python312\Lib\site-packages\pytest_flask\plugin.py:77: AttributeError</error></testcase><testcase classname="whitelabel-rag.tests.integration.test_document_ingestion.TestDocumentIngestion" name="test_upload_and_ingest_document" time="0.638"><error message="failed on setup with &quot;AttributeError: 'FastAPI' object has no attribute 'response_class'&quot;">request = &lt;SubRequest '_monkeypatch_response_class' for &lt;Function test_upload_and_ingest_document&gt;&gt;
monkeypatch = &lt;_pytest.monkeypatch.MonkeyPatch object at 0x0000023EA3972CF0&gt;

    @pytest.fixture(autouse=True)
    def _monkeypatch_response_class(request, monkeypatch):
        """Set custom response class before test suite and restore the original
        after. Custom response has `json` property to easily test JSON responses::
    
            @app.route('/ping')
            def ping():
                return jsonify(ping='pong')
    
            def test_json(client):
                res = client.get(url_for('ping'))
                assert res.json == {'ping': 'pong'}
    
        """
    
        if "app" not in request.fixturenames:
            return
    
        app = getfixturevalue(request, "app")
        monkeypatch.setattr(
&gt;           app, "response_class", _make_test_response_class(app.response_class)
        )
E       AttributeError: 'FastAPI' object has no attribute 'response_class'

C:\Users\deois\AppData\Local\Programs\Python\Python312\Lib\site-packages\pytest_flask\plugin.py:77: AttributeError</error></testcase><testcase classname="whitelabel-rag.tests.integration.test_document_ingestion.TestDocumentIngestion" name="test_invalid_file_type_rejection" time="0.039"><error message="failed on setup with &quot;AttributeError: 'FastAPI' object has no attribute 'response_class'&quot;">request = &lt;SubRequest '_monkeypatch_response_class' for &lt;Function test_invalid_file_type_rejection&gt;&gt;
monkeypatch = &lt;_pytest.monkeypatch.MonkeyPatch object at 0x0000023EA3993470&gt;

    @pytest.fixture(autouse=True)
    def _monkeypatch_response_class(request, monkeypatch):
        """Set custom response class before test suite and restore the original
        after. Custom response has `json` property to easily test JSON responses::
    
            @app.route('/ping')
            def ping():
                return jsonify(ping='pong')
    
            def test_json(client):
                res = client.get(url_for('ping'))
                assert res.json == {'ping': 'pong'}
    
        """
    
        if "app" not in request.fixturenames:
            return
    
        app = getfixturevalue(request, "app")
        monkeypatch.setattr(
&gt;           app, "response_class", _make_test_response_class(app.response_class)
        )
E       AttributeError: 'FastAPI' object has no attribute 'response_class'

C:\Users\deois\AppData\Local\Programs\Python\Python312\Lib\site-packages\pytest_flask\plugin.py:77: AttributeError</error></testcase><testcase classname="whitelabel-rag.tests.integration.test_document_ingestion.TestDocumentIngestion" name="test_empty_file_rejection" time="0.159"><error message="failed on setup with &quot;AttributeError: 'FastAPI' object has no attribute 'response_class'&quot;">request = &lt;SubRequest '_monkeypatch_response_class' for &lt;Function test_empty_file_rejection&gt;&gt;
monkeypatch = &lt;_pytest.monkeypatch.MonkeyPatch object at 0x0000023EA39A2CC0&gt;

    @pytest.fixture(autouse=True)
    def _monkeypatch_response_class(request, monkeypatch):
        """Set custom response class before test suite and restore the original
        after. Custom response has `json` property to easily test JSON responses::
    
            @app.route('/ping')
            def ping():
                return jsonify(ping='pong')
    
            def test_json(client):
                res = client.get(url_for('ping'))
                assert res.json == {'ping': 'pong'}
    
        """
    
        if "app" not in request.fixturenames:
            return
    
        app = getfixturevalue(request, "app")
        monkeypatch.setattr(
&gt;           app, "response_class", _make_test_response_class(app.response_class)
        )
E       AttributeError: 'FastAPI' object has no attribute 'response_class'

C:\Users\deois\AppData\Local\Programs\Python\Python312\Lib\site-packages\pytest_flask\plugin.py:77: AttributeError</error></testcase><testcase classname="whitelabel-rag.tests.rag.test_rag_workflows.TestRAGWorkflows" name="test_basic_rag_workflow" time="0.045"><failure message="AttributeError: &lt;module 'app.services.rag_manager' from 'E:\\2024 RESET\\dvoid\\whitelabel-rag\\app\\services\\rag_manager.py'&gt; does not have the attribute 'LLMFactory'">args = (&lt;tests.rag.test_rag_workflows.TestRAGWorkflows object at 0x0000023E95CEB5C0&gt;,)
keywargs = {'mock_chroma_service': &lt;MagicMock id='2468055812816'&gt;, 'mock_llm': &lt;MagicMock id='2468055699760'&gt;, 'mock_sba_service': &lt;MagicMock id='2468056001248'&gt;}

    @wraps(func)
    def patched(*args, **keywargs):
&gt;       with self.decoration_helper(patched,
                                    args,
                                    keywargs) as (newargs, newkeywargs):

C:\Users\deois\AppData\Local\Programs\Python\Python312\Lib\unittest\mock.py:1390: 
_ _ _ _ _ _ _ _ _ _ _ _ _ _ _ _ _ _ _ _ _ _ _ _ _ _ _ _ _ _ _ _ _ _ _ _ _ _ _ _ _ _ _ _ _ _ _ _
C:\Users\deois\AppData\Local\Programs\Python\Python312\Lib\contextlib.py:137: in __enter__
    return next(self.gen)
C:\Users\deois\AppData\Local\Programs\Python\Python312\Lib\unittest\mock.py:1372: in decoration_helper
    arg = exit_stack.enter_context(patching)
C:\Users\deois\AppData\Local\Programs\Python\Python312\Lib\contextlib.py:526: in enter_context
    result = _enter(cm)
C:\Users\deois\AppData\Local\Programs\Python\Python312\Lib\unittest\mock.py:1461: in __enter__
    original, local = self.get_original()
_ _ _ _ _ _ _ _ _ _ _ _ _ _ _ _ _ _ _ _ _ _ _ _ _ _ _ _ _ _ _ _ _ _ _ _ _ _ _ _ _ _ _ _ _ _ _ _

self = &lt;unittest.mock._patch object at 0x0000023E95CC0410&gt;

    def get_original(self):
        target = self.getter()
        name = self.attribute
    
        original = DEFAULT
        local = False
    
        try:
            original = target.__dict__[name]
        except (AttributeError, KeyError):
            original = getattr(target, name, DEFAULT)
        else:
            local = True
    
        if name in _builtins and isinstance(target, ModuleType):
            self.create = True
    
        if not self.create and original is DEFAULT:
&gt;           raise AttributeError(
                "%s does not have the attribute %r" % (target, name)
            )
E           AttributeError: &lt;module 'app.services.rag_manager' from 'E:\\2024 RESET\\dvoid\\whitelabel-rag\\app\\services\\rag_manager.py'&gt; does not have the attribute 'LLMFactory'

C:\Users\deois\AppData\Local\Programs\Python\Python312\Lib\unittest\mock.py:1434: AttributeError</failure></testcase><testcase classname="whitelabel-rag.tests.rag.test_rag_workflows.TestRAGWorkflows" name="test_advanced_rag_workflow" time="0.019"><failure message="AttributeError: &lt;module 'app.services.rag_manager' from 'E:\\2024 RESET\\dvoid\\whitelabel-rag\\app\\services\\rag_manager.py'&gt; does not have the attribute 'LLMFactory'">args = (&lt;tests.rag.test_rag_workflows.TestRAGWorkflows object at 0x0000023E95CEBBF0&gt;,)
keywargs = {'mock_chroma_service': &lt;MagicMock id='2468055701392'&gt;, 'mock_llm': &lt;MagicMock id='2468055729792'&gt;, 'mock_sba_service': &lt;MagicMock id='2468055734064'&gt;}

    @wraps(func)
    def patched(*args, **keywargs):
&gt;       with self.decoration_helper(patched,
                                    args,
                                    keywargs) as (newargs, newkeywargs):

C:\Users\deois\AppData\Local\Programs\Python\Python312\Lib\unittest\mock.py:1390: 
_ _ _ _ _ _ _ _ _ _ _ _ _ _ _ _ _ _ _ _ _ _ _ _ _ _ _ _ _ _ _ _ _ _ _ _ _ _ _ _ _ _ _ _ _ _ _ _
C:\Users\deois\AppData\Local\Programs\Python\Python312\Lib\contextlib.py:137: in __enter__
    return next(self.gen)
C:\Users\deois\AppData\Local\Programs\Python\Python312\Lib\unittest\mock.py:1372: in decoration_helper
    arg = exit_stack.enter_context(patching)
C:\Users\deois\AppData\Local\Programs\Python\Python312\Lib\contextlib.py:526: in enter_context
    result = _enter(cm)
C:\Users\deois\AppData\Local\Programs\Python\Python312\Lib\unittest\mock.py:1461: in __enter__
    original, local = self.get_original()
_ _ _ _ _ _ _ _ _ _ _ _ _ _ _ _ _ _ _ _ _ _ _ _ _ _ _ _ _ _ _ _ _ _ _ _ _ _ _ _ _ _ _ _ _ _ _ _

self = &lt;unittest.mock._patch object at 0x0000023E95CEAC30&gt;

    def get_original(self):
        target = self.getter()
        name = self.attribute
    
        original = DEFAULT
        local = False
    
        try:
            original = target.__dict__[name]
        except (AttributeError, KeyError):
            original = getattr(target, name, DEFAULT)
        else:
            local = True
    
        if name in _builtins and isinstance(target, ModuleType):
            self.create = True
    
        if not self.create and original is DEFAULT:
&gt;           raise AttributeError(
                "%s does not have the attribute %r" % (target, name)
            )
E           AttributeError: &lt;module 'app.services.rag_manager' from 'E:\\2024 RESET\\dvoid\\whitelabel-rag\\app\\services\\rag_manager.py'&gt; does not have the attribute 'LLMFactory'

C:\Users\deois\AppData\Local\Programs\Python\Python312\Lib\unittest\mock.py:1434: AttributeError</failure></testcase><testcase classname="whitelabel-rag.tests.rag.test_rag_workflows.TestRAGWorkflows" name="test_recursive_rag_workflow" time="0.014"><failure message="AttributeError: &lt;module 'app.services.rag_manager' from 'E:\\2024 RESET\\dvoid\\whitelabel-rag\\app\\services\\rag_manager.py'&gt; does not have the attribute 'LLMFactory'">args = (&lt;tests.rag.test_rag_workflows.TestRAGWorkflows object at 0x0000023E95CEBF20&gt;,)
keywargs = {'mock_chroma_service': &lt;MagicMock id='2468055745024'&gt;, 'mock_llm': &lt;MagicMock id='2468055361936'&gt;, 'mock_sba_service': &lt;MagicMock id='2468055353392'&gt;}

    @wraps(func)
    def patched(*args, **keywargs):
&gt;       with self.decoration_helper(patched,
                                    args,
                                    keywargs) as (newargs, newkeywargs):

C:\Users\deois\AppData\Local\Programs\Python\Python312\Lib\unittest\mock.py:1390: 
_ _ _ _ _ _ _ _ _ _ _ _ _ _ _ _ _ _ _ _ _ _ _ _ _ _ _ _ _ _ _ _ _ _ _ _ _ _ _ _ _ _ _ _ _ _ _ _
C:\Users\deois\AppData\Local\Programs\Python\Python312\Lib\contextlib.py:137: in __enter__
    return next(self.gen)
C:\Users\deois\AppData\Local\Programs\Python\Python312\Lib\unittest\mock.py:1372: in decoration_helper
    arg = exit_stack.enter_context(patching)
C:\Users\deois\AppData\Local\Programs\Python\Python312\Lib\contextlib.py:526: in enter_context
    result = _enter(cm)
C:\Users\deois\AppData\Local\Programs\Python\Python312\Lib\unittest\mock.py:1461: in __enter__
    original, local = self.get_original()
_ _ _ _ _ _ _ _ _ _ _ _ _ _ _ _ _ _ _ _ _ _ _ _ _ _ _ _ _ _ _ _ _ _ _ _ _ _ _ _ _ _ _ _ _ _ _ _

self = &lt;unittest.mock._patch object at 0x0000023E95CEAA20&gt;

    def get_original(self):
        target = self.getter()
        name = self.attribute
    
        original = DEFAULT
        local = False
    
        try:
            original = target.__dict__[name]
        except (AttributeError, KeyError):
            original = getattr(target, name, DEFAULT)
        else:
            local = True
    
        if name in _builtins and isinstance(target, ModuleType):
            self.create = True
    
        if not self.create and original is DEFAULT:
&gt;           raise AttributeError(
                "%s does not have the attribute %r" % (target, name)
            )
E           AttributeError: &lt;module 'app.services.rag_manager' from 'E:\\2024 RESET\\dvoid\\whitelabel-rag\\app\\services\\rag_manager.py'&gt; does not have the attribute 'LLMFactory'

C:\Users\deois\AppData\Local\Programs\Python\Python312\Lib\unittest\mock.py:1434: AttributeError</failure></testcase><testcase classname="whitelabel-rag.tests.rag.test_rag_workflows.TestRAGWorkflows" name="test_adaptive_rag_workflow" time="0.015"><failure message="AttributeError: &lt;module 'app.services.rag_manager' from 'E:\\2024 RESET\\dvoid\\whitelabel-rag\\app\\services\\rag_manager.py'&gt; does not have the attribute 'LLMFactory'">args = (&lt;tests.rag.test_rag_workflows.TestRAGWorkflows object at 0x0000023EA1280290&gt;,)
keywargs = {'mock_chroma_service': &lt;MagicMock id='2468056229184'&gt;, 'mock_llm': &lt;MagicMock id='2468056540336'&gt;, 'mock_sba_service': &lt;MagicMock id='2468056532848'&gt;}

    @wraps(func)
    def patched(*args, **keywargs):
&gt;       with self.decoration_helper(patched,
                                    args,
                                    keywargs) as (newargs, newkeywargs):

C:\Users\deois\AppData\Local\Programs\Python\Python312\Lib\unittest\mock.py:1390: 
_ _ _ _ _ _ _ _ _ _ _ _ _ _ _ _ _ _ _ _ _ _ _ _ _ _ _ _ _ _ _ _ _ _ _ _ _ _ _ _ _ _ _ _ _ _ _ _
C:\Users\deois\AppData\Local\Programs\Python\Python312\Lib\contextlib.py:137: in __enter__
    return next(self.gen)
C:\Users\deois\AppData\Local\Programs\Python\Python312\Lib\unittest\mock.py:1372: in decoration_helper
    arg = exit_stack.enter_context(patching)
C:\Users\deois\AppData\Local\Programs\Python\Python312\Lib\contextlib.py:526: in enter_context
    result = _enter(cm)
C:\Users\deois\AppData\Local\Programs\Python\Python312\Lib\unittest\mock.py:1461: in __enter__
    original, local = self.get_original()
_ _ _ _ _ _ _ _ _ _ _ _ _ _ _ _ _ _ _ _ _ _ _ _ _ _ _ _ _ _ _ _ _ _ _ _ _ _ _ _ _ _ _ _ _ _ _ _

self = &lt;unittest.mock._patch object at 0x0000023E95CEB0B0&gt;

    def get_original(self):
        target = self.getter()
        name = self.attribute
    
        original = DEFAULT
        local = False
    
        try:
            original = target.__dict__[name]
        except (AttributeError, KeyError):
            original = getattr(target, name, DEFAULT)
        else:
            local = True
    
        if name in _builtins and isinstance(target, ModuleType):
            self.create = True
    
        if not self.create and original is DEFAULT:
&gt;           raise AttributeError(
                "%s does not have the attribute %r" % (target, name)
            )
E           AttributeError: &lt;module 'app.services.rag_manager' from 'E:\\2024 RESET\\dvoid\\whitelabel-rag\\app\\services\\rag_manager.py'&gt; does not have the attribute 'LLMFactory'

C:\Users\deois\AppData\Local\Programs\Python\Python312\Lib\unittest\mock.py:1434: AttributeError</failure></testcase><testcase classname="whitelabel-rag.tests.test_api" name="test_health_check" time="0.016"><error message="failed on setup with &quot;TypeError: create_app() takes 0 positional arguments but 1 was given&quot;">@pytest.fixture
    def client():
&gt;       app = create_app({'TESTING': True})
E       TypeError: create_app() takes 0 positional arguments but 1 was given

whitelabel-rag\tests\test_api.py:6: TypeError</error></testcase><testcase classname="whitelabel-rag.tests.test_api" name="test_decompose_endpoint" time="0.006"><error message="failed on setup with &quot;TypeError: create_app() takes 0 positional arguments but 1 was given&quot;">@pytest.fixture
    def client():
&gt;       app = create_app({'TESTING': True})
E       TypeError: create_app() takes 0 positional arguments but 1 was given

whitelabel-rag\tests\test_api.py:6: TypeError</error></testcase><testcase classname="whitelabel-rag.tests.test_api_decompose" name="test_decompose" time="0.069"><failure message="AttributeError: 'FastAPI' object has no attribute 'config'">def test_decompose():
        app = create_app()
&gt;       app.config['TESTING'] = True
E       AttributeError: 'FastAPI' object has no attribute 'config'

whitelabel-rag\tests\test_api_decompose.py:6: AttributeError</failure></testcase><testcase classname="whitelabel-rag.tests.test_api_edge_cases" name="test_execute_task_with_missing_fields" time="8.244"><failure message="assert 500 == 400&#10; +  where 500 = &lt;Response [500 Internal Server Error]&gt;.status_code">client = &lt;starlette.testclient.TestClient object at 0x0000023EA395D550&gt;

    def test_execute_task_with_missing_fields(client):
        # Missing suggested_agent_type
        task = {
            'task': {
                'instruction': 'Do something',
                'step_number': 1
            }
        }
        response = client.post('/api/execute', json=task)
&gt;       assert response.status_code == 400
E       assert 500 == 400
E        +  where 500 = &lt;Response [500 Internal Server Error]&gt;.status_code

whitelabel-rag\tests\test_api_edge_cases.py:23: AssertionError</failure></testcase><testcase classname="whitelabel-rag.tests.test_api_edge_cases" name="test_upload_file_invalid_content_type" time="0.174"><failure message="assert 422 == 400&#10; +  where 422 = &lt;Response [422 Unprocessable Entity]&gt;.status_code">client = &lt;starlette.testclient.TestClient object at 0x0000023EA3990920&gt;

    def test_upload_file_invalid_content_type(client):
        data = {
            'file': (io.BytesIO(b'test content'), 'test.txt')
        }
        # Missing content_type
        response = client.post('/api/files', data=data)
&gt;       assert response.status_code == 400
E       assert 422 == 400
E        +  where 422 = &lt;Response [422 Unprocessable Entity]&gt;.status_code

whitelabel-rag\tests\test_api_edge_cases.py:33: AssertionError</failure></testcase><testcase classname="whitelabel-rag.tests.test_api_edge_cases" name="test_query_documents_empty_query" time="0.099"><failure message="assert 500 == 400&#10; +  where 500 = &lt;Response [500 Internal Server Error]&gt;.status_code">client = &lt;starlette.testclient.TestClient object at 0x0000023EA3A7A7B0&gt;

    def test_query_documents_empty_query(client):
        response = client.post('/api/query', json={'query': ''})
&gt;       assert response.status_code == 400
E       assert 500 == 400
E        +  where 500 = &lt;Response [500 Internal Server Error]&gt;.status_code

whitelabel-rag\tests\test_api_edge_cases.py:37: AssertionError</failure></testcase><testcase classname="whitelabel-rag.tests.test_api_edge_cases" name="test_validate_result_missing_task" time="0.069"><failure message="assert 500 == 400&#10; +  where 500 = &lt;Response [500 Internal Server Error]&gt;.status_code">client = &lt;starlette.testclient.TestClient object at 0x0000023EA399D550&gt;

    def test_validate_result_missing_task(client):
        payload = {
            'result': 'Some result'
        }
        response = client.post('/api/validate', json=payload)
&gt;       assert response.status_code == 400
E       assert 500 == 400
E        +  where 500 = &lt;Response [500 Internal Server Error]&gt;.status_code

whitelabel-rag\tests\test_api_edge_cases.py:46: AssertionError</failure></testcase><testcase classname="whitelabel-rag.tests.test_api_endpoints" name="test_decompose_task" time="0.035"><error message="failed on setup with &quot;ImportError: cannot import name 'api_bp' from 'app.api.routes' (E:\2024 RESET\dvoid\whitelabel-rag\app\api\routes.py)&quot;">@pytest.fixture
    def client():
        """Create a test client for the application."""
&gt;       from app.api.routes import api_bp
E       ImportError: cannot import name 'api_bp' from 'app.api.routes' (E:\2024 RESET\dvoid\whitelabel-rag\app\api\routes.py)

whitelabel-rag\tests\test_api_endpoints.py:40: ImportError</error></testcase><testcase classname="whitelabel-rag.tests.test_api_endpoints" name="test_execute_task_with_unknown_agent" time="0.019"><error message="failed on setup with &quot;ImportError: cannot import name 'api_bp' from 'app.api.routes' (E:\2024 RESET\dvoid\whitelabel-rag\app\api\routes.py)&quot;">@pytest.fixture
    def client():
        """Create a test client for the application."""
&gt;       from app.api.routes import api_bp
E       ImportError: cannot import name 'api_bp' from 'app.api.routes' (E:\2024 RESET\dvoid\whitelabel-rag\app\api\routes.py)

whitelabel-rag\tests\test_api_endpoints.py:40: ImportError</error></testcase><testcase classname="whitelabel-rag.tests.test_api_endpoints" name="test_execute_task_with_search_agent" time="0.008"><error message="failed on setup with &quot;ImportError: cannot import name 'api_bp' from 'app.api.routes' (E:\2024 RESET\dvoid\whitelabel-rag\app\api\routes.py)&quot;">@pytest.fixture
    def client():
        """Create a test client for the application."""
&gt;       from app.api.routes import api_bp
E       ImportError: cannot import name 'api_bp' from 'app.api.routes' (E:\2024 RESET\dvoid\whitelabel-rag\app\api\routes.py)

whitelabel-rag\tests\test_api_endpoints.py:40: ImportError</error></testcase><testcase classname="whitelabel-rag.tests.test_api_endpoints" name="test_validate_result_pass" time="0.008"><error message="failed on setup with &quot;ImportError: cannot import name 'api_bp' from 'app.api.routes' (E:\2024 RESET\dvoid\whitelabel-rag\app\api\routes.py)&quot;">@pytest.fixture
    def client():
        """Create a test client for the application."""
&gt;       from app.api.routes import api_bp
E       ImportError: cannot import name 'api_bp' from 'app.api.routes' (E:\2024 RESET\dvoid\whitelabel-rag\app\api\routes.py)

whitelabel-rag\tests\test_api_endpoints.py:40: ImportError</error></testcase><testcase classname="whitelabel-rag.tests.test_api_endpoints" name="test_validate_result_fail" time="0.012"><error message="failed on setup with &quot;ImportError: cannot import name 'api_bp' from 'app.api.routes' (E:\2024 RESET\dvoid\whitelabel-rag\app\api\routes.py)&quot;">@pytest.fixture
    def client():
        """Create a test client for the application."""
&gt;       from app.api.routes import api_bp
E       ImportError: cannot import name 'api_bp' from 'app.api.routes' (E:\2024 RESET\dvoid\whitelabel-rag\app\api\routes.py)

whitelabel-rag\tests\test_api_endpoints.py:40: ImportError</error></testcase><testcase classname="whitelabel-rag.tests.test_api_endpoints" name="test_list_files_empty" time="0.053"><error message="failed on setup with &quot;ImportError: cannot import name 'api_bp' from 'app.api.routes' (E:\2024 RESET\dvoid\whitelabel-rag\app\api\routes.py)&quot;">@pytest.fixture
    def client():
        """Create a test client for the application."""
&gt;       from app.api.routes import api_bp
E       ImportError: cannot import name 'api_bp' from 'app.api.routes' (E:\2024 RESET\dvoid\whitelabel-rag\app\api\routes.py)

whitelabel-rag\tests\test_api_endpoints.py:40: ImportError</error></testcase><testcase classname="whitelabel-rag.tests.test_api_endpoints" name="test_upload_file_no_file" time="0.021"><error message="failed on setup with &quot;ImportError: cannot import name 'api_bp' from 'app.api.routes' (E:\2024 RESET\dvoid\whitelabel-rag\app\api\routes.py)&quot;">@pytest.fixture
    def client():
        """Create a test client for the application."""
&gt;       from app.api.routes import api_bp
E       ImportError: cannot import name 'api_bp' from 'app.api.routes' (E:\2024 RESET\dvoid\whitelabel-rag\app\api\routes.py)

whitelabel-rag\tests\test_api_endpoints.py:40: ImportError</error></testcase><testcase classname="whitelabel-rag.tests.test_api_endpoints" name="test_query_documents_missing_query" time="0.014"><error message="failed on setup with &quot;ImportError: cannot import name 'api_bp' from 'app.api.routes' (E:\2024 RESET\dvoid\whitelabel-rag\app\api\routes.py)&quot;">@pytest.fixture
    def client():
        """Create a test client for the application."""
&gt;       from app.api.routes import api_bp
E       ImportError: cannot import name 'api_bp' from 'app.api.routes' (E:\2024 RESET\dvoid\whitelabel-rag\app\api\routes.py)

whitelabel-rag\tests\test_api_endpoints.py:40: ImportError</error></testcase><testcase classname="whitelabel-rag.tests.test_api_endpoints" name="test_query_documents_success" time="0.051"><error message="failed on setup with &quot;ImportError: cannot import name 'api_bp' from 'app.api.routes' (E:\2024 RESET\dvoid\whitelabel-rag\app\api\routes.py)&quot;">@pytest.fixture
    def client():
        """Create a test client for the application."""
&gt;       from app.api.routes import api_bp
E       ImportError: cannot import name 'api_bp' from 'app.api.routes' (E:\2024 RESET\dvoid\whitelabel-rag\app\api\routes.py)

whitelabel-rag\tests\test_api_endpoints.py:40: ImportError</error></testcase><testcase classname="whitelabel-rag.tests.test_api_endpoints" name="test_upload_file_success" time="0.010"><error message="failed on setup with &quot;ImportError: cannot import name 'api_bp' from 'app.api.routes' (E:\2024 RESET\dvoid\whitelabel-rag\app\api\routes.py)&quot;">@pytest.fixture
    def client():
        """Create a test client for the application."""
&gt;       from app.api.routes import api_bp
E       ImportError: cannot import name 'api_bp' from 'app.api.routes' (E:\2024 RESET\dvoid\whitelabel-rag\app\api\routes.py)

whitelabel-rag\tests\test_api_endpoints.py:40: ImportError</error></testcase><testcase classname="whitelabel-rag.tests.test_api_endpoints" name="test_upload_and_ingest_document" time="0.033"><error message="failed on setup with &quot;ImportError: cannot import name 'api_bp' from 'app.api.routes' (E:\2024 RESET\dvoid\whitelabel-rag\app\api\routes.py)&quot;">@pytest.fixture
    def client():
        """Create a test client for the application."""
&gt;       from app.api.routes import api_bp
E       ImportError: cannot import name 'api_bp' from 'app.api.routes' (E:\2024 RESET\dvoid\whitelabel-rag\app\api\routes.py)

whitelabel-rag\tests\test_api_endpoints.py:40: ImportError</error></testcase><testcase classname="whitelabel-rag.tests.test_api_endpoints" name="test_docker_entrypoint_exists" time="0.018"><failure message="AssertionError: docker-entrypoint.sh does not start with shebang (starts with: )&#10;assert False&#10; +  where False = &lt;built-in method startswith of str object at 0x00007FFDCA505D00&gt;('#!/')&#10; +    where &lt;built-in method startswith of str object at 0x00007FFDCA505D00&gt; = ''.startswith">def test_docker_entrypoint_exists():
        """Test that the Docker entrypoint script exists and has correct permissions."""
        # Get the project root directory
        project_root = os.path.dirname(os.path.dirname(__file__))
    
        # Use the correct path to docker-entrypoint.sh
        # First try the standard path at project root
        entrypoint_path = os.path.join(project_root, 'docker-entrypoint.sh')
    
        # If not found, try the alternative path
        if not os.path.exists(entrypoint_path):
            # Try path from working directory
            alt_path = os.path.join(os.getcwd(), 'whitelabel-rag', 'docker-entrypoint.sh')
            if os.path.exists(alt_path):
                entrypoint_path = alt_path
    
        # Check if the file exists
        assert os.path.exists(entrypoint_path), "docker-entrypoint.sh does not exist at expected locations"
    
        # Log the found path for debugging
        print(f"Found docker-entrypoint.sh at: {entrypoint_path}")
    
        # Check if the file is executable
        assert os.access(entrypoint_path, os.X_OK), "docker-entrypoint.sh is not executable"
    
        # Check for Windows-style line endings which can cause issues in Linux
        with open(entrypoint_path, 'rb') as f:
            content = f.read()
            assert b'\r\n' not in content, "docker-entrypoint.sh contains Windows line endings"
    
        # Verify the file starts with a shebang
        with open(entrypoint_path, 'r') as f:
            first_line = f.readline().strip()
&gt;           assert first_line.startswith('#!/'), f"docker-entrypoint.sh does not start with shebang (starts with: {first_line})"
E           AssertionError: docker-entrypoint.sh does not start with shebang (starts with: )
E           assert False
E            +  where False = &lt;built-in method startswith of str object at 0x00007FFDCA505D00&gt;('#!/')
E            +    where &lt;built-in method startswith of str object at 0x00007FFDCA505D00&gt; = ''.startswith

whitelabel-rag\tests\test_api_endpoints.py:248: AssertionError</failure></testcase><testcase classname="whitelabel-rag.tests.test_api_endpoints" name="test_docker_build_validation" time="0.012"><skipped type="pytest.skip" message="Skipping Docker build test in non-CI environment">E:\2024 RESET\dvoid\whitelabel-rag\tests\test_api_endpoints.py:254: Skipping Docker build test in non-CI environment</skipped></testcase><testcase classname="whitelabel-rag.tests.test_api_endpoints" name="test_browser_accessibility" time="0.020"><skipped type="pytest.skip" message="Skipping browser accessibility test in non-debug mode">E:\2024 RESET\dvoid\whitelabel-rag\tests\test_api_endpoints.py:282: Skipping browser accessibility test in non-debug mode</skipped></testcase><testcase classname="whitelabel-rag.tests.test_api_endpoints" name="test_docker_startup_file_routes" time="0.050"><failure message="UnicodeEncodeError: 'charmap' codec can't encode character '\U0001f6a8' in position 99: character maps to &lt;undefined&gt;">def test_docker_startup_file_routes():
        """Verify all file routes used during Docker container startup process."""
        # Get the project root directory
        project_root = os.path.dirname(os.path.dirname(__file__))
    
        # 1. Check Dockerfile paths and fix entrypoint issues
        dockerfile_path = os.path.join(project_root, 'Dockerfile')
        assert os.path.exists(dockerfile_path), "Dockerfile not found"
    
        # Read and analyze Dockerfile
        with open(dockerfile_path, 'r') as f:
            dockerfile_content = f.read()
    
        # URGENT DOCKER ENTRYPOINT FIX: Create inline script in Dockerfile
        print("#x1F6A8 URGENT FIX: Creating inline entrypoint script in Dockerfile to resolve missing file error")
    
        # Create a simpler but more robust emergency script
        emergency_script = """#!/bin/bash
    # Emergency entrypoint script to fix 'no such file or directory' error
    set -e
    echo "#x1F6A8 WhiteLabelRAG Emergency Entrypoint Script"
    echo "#x1F4CB Running at: $(date)"
    echo "#x1F4C1 Current directory: $(pwd)"
    
    # Create required directories
    mkdir -p /app/uploads /app/chromadb_data /app/logs
    chmod 755 /app/uploads /app/chromadb_data /app/logs
    
    # Start Flask application
    export FLASK_APP=run.py
    export FLASK_RUN_HOST=0.0.0.0
    export FLASK_ENV=production
    echo "#x1F680 Starting Flask application on 0.0.0.0:5000..."
    exec python -m flask run --host=0.0.0.0 --port=5000
    """
    
        # Write emergency script to disk
        with open(os.path.join(project_root, 'docker-entrypoint.sh'), 'w') as f:
&gt;           f.write(emergency_script)

whitelabel-rag\tests\test_api_endpoints.py:386: 
_ _ _ _ _ _ _ _ _ _ _ _ _ _ _ _ _ _ _ _ _ _ _ _ _ _ _ _ _ _ _ _ _ _ _ _ _ _ _ _ _ _ _ _ _ _ _ _

self = &lt;encodings.cp1252.IncrementalEncoder object at 0x0000023EA3A5D880&gt;
input = '#!/bin/bash\r\n# Emergency entrypoint script to fix \'no such file or directory\' error\r\nset -e\r\necho "#x1F6A8 WhiteLab...n\r\necho "#x1F680 Starting Flask application on 0.0.0.0:5000..."\r\nexec python -m flask run --host=0.0.0.0 --port=5000\r\n'
final = False

    def encode(self, input, final=False):
&gt;       return codecs.charmap_encode(input,self.errors,encoding_table)[0]
E       UnicodeEncodeError: 'charmap' codec can't encode character '\U0001f6a8' in position 99: character maps to &lt;undefined&gt;

C:\Users\deois\AppData\Local\Programs\Python\Python312\Lib\encodings\cp1252.py:19: UnicodeEncodeError</failure></testcase><testcase classname="whitelabel-rag.tests.test_api_endpoints" name="test_docker_entrypoint_path_verification" time="0.335"><failure message="AssertionError: No COPY statement for docker-entrypoint.sh found in Dockerfile&#10;assert []">def test_docker_entrypoint_path_verification():
        """Verify Docker entrypoint file paths match what's specified in Dockerfile."""
        # Skip this test if Docker is not available
        try:
            subprocess.run(['docker', '--version'], check=True, capture_output=True)
        except (FileNotFoundError, subprocess.CalledProcessError):
            pytest.skip("Docker not available. Skipping Docker path verification test")
    
        # Get the project root directory
        project_root = os.path.dirname(os.path.dirname(__file__))
    
        # Path to Dockerfile
        dockerfile_path = os.path.join(project_root, 'Dockerfile')
        assert os.path.exists(dockerfile_path), "Dockerfile not found"
    
        # Read Dockerfile to extract entrypoint path
        with open(dockerfile_path, 'r') as f:
            dockerfile_content = f.read()
    
        # Check for COPY statements for entrypoint script
        copy_statements = []
        for line in dockerfile_content.splitlines():
            if line.strip().startswith('COPY') and 'docker-entrypoint.sh' in line:
                copy_statements.append(line.strip())
    
&gt;       assert copy_statements, "No COPY statement for docker-entrypoint.sh found in Dockerfile"
E       AssertionError: No COPY statement for docker-entrypoint.sh found in Dockerfile
E       assert []

whitelabel-rag\tests\test_api_endpoints.py:531: AssertionError</failure></testcase><testcase classname="whitelabel-rag.tests.test_api_execute" name="test_execute" time="0.071"><failure message="assert 500 in (200, 400)&#10; +  where 500 = &lt;Response [500 Internal Server Error]&gt;.status_code">def test_execute():
        app = create_app()
        client = TestClient(app)
    
        # Minimal valid payload
        response = client.post('/api/execute', json={'step': 'Extract keywords.'})
&gt;       assert response.status_code in (200, 400)  # Accept 400 if not implemented
E       assert 500 in (200, 400)
E        +  where 500 = &lt;Response [500 Internal Server Error]&gt;.status_code

whitelabel-rag\tests\test_api_execute.py:11: AssertionError</failure></testcase><testcase classname="whitelabel-rag.tests.test_api_file_upload" name="test_file_upload" time="0.096"><failure message="TypeError: TestClient.post() got an unexpected keyword argument 'content_type'">tmp_path = WindowsPath('C:/Users/deois/AppData/Local/Temp/pytest-of-deois/pytest-30/test_file_upload1')

    def test_file_upload(tmp_path):
        app = create_app()
        client = TestClient(app)
    
        data = {
            'file': (io.BytesIO(b"Hello world!"), 'test.txt')
        }
&gt;       response = client.post('/api/files', data=data, content_type='multipart/form-data')
E       TypeError: TestClient.post() got an unexpected keyword argument 'content_type'

whitelabel-rag\tests\test_api_file_upload.py:14: TypeError</failure></testcase><testcase classname="whitelabel-rag.tests.test_api_query" name="test_query_documents" time="0.085"><failure message="assert 500 == 200&#10; +  where 500 = &lt;Response [500 Internal Server Error]&gt;.status_code">def test_query_documents():
        app = create_app()
        client = TestClient(app)
    
        # Query with no documents should return empty results
        response = client.post('/api/query', json={'query': 'test'})
&gt;       assert response.status_code == 200
E       assert 500 == 200
E        +  where 500 = &lt;Response [500 Internal Server Error]&gt;.status_code

whitelabel-rag\tests\test_api_query.py:11: AssertionError</failure></testcase><testcase classname="whitelabel-rag.tests.test_api_routes" name="test_health_endpoint" time="0.035" /><testcase classname="whitelabel-rag.tests.test_api_validate" name="test_validate" time="0.072"><failure message="AttributeError: 'FastAPI' object has no attribute 'config'">def test_validate():
        app = create_app()
&gt;       app.config['TESTING'] = True
E       AttributeError: 'FastAPI' object has no attribute 'config'

whitelabel-rag\tests\test_api_validate.py:6: AttributeError</failure></testcase><testcase classname="whitelabel-rag.tests.test_concierge" name="test_handle_message_simple_query" time="0.014"><error message="failed on setup with &quot;file E:\2024 RESET\dvoid\whitelabel-rag\tests\test_concierge.py, line 13&#10;  def test_handle_message_simple_query(concierge):&#10;file E:\2024 RESET\dvoid\whitelabel-rag\tests\test_concierge.py, line 5&#10;  @pytest.fixture&#10;  def concierge(mock_rag_manager, mock_conversation_store, mock_llm_factory, mock_chroma_service):&#10;E       fixture 'mock_rag_manager' not found&#10;&gt;       available fixtures: _configure_application, _monkeypatch_response_class, _push_request_context, _session_event_loop, _session_faker, accept_any, accept_json, accept_jsonp, accept_mimetype, anyio_backend, anyio_backend_name, anyio_backend_options, app, cache, capfd, capfdbinary, caplog, capsys, capsysbinary, class_mocker, client, client_class, concierge, config, cov, doctest_namespace, event_loop, event_loop_policy, faker, free_tcp_port, free_tcp_port_factory, free_udp_port, free_udp_port_factory, httpserver, httpserver_ipv4, httpserver_ipv6, httpserver_listen_address, httpserver_ssl_context, live_server, make_httpserver, make_httpserver_ipv4, make_httpserver_ipv6, mock_chroma_service, mock_llm, mocker, module_mocker, monkeypatch, no_cover, package_mocker, pytestconfig, record_property, record_testsuite_property, record_xml_attribute, recwarn, session_mocker, set_test_env_vars, temp_pdf, test_environment, tmp_path, tmp_path_factory, tmpdir, tmpdir_factory, unused_tcp_port, unused_tcp_port_factory, unused_udp_port, unused_udp_port_factory, whitelabel-rag/Lib/site-packages/pip/_vendor/urllib3/packages/ssl_match_hostname::&lt;event_loop&gt;, whitelabel-rag/tests/test_concierge.py::&lt;event_loop&gt;&#10;&gt;       use 'pytest --fixtures [testpath]' for help on them.&#10;&#10;E:\2024 RESET\dvoid\whitelabel-rag\tests\test_concierge.py:5&quot;">file E:\2024 RESET\dvoid\whitelabel-rag\tests\test_concierge.py, line 13
  def test_handle_message_simple_query(concierge):
file E:\2024 RESET\dvoid\whitelabel-rag\tests\test_concierge.py, line 5
  @pytest.fixture
  def concierge(mock_rag_manager, mock_conversation_store, mock_llm_factory, mock_chroma_service):
E       fixture 'mock_rag_manager' not found
&gt;       available fixtures: _configure_application, _monkeypatch_response_class, _push_request_context, _session_event_loop, _session_faker, accept_any, accept_json, accept_jsonp, accept_mimetype, anyio_backend, anyio_backend_name, anyio_backend_options, app, cache, capfd, capfdbinary, caplog, capsys, capsysbinary, class_mocker, client, client_class, concierge, config, cov, doctest_namespace, event_loop, event_loop_policy, faker, free_tcp_port, free_tcp_port_factory, free_udp_port, free_udp_port_factory, httpserver, httpserver_ipv4, httpserver_ipv6, httpserver_listen_address, httpserver_ssl_context, live_server, make_httpserver, make_httpserver_ipv4, make_httpserver_ipv6, mock_chroma_service, mock_llm, mocker, module_mocker, monkeypatch, no_cover, package_mocker, pytestconfig, record_property, record_testsuite_property, record_xml_attribute, recwarn, session_mocker, set_test_env_vars, temp_pdf, test_environment, tmp_path, tmp_path_factory, tmpdir, tmpdir_factory, unused_tcp_port, unused_tcp_port_factory, unused_udp_port, unused_udp_port_factory, whitelabel-rag/Lib/site-packages/pip/_vendor/urllib3/packages/ssl_match_hostname::&lt;event_loop&gt;, whitelabel-rag/tests/test_concierge.py::&lt;event_loop&gt;
&gt;       use 'pytest --fixtures [testpath]' for help on them.

E:\2024 RESET\dvoid\whitelabel-rag\tests\test_concierge.py:5</error></testcase><testcase classname="whitelabel-rag.tests.test_concierge" name="test_handle_message_document_search" time="0.006"><error message="failed on setup with &quot;file E:\2024 RESET\dvoid\whitelabel-rag\tests\test_concierge.py, line 18&#10;  def test_handle_message_document_search(concierge, mock_rag_manager, mock_llm_factory):&#10;file E:\2024 RESET\dvoid\whitelabel-rag\tests\test_concierge.py, line 5&#10;  @pytest.fixture&#10;  def concierge(mock_rag_manager, mock_conversation_store, mock_llm_factory, mock_chroma_service):&#10;E       fixture 'mock_rag_manager' not found&#10;&gt;       available fixtures: _configure_application, _monkeypatch_response_class, _push_request_context, _session_event_loop, _session_faker, accept_any, accept_json, accept_jsonp, accept_mimetype, anyio_backend, anyio_backend_name, anyio_backend_options, app, cache, capfd, capfdbinary, caplog, capsys, capsysbinary, class_mocker, client, client_class, concierge, config, cov, doctest_namespace, event_loop, event_loop_policy, faker, free_tcp_port, free_tcp_port_factory, free_udp_port, free_udp_port_factory, httpserver, httpserver_ipv4, httpserver_ipv6, httpserver_listen_address, httpserver_ssl_context, live_server, make_httpserver, make_httpserver_ipv4, make_httpserver_ipv6, mock_chroma_service, mock_llm, mocker, module_mocker, monkeypatch, no_cover, package_mocker, pytestconfig, record_property, record_testsuite_property, record_xml_attribute, recwarn, session_mocker, set_test_env_vars, temp_pdf, test_environment, tmp_path, tmp_path_factory, tmpdir, tmpdir_factory, unused_tcp_port, unused_tcp_port_factory, unused_udp_port, unused_udp_port_factory, whitelabel-rag/Lib/site-packages/pip/_vendor/urllib3/packages/ssl_match_hostname::&lt;event_loop&gt;, whitelabel-rag/tests/test_concierge.py::&lt;event_loop&gt;&#10;&gt;       use 'pytest --fixtures [testpath]' for help on them.&#10;&#10;E:\2024 RESET\dvoid\whitelabel-rag\tests\test_concierge.py:5&quot;">file E:\2024 RESET\dvoid\whitelabel-rag\tests\test_concierge.py, line 18
  def test_handle_message_document_search(concierge, mock_rag_manager, mock_llm_factory):
file E:\2024 RESET\dvoid\whitelabel-rag\tests\test_concierge.py, line 5
  @pytest.fixture
  def concierge(mock_rag_manager, mock_conversation_store, mock_llm_factory, mock_chroma_service):
E       fixture 'mock_rag_manager' not found
&gt;       available fixtures: _configure_application, _monkeypatch_response_class, _push_request_context, _session_event_loop, _session_faker, accept_any, accept_json, accept_jsonp, accept_mimetype, anyio_backend, anyio_backend_name, anyio_backend_options, app, cache, capfd, capfdbinary, caplog, capsys, capsysbinary, class_mocker, client, client_class, concierge, config, cov, doctest_namespace, event_loop, event_loop_policy, faker, free_tcp_port, free_tcp_port_factory, free_udp_port, free_udp_port_factory, httpserver, httpserver_ipv4, httpserver_ipv6, httpserver_listen_address, httpserver_ssl_context, live_server, make_httpserver, make_httpserver_ipv4, make_httpserver_ipv6, mock_chroma_service, mock_llm, mocker, module_mocker, monkeypatch, no_cover, package_mocker, pytestconfig, record_property, record_testsuite_property, record_xml_attribute, recwarn, session_mocker, set_test_env_vars, temp_pdf, test_environment, tmp_path, tmp_path_factory, tmpdir, tmpdir_factory, unused_tcp_port, unused_tcp_port_factory, unused_udp_port, unused_udp_port_factory, whitelabel-rag/Lib/site-packages/pip/_vendor/urllib3/packages/ssl_match_hostname::&lt;event_loop&gt;, whitelabel-rag/tests/test_concierge.py::&lt;event_loop&gt;
&gt;       use 'pytest --fixtures [testpath]' for help on them.

E:\2024 RESET\dvoid\whitelabel-rag\tests\test_concierge.py:5</error></testcase><testcase classname="whitelabel-rag.tests.test_concierge" name="test_handle_message_task_request" time="0.007"><error message="failed on setup with &quot;file E:\2024 RESET\dvoid\whitelabel-rag\tests\test_concierge.py, line 26&#10;  def test_handle_message_task_request(concierge, mock_llm_factory):&#10;file E:\2024 RESET\dvoid\whitelabel-rag\tests\test_concierge.py, line 5&#10;  @pytest.fixture&#10;  def concierge(mock_rag_manager, mock_conversation_store, mock_llm_factory, mock_chroma_service):&#10;E       fixture 'mock_rag_manager' not found&#10;&gt;       available fixtures: _configure_application, _monkeypatch_response_class, _push_request_context, _session_event_loop, _session_faker, accept_any, accept_json, accept_jsonp, accept_mimetype, anyio_backend, anyio_backend_name, anyio_backend_options, app, cache, capfd, capfdbinary, caplog, capsys, capsysbinary, class_mocker, client, client_class, concierge, config, cov, doctest_namespace, event_loop, event_loop_policy, faker, free_tcp_port, free_tcp_port_factory, free_udp_port, free_udp_port_factory, httpserver, httpserver_ipv4, httpserver_ipv6, httpserver_listen_address, httpserver_ssl_context, live_server, make_httpserver, make_httpserver_ipv4, make_httpserver_ipv6, mock_chroma_service, mock_llm, mocker, module_mocker, monkeypatch, no_cover, package_mocker, pytestconfig, record_property, record_testsuite_property, record_xml_attribute, recwarn, session_mocker, set_test_env_vars, temp_pdf, test_environment, tmp_path, tmp_path_factory, tmpdir, tmpdir_factory, unused_tcp_port, unused_tcp_port_factory, unused_udp_port, unused_udp_port_factory, whitelabel-rag/Lib/site-packages/pip/_vendor/urllib3/packages/ssl_match_hostname::&lt;event_loop&gt;, whitelabel-rag/tests/test_concierge.py::&lt;event_loop&gt;&#10;&gt;       use 'pytest --fixtures [testpath]' for help on them.&#10;&#10;E:\2024 RESET\dvoid\whitelabel-rag\tests\test_concierge.py:5&quot;">file E:\2024 RESET\dvoid\whitelabel-rag\tests\test_concierge.py, line 26
  def test_handle_message_task_request(concierge, mock_llm_factory):
file E:\2024 RESET\dvoid\whitelabel-rag\tests\test_concierge.py, line 5
  @pytest.fixture
  def concierge(mock_rag_manager, mock_conversation_store, mock_llm_factory, mock_chroma_service):
E       fixture 'mock_rag_manager' not found
&gt;       available fixtures: _configure_application, _monkeypatch_response_class, _push_request_context, _session_event_loop, _session_faker, accept_any, accept_json, accept_jsonp, accept_mimetype, anyio_backend, anyio_backend_name, anyio_backend_options, app, cache, capfd, capfdbinary, caplog, capsys, capsysbinary, class_mocker, client, client_class, concierge, config, cov, doctest_namespace, event_loop, event_loop_policy, faker, free_tcp_port, free_tcp_port_factory, free_udp_port, free_udp_port_factory, httpserver, httpserver_ipv4, httpserver_ipv6, httpserver_listen_address, httpserver_ssl_context, live_server, make_httpserver, make_httpserver_ipv4, make_httpserver_ipv6, mock_chroma_service, mock_llm, mocker, module_mocker, monkeypatch, no_cover, package_mocker, pytestconfig, record_property, record_testsuite_property, record_xml_attribute, recwarn, session_mocker, set_test_env_vars, temp_pdf, test_environment, tmp_path, tmp_path_factory, tmpdir, tmpdir_factory, unused_tcp_port, unused_tcp_port_factory, unused_udp_port, unused_udp_port_factory, whitelabel-rag/Lib/site-packages/pip/_vendor/urllib3/packages/ssl_match_hostname::&lt;event_loop&gt;, whitelabel-rag/tests/test_concierge.py::&lt;event_loop&gt;
&gt;       use 'pytest --fixtures [testpath]' for help on them.

E:\2024 RESET\dvoid\whitelabel-rag\tests\test_concierge.py:5</error></testcase><testcase classname="whitelabel-rag.tests.test_concierge" name="test_handle_message_meta_query" time="0.008"><error message="failed on setup with &quot;file E:\2024 RESET\dvoid\whitelabel-rag\tests\test_concierge.py, line 33&#10;  def test_handle_message_meta_query(concierge, mock_llm_factory):&#10;file E:\2024 RESET\dvoid\whitelabel-rag\tests\test_concierge.py, line 5&#10;  @pytest.fixture&#10;  def concierge(mock_rag_manager, mock_conversation_store, mock_llm_factory, mock_chroma_service):&#10;E       fixture 'mock_rag_manager' not found&#10;&gt;       available fixtures: _configure_application, _monkeypatch_response_class, _push_request_context, _session_event_loop, _session_faker, accept_any, accept_json, accept_jsonp, accept_mimetype, anyio_backend, anyio_backend_name, anyio_backend_options, app, cache, capfd, capfdbinary, caplog, capsys, capsysbinary, class_mocker, client, client_class, concierge, config, cov, doctest_namespace, event_loop, event_loop_policy, faker, free_tcp_port, free_tcp_port_factory, free_udp_port, free_udp_port_factory, httpserver, httpserver_ipv4, httpserver_ipv6, httpserver_listen_address, httpserver_ssl_context, live_server, make_httpserver, make_httpserver_ipv4, make_httpserver_ipv6, mock_chroma_service, mock_llm, mocker, module_mocker, monkeypatch, no_cover, package_mocker, pytestconfig, record_property, record_testsuite_property, record_xml_attribute, recwarn, session_mocker, set_test_env_vars, temp_pdf, test_environment, tmp_path, tmp_path_factory, tmpdir, tmpdir_factory, unused_tcp_port, unused_tcp_port_factory, unused_udp_port, unused_udp_port_factory, whitelabel-rag/Lib/site-packages/pip/_vendor/urllib3/packages/ssl_match_hostname::&lt;event_loop&gt;, whitelabel-rag/tests/test_concierge.py::&lt;event_loop&gt;&#10;&gt;       use 'pytest --fixtures [testpath]' for help on them.&#10;&#10;E:\2024 RESET\dvoid\whitelabel-rag\tests\test_concierge.py:5&quot;">file E:\2024 RESET\dvoid\whitelabel-rag\tests\test_concierge.py, line 33
  def test_handle_message_meta_query(concierge, mock_llm_factory):
file E:\2024 RESET\dvoid\whitelabel-rag\tests\test_concierge.py, line 5
  @pytest.fixture
  def concierge(mock_rag_manager, mock_conversation_store, mock_llm_factory, mock_chroma_service):
E       fixture 'mock_rag_manager' not found
&gt;       available fixtures: _configure_application, _monkeypatch_response_class, _push_request_context, _session_event_loop, _session_faker, accept_any, accept_json, accept_jsonp, accept_mimetype, anyio_backend, anyio_backend_name, anyio_backend_options, app, cache, capfd, capfdbinary, caplog, capsys, capsysbinary, class_mocker, client, client_class, concierge, config, cov, doctest_namespace, event_loop, event_loop_policy, faker, free_tcp_port, free_tcp_port_factory, free_udp_port, free_udp_port_factory, httpserver, httpserver_ipv4, httpserver_ipv6, httpserver_listen_address, httpserver_ssl_context, live_server, make_httpserver, make_httpserver_ipv4, make_httpserver_ipv6, mock_chroma_service, mock_llm, mocker, module_mocker, monkeypatch, no_cover, package_mocker, pytestconfig, record_property, record_testsuite_property, record_xml_attribute, recwarn, session_mocker, set_test_env_vars, temp_pdf, test_environment, tmp_path, tmp_path_factory, tmpdir, tmpdir_factory, unused_tcp_port, unused_tcp_port_factory, unused_udp_port, unused_udp_port_factory, whitelabel-rag/Lib/site-packages/pip/_vendor/urllib3/packages/ssl_match_hostname::&lt;event_loop&gt;, whitelabel-rag/tests/test_concierge.py::&lt;event_loop&gt;
&gt;       use 'pytest --fixtures [testpath]' for help on them.

E:\2024 RESET\dvoid\whitelabel-rag\tests\test_concierge.py:5</error></testcase><testcase classname="whitelabel-rag.tests.test_concierge" name="test_handle_message_direct_response" time="0.007"><error message="failed on setup with &quot;file E:\2024 RESET\dvoid\whitelabel-rag\tests\test_concierge.py, line 41&#10;  def test_handle_message_direct_response(concierge, mock_llm_factory, mock_rag_manager):&#10;file E:\2024 RESET\dvoid\whitelabel-rag\tests\test_concierge.py, line 5&#10;  @pytest.fixture&#10;  def concierge(mock_rag_manager, mock_conversation_store, mock_llm_factory, mock_chroma_service):&#10;E       fixture 'mock_rag_manager' not found&#10;&gt;       available fixtures: _configure_application, _monkeypatch_response_class, _push_request_context, _session_event_loop, _session_faker, accept_any, accept_json, accept_jsonp, accept_mimetype, anyio_backend, anyio_backend_name, anyio_backend_options, app, cache, capfd, capfdbinary, caplog, capsys, capsysbinary, class_mocker, client, client_class, concierge, config, cov, doctest_namespace, event_loop, event_loop_policy, faker, free_tcp_port, free_tcp_port_factory, free_udp_port, free_udp_port_factory, httpserver, httpserver_ipv4, httpserver_ipv6, httpserver_listen_address, httpserver_ssl_context, live_server, make_httpserver, make_httpserver_ipv4, make_httpserver_ipv6, mock_chroma_service, mock_llm, mocker, module_mocker, monkeypatch, no_cover, package_mocker, pytestconfig, record_property, record_testsuite_property, record_xml_attribute, recwarn, session_mocker, set_test_env_vars, temp_pdf, test_environment, tmp_path, tmp_path_factory, tmpdir, tmpdir_factory, unused_tcp_port, unused_tcp_port_factory, unused_udp_port, unused_udp_port_factory, whitelabel-rag/Lib/site-packages/pip/_vendor/urllib3/packages/ssl_match_hostname::&lt;event_loop&gt;, whitelabel-rag/tests/test_concierge.py::&lt;event_loop&gt;&#10;&gt;       use 'pytest --fixtures [testpath]' for help on them.&#10;&#10;E:\2024 RESET\dvoid\whitelabel-rag\tests\test_concierge.py:5&quot;">file E:\2024 RESET\dvoid\whitelabel-rag\tests\test_concierge.py, line 41
  def test_handle_message_direct_response(concierge, mock_llm_factory, mock_rag_manager):
file E:\2024 RESET\dvoid\whitelabel-rag\tests\test_concierge.py, line 5
  @pytest.fixture
  def concierge(mock_rag_manager, mock_conversation_store, mock_llm_factory, mock_chroma_service):
E       fixture 'mock_rag_manager' not found
&gt;       available fixtures: _configure_application, _monkeypatch_response_class, _push_request_context, _session_event_loop, _session_faker, accept_any, accept_json, accept_jsonp, accept_mimetype, anyio_backend, anyio_backend_name, anyio_backend_options, app, cache, capfd, capfdbinary, caplog, capsys, capsysbinary, class_mocker, client, client_class, concierge, config, cov, doctest_namespace, event_loop, event_loop_policy, faker, free_tcp_port, free_tcp_port_factory, free_udp_port, free_udp_port_factory, httpserver, httpserver_ipv4, httpserver_ipv6, httpserver_listen_address, httpserver_ssl_context, live_server, make_httpserver, make_httpserver_ipv4, make_httpserver_ipv6, mock_chroma_service, mock_llm, mocker, module_mocker, monkeypatch, no_cover, package_mocker, pytestconfig, record_property, record_testsuite_property, record_xml_attribute, recwarn, session_mocker, set_test_env_vars, temp_pdf, test_environment, tmp_path, tmp_path_factory, tmpdir, tmpdir_factory, unused_tcp_port, unused_tcp_port_factory, unused_udp_port, unused_udp_port_factory, whitelabel-rag/Lib/site-packages/pip/_vendor/urllib3/packages/ssl_match_hostname::&lt;event_loop&gt;, whitelabel-rag/tests/test_concierge.py::&lt;event_loop&gt;
&gt;       use 'pytest --fixtures [testpath]' for help on them.

E:\2024 RESET\dvoid\whitelabel-rag\tests\test_concierge.py:5</error></testcase><testcase classname="whitelabel-rag.tests.test_concierge" name="test_intent_classification" time="0.006"><error message="failed on setup with &quot;file E:\2024 RESET\dvoid\whitelabel-rag\tests\test_concierge.py, line 49&#10;  def test_intent_classification(concierge, mock_llm_factory):&#10;file E:\2024 RESET\dvoid\whitelabel-rag\tests\test_concierge.py, line 5&#10;  @pytest.fixture&#10;  def concierge(mock_rag_manager, mock_conversation_store, mock_llm_factory, mock_chroma_service):&#10;E       fixture 'mock_rag_manager' not found&#10;&gt;       available fixtures: _configure_application, _monkeypatch_response_class, _push_request_context, _session_event_loop, _session_faker, accept_any, accept_json, accept_jsonp, accept_mimetype, anyio_backend, anyio_backend_name, anyio_backend_options, app, cache, capfd, capfdbinary, caplog, capsys, capsysbinary, class_mocker, client, client_class, concierge, config, cov, doctest_namespace, event_loop, event_loop_policy, faker, free_tcp_port, free_tcp_port_factory, free_udp_port, free_udp_port_factory, httpserver, httpserver_ipv4, httpserver_ipv6, httpserver_listen_address, httpserver_ssl_context, live_server, make_httpserver, make_httpserver_ipv4, make_httpserver_ipv6, mock_chroma_service, mock_llm, mocker, module_mocker, monkeypatch, no_cover, package_mocker, pytestconfig, record_property, record_testsuite_property, record_xml_attribute, recwarn, session_mocker, set_test_env_vars, temp_pdf, test_environment, tmp_path, tmp_path_factory, tmpdir, tmpdir_factory, unused_tcp_port, unused_tcp_port_factory, unused_udp_port, unused_udp_port_factory, whitelabel-rag/Lib/site-packages/pip/_vendor/urllib3/packages/ssl_match_hostname::&lt;event_loop&gt;, whitelabel-rag/tests/test_concierge.py::&lt;event_loop&gt;&#10;&gt;       use 'pytest --fixtures [testpath]' for help on them.&#10;&#10;E:\2024 RESET\dvoid\whitelabel-rag\tests\test_concierge.py:5&quot;">file E:\2024 RESET\dvoid\whitelabel-rag\tests\test_concierge.py, line 49
  def test_intent_classification(concierge, mock_llm_factory):
file E:\2024 RESET\dvoid\whitelabel-rag\tests\test_concierge.py, line 5
  @pytest.fixture
  def concierge(mock_rag_manager, mock_conversation_store, mock_llm_factory, mock_chroma_service):
E       fixture 'mock_rag_manager' not found
&gt;       available fixtures: _configure_application, _monkeypatch_response_class, _push_request_context, _session_event_loop, _session_faker, accept_any, accept_json, accept_jsonp, accept_mimetype, anyio_backend, anyio_backend_name, anyio_backend_options, app, cache, capfd, capfdbinary, caplog, capsys, capsysbinary, class_mocker, client, client_class, concierge, config, cov, doctest_namespace, event_loop, event_loop_policy, faker, free_tcp_port, free_tcp_port_factory, free_udp_port, free_udp_port_factory, httpserver, httpserver_ipv4, httpserver_ipv6, httpserver_listen_address, httpserver_ssl_context, live_server, make_httpserver, make_httpserver_ipv4, make_httpserver_ipv6, mock_chroma_service, mock_llm, mocker, module_mocker, monkeypatch, no_cover, package_mocker, pytestconfig, record_property, record_testsuite_property, record_xml_attribute, recwarn, session_mocker, set_test_env_vars, temp_pdf, test_environment, tmp_path, tmp_path_factory, tmpdir, tmpdir_factory, unused_tcp_port, unused_tcp_port_factory, unused_udp_port, unused_udp_port_factory, whitelabel-rag/Lib/site-packages/pip/_vendor/urllib3/packages/ssl_match_hostname::&lt;event_loop&gt;, whitelabel-rag/tests/test_concierge.py::&lt;event_loop&gt;
&gt;       use 'pytest --fixtures [testpath]' for help on them.

E:\2024 RESET\dvoid\whitelabel-rag\tests\test_concierge.py:5</error></testcase><testcase classname="whitelabel-rag.tests.test_concierge" name="test_direct_functions" time="0.015"><error message="failed on setup with &quot;file E:\2024 RESET\dvoid\whitelabel-rag\tests\test_concierge.py, line 54&#10;  def test_direct_functions(concierge):&#10;file E:\2024 RESET\dvoid\whitelabel-rag\tests\test_concierge.py, line 5&#10;  @pytest.fixture&#10;  def concierge(mock_rag_manager, mock_conversation_store, mock_llm_factory, mock_chroma_service):&#10;E       fixture 'mock_rag_manager' not found&#10;&gt;       available fixtures: _configure_application, _monkeypatch_response_class, _push_request_context, _session_event_loop, _session_faker, accept_any, accept_json, accept_jsonp, accept_mimetype, anyio_backend, anyio_backend_name, anyio_backend_options, app, cache, capfd, capfdbinary, caplog, capsys, capsysbinary, class_mocker, client, client_class, concierge, config, cov, doctest_namespace, event_loop, event_loop_policy, faker, free_tcp_port, free_tcp_port_factory, free_udp_port, free_udp_port_factory, httpserver, httpserver_ipv4, httpserver_ipv6, httpserver_listen_address, httpserver_ssl_context, live_server, make_httpserver, make_httpserver_ipv4, make_httpserver_ipv6, mock_chroma_service, mock_llm, mocker, module_mocker, monkeypatch, no_cover, package_mocker, pytestconfig, record_property, record_testsuite_property, record_xml_attribute, recwarn, session_mocker, set_test_env_vars, temp_pdf, test_environment, tmp_path, tmp_path_factory, tmpdir, tmpdir_factory, unused_tcp_port, unused_tcp_port_factory, unused_udp_port, unused_udp_port_factory, whitelabel-rag/Lib/site-packages/pip/_vendor/urllib3/packages/ssl_match_hostname::&lt;event_loop&gt;, whitelabel-rag/tests/test_concierge.py::&lt;event_loop&gt;&#10;&gt;       use 'pytest --fixtures [testpath]' for help on them.&#10;&#10;E:\2024 RESET\dvoid\whitelabel-rag\tests\test_concierge.py:5&quot;">file E:\2024 RESET\dvoid\whitelabel-rag\tests\test_concierge.py, line 54
  def test_direct_functions(concierge):
file E:\2024 RESET\dvoid\whitelabel-rag\tests\test_concierge.py, line 5
  @pytest.fixture
  def concierge(mock_rag_manager, mock_conversation_store, mock_llm_factory, mock_chroma_service):
E       fixture 'mock_rag_manager' not found
&gt;       available fixtures: _configure_application, _monkeypatch_response_class, _push_request_context, _session_event_loop, _session_faker, accept_any, accept_json, accept_jsonp, accept_mimetype, anyio_backend, anyio_backend_name, anyio_backend_options, app, cache, capfd, capfdbinary, caplog, capsys, capsysbinary, class_mocker, client, client_class, concierge, config, cov, doctest_namespace, event_loop, event_loop_policy, faker, free_tcp_port, free_tcp_port_factory, free_udp_port, free_udp_port_factory, httpserver, httpserver_ipv4, httpserver_ipv6, httpserver_listen_address, httpserver_ssl_context, live_server, make_httpserver, make_httpserver_ipv4, make_httpserver_ipv6, mock_chroma_service, mock_llm, mocker, module_mocker, monkeypatch, no_cover, package_mocker, pytestconfig, record_property, record_testsuite_property, record_xml_attribute, recwarn, session_mocker, set_test_env_vars, temp_pdf, test_environment, tmp_path, tmp_path_factory, tmpdir, tmpdir_factory, unused_tcp_port, unused_tcp_port_factory, unused_udp_port, unused_udp_port_factory, whitelabel-rag/Lib/site-packages/pip/_vendor/urllib3/packages/ssl_match_hostname::&lt;event_loop&gt;, whitelabel-rag/tests/test_concierge.py::&lt;event_loop&gt;
&gt;       use 'pytest --fixtures [testpath]' for help on them.

E:\2024 RESET\dvoid\whitelabel-rag\tests\test_concierge.py:5</error></testcase><testcase classname="whitelabel-rag.tests.test_concierge" name="test_get_current_time" time="0.011"><error message="failed on setup with &quot;file E:\2024 RESET\dvoid\whitelabel-rag\tests\test_concierge.py, line 60&#10;  def test_get_current_time(concierge):&#10;file E:\2024 RESET\dvoid\whitelabel-rag\tests\test_concierge.py, line 5&#10;  @pytest.fixture&#10;  def concierge(mock_rag_manager, mock_conversation_store, mock_llm_factory, mock_chroma_service):&#10;E       fixture 'mock_rag_manager' not found&#10;&gt;       available fixtures: _configure_application, _monkeypatch_response_class, _push_request_context, _session_event_loop, _session_faker, accept_any, accept_json, accept_jsonp, accept_mimetype, anyio_backend, anyio_backend_name, anyio_backend_options, app, cache, capfd, capfdbinary, caplog, capsys, capsysbinary, class_mocker, client, client_class, concierge, config, cov, doctest_namespace, event_loop, event_loop_policy, faker, free_tcp_port, free_tcp_port_factory, free_udp_port, free_udp_port_factory, httpserver, httpserver_ipv4, httpserver_ipv6, httpserver_listen_address, httpserver_ssl_context, live_server, make_httpserver, make_httpserver_ipv4, make_httpserver_ipv6, mock_chroma_service, mock_llm, mocker, module_mocker, monkeypatch, no_cover, package_mocker, pytestconfig, record_property, record_testsuite_property, record_xml_attribute, recwarn, session_mocker, set_test_env_vars, temp_pdf, test_environment, tmp_path, tmp_path_factory, tmpdir, tmpdir_factory, unused_tcp_port, unused_tcp_port_factory, unused_udp_port, unused_udp_port_factory, whitelabel-rag/Lib/site-packages/pip/_vendor/urllib3/packages/ssl_match_hostname::&lt;event_loop&gt;, whitelabel-rag/tests/test_concierge.py::&lt;event_loop&gt;&#10;&gt;       use 'pytest --fixtures [testpath]' for help on them.&#10;&#10;E:\2024 RESET\dvoid\whitelabel-rag\tests\test_concierge.py:5&quot;">file E:\2024 RESET\dvoid\whitelabel-rag\tests\test_concierge.py, line 60
  def test_get_current_time(concierge):
file E:\2024 RESET\dvoid\whitelabel-rag\tests\test_concierge.py, line 5
  @pytest.fixture
  def concierge(mock_rag_manager, mock_conversation_store, mock_llm_factory, mock_chroma_service):
E       fixture 'mock_rag_manager' not found
&gt;       available fixtures: _configure_application, _monkeypatch_response_class, _push_request_context, _session_event_loop, _session_faker, accept_any, accept_json, accept_jsonp, accept_mimetype, anyio_backend, anyio_backend_name, anyio_backend_options, app, cache, capfd, capfdbinary, caplog, capsys, capsysbinary, class_mocker, client, client_class, concierge, config, cov, doctest_namespace, event_loop, event_loop_policy, faker, free_tcp_port, free_tcp_port_factory, free_udp_port, free_udp_port_factory, httpserver, httpserver_ipv4, httpserver_ipv6, httpserver_listen_address, httpserver_ssl_context, live_server, make_httpserver, make_httpserver_ipv4, make_httpserver_ipv6, mock_chroma_service, mock_llm, mocker, module_mocker, monkeypatch, no_cover, package_mocker, pytestconfig, record_property, record_testsuite_property, record_xml_attribute, recwarn, session_mocker, set_test_env_vars, temp_pdf, test_environment, tmp_path, tmp_path_factory, tmpdir, tmpdir_factory, unused_tcp_port, unused_tcp_port_factory, unused_udp_port, unused_udp_port_factory, whitelabel-rag/Lib/site-packages/pip/_vendor/urllib3/packages/ssl_match_hostname::&lt;event_loop&gt;, whitelabel-rag/tests/test_concierge.py::&lt;event_loop&gt;
&gt;       use 'pytest --fixtures [testpath]' for help on them.

E:\2024 RESET\dvoid\whitelabel-rag\tests\test_concierge.py:5</error></testcase><testcase classname="whitelabel-rag.tests.test_concierge" name="test_get_system_stats" time="0.006"><error message="failed on setup with &quot;file E:\2024 RESET\dvoid\whitelabel-rag\tests\test_concierge.py, line 64&#10;  def test_get_system_stats(concierge, mock_rag_manager, mock_conversation_store):&#10;file E:\2024 RESET\dvoid\whitelabel-rag\tests\test_concierge.py, line 5&#10;  @pytest.fixture&#10;  def concierge(mock_rag_manager, mock_conversation_store, mock_llm_factory, mock_chroma_service):&#10;E       fixture 'mock_rag_manager' not found&#10;&gt;       available fixtures: _configure_application, _monkeypatch_response_class, _push_request_context, _session_event_loop, _session_faker, accept_any, accept_json, accept_jsonp, accept_mimetype, anyio_backend, anyio_backend_name, anyio_backend_options, app, cache, capfd, capfdbinary, caplog, capsys, capsysbinary, class_mocker, client, client_class, concierge, config, cov, doctest_namespace, event_loop, event_loop_policy, faker, free_tcp_port, free_tcp_port_factory, free_udp_port, free_udp_port_factory, httpserver, httpserver_ipv4, httpserver_ipv6, httpserver_listen_address, httpserver_ssl_context, live_server, make_httpserver, make_httpserver_ipv4, make_httpserver_ipv6, mock_chroma_service, mock_llm, mocker, module_mocker, monkeypatch, no_cover, package_mocker, pytestconfig, record_property, record_testsuite_property, record_xml_attribute, recwarn, session_mocker, set_test_env_vars, temp_pdf, test_environment, tmp_path, tmp_path_factory, tmpdir, tmpdir_factory, unused_tcp_port, unused_tcp_port_factory, unused_udp_port, unused_udp_port_factory, whitelabel-rag/Lib/site-packages/pip/_vendor/urllib3/packages/ssl_match_hostname::&lt;event_loop&gt;, whitelabel-rag/tests/test_concierge.py::&lt;event_loop&gt;&#10;&gt;       use 'pytest --fixtures [testpath]' for help on them.&#10;&#10;E:\2024 RESET\dvoid\whitelabel-rag\tests\test_concierge.py:5&quot;">file E:\2024 RESET\dvoid\whitelabel-rag\tests\test_concierge.py, line 64
  def test_get_system_stats(concierge, mock_rag_manager, mock_conversation_store):
file E:\2024 RESET\dvoid\whitelabel-rag\tests\test_concierge.py, line 5
  @pytest.fixture
  def concierge(mock_rag_manager, mock_conversation_store, mock_llm_factory, mock_chroma_service):
E       fixture 'mock_rag_manager' not found
&gt;       available fixtures: _configure_application, _monkeypatch_response_class, _push_request_context, _session_event_loop, _session_faker, accept_any, accept_json, accept_jsonp, accept_mimetype, anyio_backend, anyio_backend_name, anyio_backend_options, app, cache, capfd, capfdbinary, caplog, capsys, capsysbinary, class_mocker, client, client_class, concierge, config, cov, doctest_namespace, event_loop, event_loop_policy, faker, free_tcp_port, free_tcp_port_factory, free_udp_port, free_udp_port_factory, httpserver, httpserver_ipv4, httpserver_ipv6, httpserver_listen_address, httpserver_ssl_context, live_server, make_httpserver, make_httpserver_ipv4, make_httpserver_ipv6, mock_chroma_service, mock_llm, mocker, module_mocker, monkeypatch, no_cover, package_mocker, pytestconfig, record_property, record_testsuite_property, record_xml_attribute, recwarn, session_mocker, set_test_env_vars, temp_pdf, test_environment, tmp_path, tmp_path_factory, tmpdir, tmpdir_factory, unused_tcp_port, unused_tcp_port_factory, unused_udp_port, unused_udp_port_factory, whitelabel-rag/Lib/site-packages/pip/_vendor/urllib3/packages/ssl_match_hostname::&lt;event_loop&gt;, whitelabel-rag/tests/test_concierge.py::&lt;event_loop&gt;
&gt;       use 'pytest --fixtures [testpath]' for help on them.

E:\2024 RESET\dvoid\whitelabel-rag\tests\test_concierge.py:5</error></testcase><testcase classname="whitelabel-rag.tests.test_concierge" name="test_get_help" time="0.003"><error message="failed on setup with &quot;file E:\2024 RESET\dvoid\whitelabel-rag\tests\test_concierge.py, line 70&#10;  def test_get_help(concierge):&#10;file E:\2024 RESET\dvoid\whitelabel-rag\tests\test_concierge.py, line 5&#10;  @pytest.fixture&#10;  def concierge(mock_rag_manager, mock_conversation_store, mock_llm_factory, mock_chroma_service):&#10;E       fixture 'mock_rag_manager' not found&#10;&gt;       available fixtures: _configure_application, _monkeypatch_response_class, _push_request_context, _session_event_loop, _session_faker, accept_any, accept_json, accept_jsonp, accept_mimetype, anyio_backend, anyio_backend_name, anyio_backend_options, app, cache, capfd, capfdbinary, caplog, capsys, capsysbinary, class_mocker, client, client_class, concierge, config, cov, doctest_namespace, event_loop, event_loop_policy, faker, free_tcp_port, free_tcp_port_factory, free_udp_port, free_udp_port_factory, httpserver, httpserver_ipv4, httpserver_ipv6, httpserver_listen_address, httpserver_ssl_context, live_server, make_httpserver, make_httpserver_ipv4, make_httpserver_ipv6, mock_chroma_service, mock_llm, mocker, module_mocker, monkeypatch, no_cover, package_mocker, pytestconfig, record_property, record_testsuite_property, record_xml_attribute, recwarn, session_mocker, set_test_env_vars, temp_pdf, test_environment, tmp_path, tmp_path_factory, tmpdir, tmpdir_factory, unused_tcp_port, unused_tcp_port_factory, unused_udp_port, unused_udp_port_factory, whitelabel-rag/Lib/site-packages/pip/_vendor/urllib3/packages/ssl_match_hostname::&lt;event_loop&gt;, whitelabel-rag/tests/test_concierge.py::&lt;event_loop&gt;&#10;&gt;       use 'pytest --fixtures [testpath]' for help on them.&#10;&#10;E:\2024 RESET\dvoid\whitelabel-rag\tests\test_concierge.py:5&quot;">file E:\2024 RESET\dvoid\whitelabel-rag\tests\test_concierge.py, line 70
  def test_get_help(concierge):
file E:\2024 RESET\dvoid\whitelabel-rag\tests\test_concierge.py, line 5
  @pytest.fixture
  def concierge(mock_rag_manager, mock_conversation_store, mock_llm_factory, mock_chroma_service):
E       fixture 'mock_rag_manager' not found
&gt;       available fixtures: _configure_application, _monkeypatch_response_class, _push_request_context, _session_event_loop, _session_faker, accept_any, accept_json, accept_jsonp, accept_mimetype, anyio_backend, anyio_backend_name, anyio_backend_options, app, cache, capfd, capfdbinary, caplog, capsys, capsysbinary, class_mocker, client, client_class, concierge, config, cov, doctest_namespace, event_loop, event_loop_policy, faker, free_tcp_port, free_tcp_port_factory, free_udp_port, free_udp_port_factory, httpserver, httpserver_ipv4, httpserver_ipv6, httpserver_listen_address, httpserver_ssl_context, live_server, make_httpserver, make_httpserver_ipv4, make_httpserver_ipv6, mock_chroma_service, mock_llm, mocker, module_mocker, monkeypatch, no_cover, package_mocker, pytestconfig, record_property, record_testsuite_property, record_xml_attribute, recwarn, session_mocker, set_test_env_vars, temp_pdf, test_environment, tmp_path, tmp_path_factory, tmpdir, tmpdir_factory, unused_tcp_port, unused_tcp_port_factory, unused_udp_port, unused_udp_port_factory, whitelabel-rag/Lib/site-packages/pip/_vendor/urllib3/packages/ssl_match_hostname::&lt;event_loop&gt;, whitelabel-rag/tests/test_concierge.py::&lt;event_loop&gt;
&gt;       use 'pytest --fixtures [testpath]' for help on them.

E:\2024 RESET\dvoid\whitelabel-rag\tests\test_concierge.py:5</error></testcase><testcase classname="whitelabel-rag.tests.test_config_fix" name="test_max_content_length_default" time="0.115" /><testcase classname="whitelabel-rag.tests.test_config_fix" name="test_max_content_length_env_var" time="0.017" /><testcase classname="whitelabel-rag.tests.test_config_fix" name="test_app_starts_without_error" time="0.022" /><testcase classname="whitelabel-rag.tests.test_docker_and_redis" name="test_container_dynamic_port" time="33.706" /><testcase classname="whitelabel-rag.tests.test_docker_and_redis" name="test_healthcheck_endpoint" time="1.157"><failure message="AssertionError: assert {'environment...ion': '1.0.0'} == {'status': 'healthy'}&#10;  &#10;  Differing items:&#10;  #x1B[0m{#x1B[33m'#x1B[39;49;00m#x1B[33mstatus#x1B[39;49;00m#x1B[33m'#x1B[39;49;00m: #x1B[33m'#x1B[39;49;00m#x1B[33monline#x1B[39;49;00m#x1B[33m'#x1B[39;49;00m}#x1B[90m#x1B[39;49;00m != #x1B[0m{#x1B[33m'#x1B[39;49;00m#x1B[33mstatus#x1B[39;49;00m#x1B[33m'#x1B[39;49;00m: #x1B[33m'#x1B[39;49;00m#x1B[33mhealthy#x1B[39;49;00m#x1B[33m'#x1B[39;49;00m}#x1B[90m#x1B[39;49;00m&#10;  Left contains 3 more items:&#10;  #x1B[0m{#x1B[33m'#x1B[39;49;00m#x1B[33menvironment#x1B[39;49;00m#x1B[33m'#x1B[39;49;00m: #x1B[33m'#x1B[39;49;00m#x1B[33mproduction#x1B[39;49;00m#x1B[33m'#x1B[39;49;00m,#x1B[90m#x1B[39;49;00m&#10;   #x1B[33m'#x1B[39;49;00m#x1B[33mservices#x1B[39;49;00m#x1B[33m'#x1B[39;49;00m: {#x1B[33m'#x1B[39;49;00m#x1B[33mapi#x1B[39;49;00m#x1B[33m'#x1B[39;49;00m: #x1B[3...&#10;  &#10;  ...Full output truncated (3 lines hidden), use '-vv' to show">docker_container = None

    def test_healthcheck_endpoint(docker_container):
        port = os.environ.get('PORT', '10000')
        url = f"http://localhost:{port}/health"
        for _ in range(10):
            try:
                response = requests.get(url)
                if response.status_code == 200:
                    break
            except requests.ConnectionError:
                time.sleep(1)
        else:
            pytest.fail(f"Healthcheck endpoint {url} not responding with 200 OK")
&gt;       assert response.json() == {"status": "healthy"}
E       AssertionError: assert {'environment...ion': '1.0.0'} == {'status': 'healthy'}
E         
E         Differing items:
E         #x1B[0m{#x1B[33m'#x1B[39;49;00m#x1B[33mstatus#x1B[39;49;00m#x1B[33m'#x1B[39;49;00m: #x1B[33m'#x1B[39;49;00m#x1B[33monline#x1B[39;49;00m#x1B[33m'#x1B[39;49;00m}#x1B[90m#x1B[39;49;00m != #x1B[0m{#x1B[33m'#x1B[39;49;00m#x1B[33mstatus#x1B[39;49;00m#x1B[33m'#x1B[39;49;00m: #x1B[33m'#x1B[39;49;00m#x1B[33mhealthy#x1B[39;49;00m#x1B[33m'#x1B[39;49;00m}#x1B[90m#x1B[39;49;00m
E         Left contains 3 more items:
E         #x1B[0m{#x1B[33m'#x1B[39;49;00m#x1B[33menvironment#x1B[39;49;00m#x1B[33m'#x1B[39;49;00m: #x1B[33m'#x1B[39;49;00m#x1B[33mproduction#x1B[39;49;00m#x1B[33m'#x1B[39;49;00m,#x1B[90m#x1B[39;49;00m
E          #x1B[33m'#x1B[39;49;00m#x1B[33mservices#x1B[39;49;00m#x1B[33m'#x1B[39;49;00m: {#x1B[33m'#x1B[39;49;00m#x1B[33mapi#x1B[39;49;00m#x1B[33m'#x1B[39;49;00m: #x1B[3...
E         
E         ...Full output truncated (3 lines hidden), use '-vv' to show

whitelabel-rag\tests\test_docker_and_redis.py:47: AssertionError</failure></testcase><testcase classname="whitelabel-rag.tests.test_docker_and_redis" name="test_redis_connectivity" time="0.252" /><testcase classname="whitelabel-rag.tests.test_docker_and_redis" name="test_api_endpoints_basic" time="0.188"><error message="failed on setup with &quot;AttributeError: 'FastAPI' object has no attribute 'response_class'&quot;">request = &lt;SubRequest '_monkeypatch_response_class' for &lt;Function test_api_endpoints_basic&gt;&gt;
monkeypatch = &lt;_pytest.monkeypatch.MonkeyPatch object at 0x0000023EA3D52450&gt;

    @pytest.fixture(autouse=True)
    def _monkeypatch_response_class(request, monkeypatch):
        """Set custom response class before test suite and restore the original
        after. Custom response has `json` property to easily test JSON responses::
    
            @app.route('/ping')
            def ping():
                return jsonify(ping='pong')
    
            def test_json(client):
                res = client.get(url_for('ping'))
                assert res.json == {'ping': 'pong'}
    
        """
    
        if "app" not in request.fixturenames:
            return
    
        app = getfixturevalue(request, "app")
        monkeypatch.setattr(
&gt;           app, "response_class", _make_test_response_class(app.response_class)
        )
E       AttributeError: 'FastAPI' object has no attribute 'response_class'

C:\Users\deois\AppData\Local\Programs\Python\Python312\Lib\site-packages\pytest_flask\plugin.py:77: AttributeError</error></testcase><testcase classname="whitelabel-rag.tests.test_docker_and_redis" name="test_document_upload_and_search" time="0.047"><error message="failed on setup with &quot;AttributeError: 'FastAPI' object has no attribute 'response_class'&quot;">request = &lt;SubRequest '_monkeypatch_response_class' for &lt;Function test_document_upload_and_search&gt;&gt;
monkeypatch = &lt;_pytest.monkeypatch.MonkeyPatch object at 0x0000023EA3A5A4B0&gt;

    @pytest.fixture(autouse=True)
    def _monkeypatch_response_class(request, monkeypatch):
        """Set custom response class before test suite and restore the original
        after. Custom response has `json` property to easily test JSON responses::
    
            @app.route('/ping')
            def ping():
                return jsonify(ping='pong')
    
            def test_json(client):
                res = client.get(url_for('ping'))
                assert res.json == {'ping': 'pong'}
    
        """
    
        if "app" not in request.fixturenames:
            return
    
        app = getfixturevalue(request, "app")
        monkeypatch.setattr(
&gt;           app, "response_class", _make_test_response_class(app.response_class)
        )
E       AttributeError: 'FastAPI' object has no attribute 'response_class'

C:\Users\deois\AppData\Local\Programs\Python\Python312\Lib\site-packages\pytest_flask\plugin.py:77: AttributeError</error></testcase><testcase classname="whitelabel-rag.tests.test_docker_and_redis" name="test_chat_feature_placeholder" time="19.403" /><testcase classname="whitelabel-rag.tests.test_file_upload" name="test_file_upload_success" time="0.628" /><testcase classname="whitelabel-rag.tests.test_file_upload" name="test_file_upload_no_file" time="0.063"><failure message="assert 422 == 400&#10; +  where 422 = &lt;Response [422 Unprocessable Entity]&gt;.status_code">client = &lt;starlette.testclient.TestClient object at 0x0000023EA395E510&gt;

    def test_file_upload_no_file(client):
        response = client.post('/api/files', files={})
&gt;       assert response.status_code == 400
E       assert 422 == 400
E        +  where 422 = &lt;Response [422 Unprocessable Entity]&gt;.status_code

whitelabel-rag\tests\test_file_upload.py:25: AssertionError</failure></testcase><testcase classname="whitelabel-rag.tests.test_file_upload" name="test_file_upload_disallowed_extension" time="0.069"><failure message="assert 500 == 400&#10; +  where 500 = &lt;Response [500 Internal Server Error]&gt;.status_code">client = &lt;starlette.testclient.TestClient object at 0x0000023EA3A64980&gt;

    def test_file_upload_disallowed_extension(client):
        data = {
            'file': ('test.exe', io.BytesIO(b"dummy content"), 'application/octet-stream')
        }
        response = client.post('/api/files', files=data)
&gt;       assert response.status_code == 400
E       assert 500 == 400
E        +  where 500 = &lt;Response [500 Internal Server Error]&gt;.status_code

whitelabel-rag\tests\test_file_upload.py:34: AssertionError</failure></testcase><testcase classname="whitelabel-rag.tests.test_file_upload" name="test_file_upload_exceeds_max_content_length" time="0.121"><failure message="assert (200 == 413 or 200 == 400)&#10; +  where 200 = &lt;Response [200 OK]&gt;.status_code&#10; +  and   200 = &lt;Response [200 OK]&gt;.status_code">client = &lt;starlette.testclient.TestClient object at 0x0000023EA3A67470&gt;

    def test_file_upload_exceeds_max_content_length(client):
        app = create_app()
        app.state.MAX_CONTENT_LENGTH = 10  # 10 bytes max
        client = TestClient(app)
    
        data = {
            'file': ('large.txt', io.BytesIO(b"this content is definitely longer than 10 bytes"), 'text/plain')
        }
        response = client.post('/api/files', files=data)
        # FastAPI returns 413 Request Entity Too Large for exceeding MAX_CONTENT_LENGTH
&gt;       assert response.status_code == 413 or response.status_code == 400
E       assert (200 == 413 or 200 == 400)
E        +  where 200 = &lt;Response [200 OK]&gt;.status_code
E        +  and   200 = &lt;Response [200 OK]&gt;.status_code

whitelabel-rag\tests\test_file_upload.py:48: AssertionError</failure></testcase><testcase classname="whitelabel-rag.tests.test_frontend_interaction.FrontendInteractionTest" name="test_dynamic_content_update" time="124.882"><error message="failed on setup with &quot;selenium.common.exceptions.WebDriverException: Message: unknown error: net::ERR_CONNECTION_REFUSED&#10;  (Session info: chrome=137.0.7151.120)&#10;Stacktrace:&#10;&#09;GetHandleVerifier [0x0x7ff65e79cda5+78885]&#10;&#09;GetHandleVerifier [0x0x7ff65e79ce00+78976]&#10;&#09;(No symbol) [0x0x7ff65e559bca]&#10;&#09;(No symbol) [0x0x7ff65e5565e2]&#10;&#09;(No symbol) [0x0x7ff65e547319]&#10;&#09;(No symbol) [0x0x7ff65e5490c1]&#10;&#09;(No symbol) [0x0x7ff65e547636]&#10;&#09;(No symbol) [0x0x7ff65e547096]&#10;&#09;(No symbol) [0x0x7ff65e546d5a]&#10;&#09;(No symbol) [0x0x7ff65e54492f]&#10;&#09;(No symbol) [0x0x7ff65e5451ac]&#10;&#09;(No symbol) [0x0x7ff65e55db7a]&#10;&#09;(No symbol) [0x0x7ff65e60201e]&#10;&#09;(No symbol) [0x0x7ff65e5d8b8a]&#10;&#09;(No symbol) [0x0x7ff65e60122f]&#10;&#09;(No symbol) [0x0x7ff65e5d8963]&#10;&#09;(No symbol) [0x0x7ff65e5a16b1]&#10;&#09;(No symbol) [0x0x7ff65e5a2443]&#10;&#09;GetHandleVerifier [0x0x7ff65ea74eed+3061101]&#10;&#09;GetHandleVerifier [0x0x7ff65ea6f33d+3037629]&#10;&#09;GetHandleVerifier [0x0x7ff65ea8e592+3165202]&#10;&#09;GetHandleVerifier [0x0x7ff65e7b730e+186766]&#10;&#09;GetHandleVerifier [0x0x7ff65e7beb3f+217535]&#10;&#09;GetHandleVerifier [0x0x7ff65e7a59b4+114740]&#10;&#09;GetHandleVerifier [0x0x7ff65e7a5b69+115177]&#10;&#09;GetHandleVerifier [0x0x7ff65e78c368+10728]&#10;&#09;BaseThreadInitThunk [0x0x7ffe39c47374+20]&#10;&#09;RtlUserThreadStart [0x0x7ffe3a59cc91+33]&quot;">cls = &lt;class 'tests.test_frontend_interaction.FrontendInteractionTest'&gt;

    @classmethod
    def setUpClass(cls):
        """Set up the test environment."""
        # First, make sure the application is running
        cls.ensure_app_is_running()
    
        chrome_options = Options()
        chrome_options.add_argument("--headless")
        chrome_options.add_argument("--disable-gpu")
        chrome_options.add_argument("--no-sandbox")
        chrome_options.add_argument("--disable-dev-shm-usage")
    
        cls.driver = webdriver.Chrome(options=chrome_options)
    
        # Add retry mechanism for connecting to the application
        max_retries = 5
        for attempt in range(max_retries):
            try:
&gt;               cls.driver.get("http://localhost:5000/")

whitelabel-rag\tests\test_frontend_interaction.py:33: 
_ _ _ _ _ _ _ _ _ _ _ _ _ _ _ _ _ _ _ _ _ _ _ _ _ _ _ _ _ _ _ _ _ _ _ _ _ _ _ _ _ _ _ _ _ _ _ _
C:\Users\deois\AppData\Local\Programs\Python\Python312\Lib\site-packages\selenium\webdriver\remote\webdriver.py:472: in get
    self.execute(Command.GET, {"url": url})
C:\Users\deois\AppData\Local\Programs\Python\Python312\Lib\site-packages\selenium\webdriver\remote\webdriver.py:447: in execute
    self.error_handler.check_response(response)
_ _ _ _ _ _ _ _ _ _ _ _ _ _ _ _ _ _ _ _ _ _ _ _ _ _ _ _ _ _ _ _ _ _ _ _ _ _ _ _ _ _ _ _ _ _ _ _

self = &lt;selenium.webdriver.remote.errorhandler.ErrorHandler object at 0x0000023EA3956900&gt;
response = {'status': 500, 'value': '{"value":{"error":"unknown error","message":"unknown error: net::ERR_CONNECTION_REFUSED\\n  ...ff65e78c368+10728]\\n\\tBaseThreadInitThunk [0x0x7ffe39c47374+20]\\n\\tRtlUserThreadStart [0x0x7ffe3a59cc91+33]\\n"}}'}

    def check_response(self, response: Dict[str, Any]) -&gt; None:
        """Checks that a JSON response from the WebDriver does not have an
        error.
    
        :Args:
         - response - The JSON response from the WebDriver server as a dictionary
           object.
    
        :Raises: If the response contains an error message.
        """
        status = response.get("status", None)
        if not status or status == ErrorCode.SUCCESS:
            return
        value = None
        message = response.get("message", "")
        screen: str = response.get("screen", "")
        stacktrace = None
        if isinstance(status, int):
            value_json = response.get("value", None)
            if value_json and isinstance(value_json, str):
                import json
    
                try:
                    value = json.loads(value_json)
                    if len(value) == 1:
                        value = value["value"]
                    status = value.get("error", None)
                    if not status:
                        status = value.get("status", ErrorCode.UNKNOWN_ERROR)
                        message = value.get("value") or value.get("message")
                        if not isinstance(message, str):
                            value = message
                            message = message.get("message")
                    else:
                        message = value.get("message", None)
                except ValueError:
                    pass
    
        exception_class: Type[WebDriverException]
        e = ErrorCode()
        error_codes = [item for item in dir(e) if not item.startswith("__")]
        for error_code in error_codes:
            error_info = getattr(ErrorCode, error_code)
            if isinstance(error_info, list) and status in error_info:
                exception_class = getattr(ExceptionMapping, error_code, WebDriverException)
                break
        else:
            exception_class = WebDriverException
    
        if not value:
            value = response["value"]
        if isinstance(value, str):
            raise exception_class(value)
        if message == "" and "message" in value:
            message = value["message"]
    
        screen = None  # type: ignore[assignment]
        if "screen" in value:
            screen = value["screen"]
    
        stacktrace = None
        st_value = value.get("stackTrace") or value.get("stacktrace")
        if st_value:
            if isinstance(st_value, str):
                stacktrace = st_value.split("\n")
            else:
                stacktrace = []
                try:
                    for frame in st_value:
                        line = frame.get("lineNumber", "")
                        file = frame.get("fileName", "&lt;anonymous&gt;")
                        if line:
                            file = f"{file}:{line}"
                        meth = frame.get("methodName", "&lt;anonymous&gt;")
                        if "className" in frame:
                            meth = f"{frame['className']}.{meth}"
                        msg = "    at %s (%s)"
                        msg = msg % (meth, file)
                        stacktrace.append(msg)
                except TypeError:
                    pass
        if exception_class == UnexpectedAlertPresentException:
            alert_text = None
            if "data" in value:
                alert_text = value["data"].get("text")
            elif "alert" in value:
                alert_text = value["alert"].get("text")
            raise exception_class(message, screen, stacktrace, alert_text)  # type: ignore[call-arg]  # mypy is not smart enough here
&gt;       raise exception_class(message, screen, stacktrace)
E       selenium.common.exceptions.WebDriverException: Message: unknown error: net::ERR_CONNECTION_REFUSED
E         (Session info: chrome=137.0.7151.120)
E       Stacktrace:
E       	GetHandleVerifier [0x0x7ff65e79cda5+78885]
E       	GetHandleVerifier [0x0x7ff65e79ce00+78976]
E       	(No symbol) [0x0x7ff65e559bca]
E       	(No symbol) [0x0x7ff65e5565e2]
E       	(No symbol) [0x0x7ff65e547319]
E       	(No symbol) [0x0x7ff65e5490c1]
E       	(No symbol) [0x0x7ff65e547636]
E       	(No symbol) [0x0x7ff65e547096]
E       	(No symbol) [0x0x7ff65e546d5a]
E       	(No symbol) [0x0x7ff65e54492f]
E       	(No symbol) [0x0x7ff65e5451ac]
E       	(No symbol) [0x0x7ff65e55db7a]
E       	(No symbol) [0x0x7ff65e60201e]
E       	(No symbol) [0x0x7ff65e5d8b8a]
E       	(No symbol) [0x0x7ff65e60122f]
E       	(No symbol) [0x0x7ff65e5d8963]
E       	(No symbol) [0x0x7ff65e5a16b1]
E       	(No symbol) [0x0x7ff65e5a2443]
E       	GetHandleVerifier [0x0x7ff65ea74eed+3061101]
E       	GetHandleVerifier [0x0x7ff65ea6f33d+3037629]
E       	GetHandleVerifier [0x0x7ff65ea8e592+3165202]
E       	GetHandleVerifier [0x0x7ff65e7b730e+186766]
E       	GetHandleVerifier [0x0x7ff65e7beb3f+217535]
E       	GetHandleVerifier [0x0x7ff65e7a59b4+114740]
E       	GetHandleVerifier [0x0x7ff65e7a5b69+115177]
E       	GetHandleVerifier [0x0x7ff65e78c368+10728]
E       	BaseThreadInitThunk [0x0x7ffe39c47374+20]
E       	RtlUserThreadStart [0x0x7ffe3a59cc91+33]

C:\Users\deois\AppData\Local\Programs\Python\Python312\Lib\site-packages\selenium\webdriver\remote\errorhandler.py:232: WebDriverException</error></testcase><testcase classname="whitelabel-rag.tests.test_frontend_interaction.FrontendInteractionTest" name="test_user_flow_chat_interaction" time="0.005"><error message="failed on setup with &quot;selenium.common.exceptions.WebDriverException: Message: unknown error: net::ERR_CONNECTION_REFUSED&#10;  (Session info: chrome=137.0.7151.120)&#10;Stacktrace:&#10;&#09;GetHandleVerifier [0x0x7ff65e79cda5+78885]&#10;&#09;GetHandleVerifier [0x0x7ff65e79ce00+78976]&#10;&#09;(No symbol) [0x0x7ff65e559bca]&#10;&#09;(No symbol) [0x0x7ff65e5565e2]&#10;&#09;(No symbol) [0x0x7ff65e547319]&#10;&#09;(No symbol) [0x0x7ff65e5490c1]&#10;&#09;(No symbol) [0x0x7ff65e547636]&#10;&#09;(No symbol) [0x0x7ff65e547096]&#10;&#09;(No symbol) [0x0x7ff65e546d5a]&#10;&#09;(No symbol) [0x0x7ff65e54492f]&#10;&#09;(No symbol) [0x0x7ff65e5451ac]&#10;&#09;(No symbol) [0x0x7ff65e55db7a]&#10;&#09;(No symbol) [0x0x7ff65e60201e]&#10;&#09;(No symbol) [0x0x7ff65e5d8b8a]&#10;&#09;(No symbol) [0x0x7ff65e60122f]&#10;&#09;(No symbol) [0x0x7ff65e5d8963]&#10;&#09;(No symbol) [0x0x7ff65e5a16b1]&#10;&#09;(No symbol) [0x0x7ff65e5a2443]&#10;&#09;GetHandleVerifier [0x0x7ff65ea74eed+3061101]&#10;&#09;GetHandleVerifier [0x0x7ff65ea6f33d+3037629]&#10;&#09;GetHandleVerifier [0x0x7ff65ea8e592+3165202]&#10;&#09;GetHandleVerifier [0x0x7ff65e7b730e+186766]&#10;&#09;GetHandleVerifier [0x0x7ff65e7beb3f+217535]&#10;&#09;GetHandleVerifier [0x0x7ff65e7a59b4+114740]&#10;&#09;GetHandleVerifier [0x0x7ff65e7a5b69+115177]&#10;&#09;GetHandleVerifier [0x0x7ff65e78c368+10728]&#10;&#09;BaseThreadInitThunk [0x0x7ffe39c47374+20]&#10;&#09;RtlUserThreadStart [0x0x7ffe3a59cc91+33]&quot;">cls = &lt;class 'tests.test_frontend_interaction.FrontendInteractionTest'&gt;

    @classmethod
    def setUpClass(cls):
        """Set up the test environment."""
        # First, make sure the application is running
        cls.ensure_app_is_running()
    
        chrome_options = Options()
        chrome_options.add_argument("--headless")
        chrome_options.add_argument("--disable-gpu")
        chrome_options.add_argument("--no-sandbox")
        chrome_options.add_argument("--disable-dev-shm-usage")
    
        cls.driver = webdriver.Chrome(options=chrome_options)
    
        # Add retry mechanism for connecting to the application
        max_retries = 5
        for attempt in range(max_retries):
            try:
&gt;               cls.driver.get("http://localhost:5000/")

whitelabel-rag\tests\test_frontend_interaction.py:33: 
_ _ _ _ _ _ _ _ _ _ _ _ _ _ _ _ _ _ _ _ _ _ _ _ _ _ _ _ _ _ _ _ _ _ _ _ _ _ _ _ _ _ _ _ _ _ _ _
C:\Users\deois\AppData\Local\Programs\Python\Python312\Lib\site-packages\selenium\webdriver\remote\webdriver.py:472: in get
    self.execute(Command.GET, {"url": url})
C:\Users\deois\AppData\Local\Programs\Python\Python312\Lib\site-packages\selenium\webdriver\remote\webdriver.py:447: in execute
    self.error_handler.check_response(response)
_ _ _ _ _ _ _ _ _ _ _ _ _ _ _ _ _ _ _ _ _ _ _ _ _ _ _ _ _ _ _ _ _ _ _ _ _ _ _ _ _ _ _ _ _ _ _ _

self = &lt;selenium.webdriver.remote.errorhandler.ErrorHandler object at 0x0000023EA3956900&gt;
response = {'status': 500, 'value': '{"value":{"error":"unknown error","message":"unknown error: net::ERR_CONNECTION_REFUSED\\n  ...ff65e78c368+10728]\\n\\tBaseThreadInitThunk [0x0x7ffe39c47374+20]\\n\\tRtlUserThreadStart [0x0x7ffe3a59cc91+33]\\n"}}'}

    def check_response(self, response: Dict[str, Any]) -&gt; None:
        """Checks that a JSON response from the WebDriver does not have an
        error.
    
        :Args:
         - response - The JSON response from the WebDriver server as a dictionary
           object.
    
        :Raises: If the response contains an error message.
        """
        status = response.get("status", None)
        if not status or status == ErrorCode.SUCCESS:
            return
        value = None
        message = response.get("message", "")
        screen: str = response.get("screen", "")
        stacktrace = None
        if isinstance(status, int):
            value_json = response.get("value", None)
            if value_json and isinstance(value_json, str):
                import json
    
                try:
                    value = json.loads(value_json)
                    if len(value) == 1:
                        value = value["value"]
                    status = value.get("error", None)
                    if not status:
                        status = value.get("status", ErrorCode.UNKNOWN_ERROR)
                        message = value.get("value") or value.get("message")
                        if not isinstance(message, str):
                            value = message
                            message = message.get("message")
                    else:
                        message = value.get("message", None)
                except ValueError:
                    pass
    
        exception_class: Type[WebDriverException]
        e = ErrorCode()
        error_codes = [item for item in dir(e) if not item.startswith("__")]
        for error_code in error_codes:
            error_info = getattr(ErrorCode, error_code)
            if isinstance(error_info, list) and status in error_info:
                exception_class = getattr(ExceptionMapping, error_code, WebDriverException)
                break
        else:
            exception_class = WebDriverException
    
        if not value:
            value = response["value"]
        if isinstance(value, str):
            raise exception_class(value)
        if message == "" and "message" in value:
            message = value["message"]
    
        screen = None  # type: ignore[assignment]
        if "screen" in value:
            screen = value["screen"]
    
        stacktrace = None
        st_value = value.get("stackTrace") or value.get("stacktrace")
        if st_value:
            if isinstance(st_value, str):
                stacktrace = st_value.split("\n")
            else:
                stacktrace = []
                try:
                    for frame in st_value:
                        line = frame.get("lineNumber", "")
                        file = frame.get("fileName", "&lt;anonymous&gt;")
                        if line:
                            file = f"{file}:{line}"
                        meth = frame.get("methodName", "&lt;anonymous&gt;")
                        if "className" in frame:
                            meth = f"{frame['className']}.{meth}"
                        msg = "    at %s (%s)"
                        msg = msg % (meth, file)
                        stacktrace.append(msg)
                except TypeError:
                    pass
        if exception_class == UnexpectedAlertPresentException:
            alert_text = None
            if "data" in value:
                alert_text = value["data"].get("text")
            elif "alert" in value:
                alert_text = value["alert"].get("text")
            raise exception_class(message, screen, stacktrace, alert_text)  # type: ignore[call-arg]  # mypy is not smart enough here
&gt;       raise exception_class(message, screen, stacktrace)
E       selenium.common.exceptions.WebDriverException: Message: unknown error: net::ERR_CONNECTION_REFUSED
E         (Session info: chrome=137.0.7151.120)
E       Stacktrace:
E       	GetHandleVerifier [0x0x7ff65e79cda5+78885]
E       	GetHandleVerifier [0x0x7ff65e79ce00+78976]
E       	(No symbol) [0x0x7ff65e559bca]
E       	(No symbol) [0x0x7ff65e5565e2]
E       	(No symbol) [0x0x7ff65e547319]
E       	(No symbol) [0x0x7ff65e5490c1]
E       	(No symbol) [0x0x7ff65e547636]
E       	(No symbol) [0x0x7ff65e547096]
E       	(No symbol) [0x0x7ff65e546d5a]
E       	(No symbol) [0x0x7ff65e54492f]
E       	(No symbol) [0x0x7ff65e5451ac]
E       	(No symbol) [0x0x7ff65e55db7a]
E       	(No symbol) [0x0x7ff65e60201e]
E       	(No symbol) [0x0x7ff65e5d8b8a]
E       	(No symbol) [0x0x7ff65e60122f]
E       	(No symbol) [0x0x7ff65e5d8963]
E       	(No symbol) [0x0x7ff65e5a16b1]
E       	(No symbol) [0x0x7ff65e5a2443]
E       	GetHandleVerifier [0x0x7ff65ea74eed+3061101]
E       	GetHandleVerifier [0x0x7ff65ea6f33d+3037629]
E       	GetHandleVerifier [0x0x7ff65ea8e592+3165202]
E       	GetHandleVerifier [0x0x7ff65e7b730e+186766]
E       	GetHandleVerifier [0x0x7ff65e7beb3f+217535]
E       	GetHandleVerifier [0x0x7ff65e7a59b4+114740]
E       	GetHandleVerifier [0x0x7ff65e7a5b69+115177]
E       	GetHandleVerifier [0x0x7ff65e78c368+10728]
E       	BaseThreadInitThunk [0x0x7ffe39c47374+20]
E       	RtlUserThreadStart [0x0x7ffe3a59cc91+33]

C:\Users\deois\AppData\Local\Programs\Python\Python312\Lib\site-packages\selenium\webdriver\remote\errorhandler.py:232: WebDriverException</error></testcase><testcase classname="whitelabel-rag.tests.test_frontend_layout.FrontendLayoutTest" name="test_main_elements_present" time="9.264"><error message="failed on setup with &quot;selenium.common.exceptions.WebDriverException: Message: unknown error: net::ERR_CONNECTION_REFUSED&#10;  (Session info: chrome=137.0.7151.120)&#10;Stacktrace:&#10;&#09;GetHandleVerifier [0x0x7ff65e79cda5+78885]&#10;&#09;GetHandleVerifier [0x0x7ff65e79ce00+78976]&#10;&#09;(No symbol) [0x0x7ff65e559bca]&#10;&#09;(No symbol) [0x0x7ff65e5565e2]&#10;&#09;(No symbol) [0x0x7ff65e547319]&#10;&#09;(No symbol) [0x0x7ff65e5490c1]&#10;&#09;(No symbol) [0x0x7ff65e547636]&#10;&#09;(No symbol) [0x0x7ff65e547096]&#10;&#09;(No symbol) [0x0x7ff65e546d5a]&#10;&#09;(No symbol) [0x0x7ff65e54492f]&#10;&#09;(No symbol) [0x0x7ff65e5451ac]&#10;&#09;(No symbol) [0x0x7ff65e55db7a]&#10;&#09;(No symbol) [0x0x7ff65e60201e]&#10;&#09;(No symbol) [0x0x7ff65e5d8b8a]&#10;&#09;(No symbol) [0x0x7ff65e60122f]&#10;&#09;(No symbol) [0x0x7ff65e5d8963]&#10;&#09;(No symbol) [0x0x7ff65e5a16b1]&#10;&#09;(No symbol) [0x0x7ff65e5a2443]&#10;&#09;GetHandleVerifier [0x0x7ff65ea74eed+3061101]&#10;&#09;GetHandleVerifier [0x0x7ff65ea6f33d+3037629]&#10;&#09;GetHandleVerifier [0x0x7ff65ea8e592+3165202]&#10;&#09;GetHandleVerifier [0x0x7ff65e7b730e+186766]&#10;&#09;GetHandleVerifier [0x0x7ff65e7beb3f+217535]&#10;&#09;GetHandleVerifier [0x0x7ff65e7a59b4+114740]&#10;&#09;GetHandleVerifier [0x0x7ff65e7a5b69+115177]&#10;&#09;GetHandleVerifier [0x0x7ff65e78c368+10728]&#10;&#09;BaseThreadInitThunk [0x0x7ffe39c47374+20]&#10;&#09;RtlUserThreadStart [0x0x7ffe3a59cc91+33]&quot;">cls = &lt;class 'tests.test_frontend_layout.FrontendLayoutTest'&gt;

    @classmethod
    def setUpClass(cls):
        chrome_options = Options()
        chrome_options.add_argument("--headless")
        chrome_options.add_argument("--disable-gpu")
        cls.driver = webdriver.Chrome(options=chrome_options)
&gt;       cls.driver.get("http://localhost:5000/")  # Adjust port if needed

whitelabel-rag\tests\test_frontend_layout.py:13: 
_ _ _ _ _ _ _ _ _ _ _ _ _ _ _ _ _ _ _ _ _ _ _ _ _ _ _ _ _ _ _ _ _ _ _ _ _ _ _ _ _ _ _ _ _ _ _ _
C:\Users\deois\AppData\Local\Programs\Python\Python312\Lib\site-packages\selenium\webdriver\remote\webdriver.py:472: in get
    self.execute(Command.GET, {"url": url})
C:\Users\deois\AppData\Local\Programs\Python\Python312\Lib\site-packages\selenium\webdriver\remote\webdriver.py:447: in execute
    self.error_handler.check_response(response)
_ _ _ _ _ _ _ _ _ _ _ _ _ _ _ _ _ _ _ _ _ _ _ _ _ _ _ _ _ _ _ _ _ _ _ _ _ _ _ _ _ _ _ _ _ _ _ _

self = &lt;selenium.webdriver.remote.errorhandler.ErrorHandler object at 0x0000023EA3C9CBC0&gt;
response = {'status': 500, 'value': '{"value":{"error":"unknown error","message":"unknown error: net::ERR_CONNECTION_REFUSED\\n  ...ff65e78c368+10728]\\n\\tBaseThreadInitThunk [0x0x7ffe39c47374+20]\\n\\tRtlUserThreadStart [0x0x7ffe3a59cc91+33]\\n"}}'}

    def check_response(self, response: Dict[str, Any]) -&gt; None:
        """Checks that a JSON response from the WebDriver does not have an
        error.
    
        :Args:
         - response - The JSON response from the WebDriver server as a dictionary
           object.
    
        :Raises: If the response contains an error message.
        """
        status = response.get("status", None)
        if not status or status == ErrorCode.SUCCESS:
            return
        value = None
        message = response.get("message", "")
        screen: str = response.get("screen", "")
        stacktrace = None
        if isinstance(status, int):
            value_json = response.get("value", None)
            if value_json and isinstance(value_json, str):
                import json
    
                try:
                    value = json.loads(value_json)
                    if len(value) == 1:
                        value = value["value"]
                    status = value.get("error", None)
                    if not status:
                        status = value.get("status", ErrorCode.UNKNOWN_ERROR)
                        message = value.get("value") or value.get("message")
                        if not isinstance(message, str):
                            value = message
                            message = message.get("message")
                    else:
                        message = value.get("message", None)
                except ValueError:
                    pass
    
        exception_class: Type[WebDriverException]
        e = ErrorCode()
        error_codes = [item for item in dir(e) if not item.startswith("__")]
        for error_code in error_codes:
            error_info = getattr(ErrorCode, error_code)
            if isinstance(error_info, list) and status in error_info:
                exception_class = getattr(ExceptionMapping, error_code, WebDriverException)
                break
        else:
            exception_class = WebDriverException
    
        if not value:
            value = response["value"]
        if isinstance(value, str):
            raise exception_class(value)
        if message == "" and "message" in value:
            message = value["message"]
    
        screen = None  # type: ignore[assignment]
        if "screen" in value:
            screen = value["screen"]
    
        stacktrace = None
        st_value = value.get("stackTrace") or value.get("stacktrace")
        if st_value:
            if isinstance(st_value, str):
                stacktrace = st_value.split("\n")
            else:
                stacktrace = []
                try:
                    for frame in st_value:
                        line = frame.get("lineNumber", "")
                        file = frame.get("fileName", "&lt;anonymous&gt;")
                        if line:
                            file = f"{file}:{line}"
                        meth = frame.get("methodName", "&lt;anonymous&gt;")
                        if "className" in frame:
                            meth = f"{frame['className']}.{meth}"
                        msg = "    at %s (%s)"
                        msg = msg % (meth, file)
                        stacktrace.append(msg)
                except TypeError:
                    pass
        if exception_class == UnexpectedAlertPresentException:
            alert_text = None
            if "data" in value:
                alert_text = value["data"].get("text")
            elif "alert" in value:
                alert_text = value["alert"].get("text")
            raise exception_class(message, screen, stacktrace, alert_text)  # type: ignore[call-arg]  # mypy is not smart enough here
&gt;       raise exception_class(message, screen, stacktrace)
E       selenium.common.exceptions.WebDriverException: Message: unknown error: net::ERR_CONNECTION_REFUSED
E         (Session info: chrome=137.0.7151.120)
E       Stacktrace:
E       	GetHandleVerifier [0x0x7ff65e79cda5+78885]
E       	GetHandleVerifier [0x0x7ff65e79ce00+78976]
E       	(No symbol) [0x0x7ff65e559bca]
E       	(No symbol) [0x0x7ff65e5565e2]
E       	(No symbol) [0x0x7ff65e547319]
E       	(No symbol) [0x0x7ff65e5490c1]
E       	(No symbol) [0x0x7ff65e547636]
E       	(No symbol) [0x0x7ff65e547096]
E       	(No symbol) [0x0x7ff65e546d5a]
E       	(No symbol) [0x0x7ff65e54492f]
E       	(No symbol) [0x0x7ff65e5451ac]
E       	(No symbol) [0x0x7ff65e55db7a]
E       	(No symbol) [0x0x7ff65e60201e]
E       	(No symbol) [0x0x7ff65e5d8b8a]
E       	(No symbol) [0x0x7ff65e60122f]
E       	(No symbol) [0x0x7ff65e5d8963]
E       	(No symbol) [0x0x7ff65e5a16b1]
E       	(No symbol) [0x0x7ff65e5a2443]
E       	GetHandleVerifier [0x0x7ff65ea74eed+3061101]
E       	GetHandleVerifier [0x0x7ff65ea6f33d+3037629]
E       	GetHandleVerifier [0x0x7ff65ea8e592+3165202]
E       	GetHandleVerifier [0x0x7ff65e7b730e+186766]
E       	GetHandleVerifier [0x0x7ff65e7beb3f+217535]
E       	GetHandleVerifier [0x0x7ff65e7a59b4+114740]
E       	GetHandleVerifier [0x0x7ff65e7a5b69+115177]
E       	GetHandleVerifier [0x0x7ff65e78c368+10728]
E       	BaseThreadInitThunk [0x0x7ffe39c47374+20]
E       	RtlUserThreadStart [0x0x7ffe3a59cc91+33]

C:\Users\deois\AppData\Local\Programs\Python\Python312\Lib\site-packages\selenium\webdriver\remote\errorhandler.py:232: WebDriverException</error></testcase><testcase classname="whitelabel-rag.tests.test_frontend_layout.FrontendLayoutTest" name="test_responsive_layout" time="0.002"><error message="failed on setup with &quot;selenium.common.exceptions.WebDriverException: Message: unknown error: net::ERR_CONNECTION_REFUSED&#10;  (Session info: chrome=137.0.7151.120)&#10;Stacktrace:&#10;&#09;GetHandleVerifier [0x0x7ff65e79cda5+78885]&#10;&#09;GetHandleVerifier [0x0x7ff65e79ce00+78976]&#10;&#09;(No symbol) [0x0x7ff65e559bca]&#10;&#09;(No symbol) [0x0x7ff65e5565e2]&#10;&#09;(No symbol) [0x0x7ff65e547319]&#10;&#09;(No symbol) [0x0x7ff65e5490c1]&#10;&#09;(No symbol) [0x0x7ff65e547636]&#10;&#09;(No symbol) [0x0x7ff65e547096]&#10;&#09;(No symbol) [0x0x7ff65e546d5a]&#10;&#09;(No symbol) [0x0x7ff65e54492f]&#10;&#09;(No symbol) [0x0x7ff65e5451ac]&#10;&#09;(No symbol) [0x0x7ff65e55db7a]&#10;&#09;(No symbol) [0x0x7ff65e60201e]&#10;&#09;(No symbol) [0x0x7ff65e5d8b8a]&#10;&#09;(No symbol) [0x0x7ff65e60122f]&#10;&#09;(No symbol) [0x0x7ff65e5d8963]&#10;&#09;(No symbol) [0x0x7ff65e5a16b1]&#10;&#09;(No symbol) [0x0x7ff65e5a2443]&#10;&#09;GetHandleVerifier [0x0x7ff65ea74eed+3061101]&#10;&#09;GetHandleVerifier [0x0x7ff65ea6f33d+3037629]&#10;&#09;GetHandleVerifier [0x0x7ff65ea8e592+3165202]&#10;&#09;GetHandleVerifier [0x0x7ff65e7b730e+186766]&#10;&#09;GetHandleVerifier [0x0x7ff65e7beb3f+217535]&#10;&#09;GetHandleVerifier [0x0x7ff65e7a59b4+114740]&#10;&#09;GetHandleVerifier [0x0x7ff65e7a5b69+115177]&#10;&#09;GetHandleVerifier [0x0x7ff65e78c368+10728]&#10;&#09;BaseThreadInitThunk [0x0x7ffe39c47374+20]&#10;&#09;RtlUserThreadStart [0x0x7ffe3a59cc91+33]&quot;">cls = &lt;class 'tests.test_frontend_layout.FrontendLayoutTest'&gt;

    @classmethod
    def setUpClass(cls):
        chrome_options = Options()
        chrome_options.add_argument("--headless")
        chrome_options.add_argument("--disable-gpu")
        cls.driver = webdriver.Chrome(options=chrome_options)
&gt;       cls.driver.get("http://localhost:5000/")  # Adjust port if needed

whitelabel-rag\tests\test_frontend_layout.py:13: 
_ _ _ _ _ _ _ _ _ _ _ _ _ _ _ _ _ _ _ _ _ _ _ _ _ _ _ _ _ _ _ _ _ _ _ _ _ _ _ _ _ _ _ _ _ _ _ _
C:\Users\deois\AppData\Local\Programs\Python\Python312\Lib\site-packages\selenium\webdriver\remote\webdriver.py:472: in get
    self.execute(Command.GET, {"url": url})
C:\Users\deois\AppData\Local\Programs\Python\Python312\Lib\site-packages\selenium\webdriver\remote\webdriver.py:447: in execute
    self.error_handler.check_response(response)
_ _ _ _ _ _ _ _ _ _ _ _ _ _ _ _ _ _ _ _ _ _ _ _ _ _ _ _ _ _ _ _ _ _ _ _ _ _ _ _ _ _ _ _ _ _ _ _

self = &lt;selenium.webdriver.remote.errorhandler.ErrorHandler object at 0x0000023EA3C9CBC0&gt;
response = {'status': 500, 'value': '{"value":{"error":"unknown error","message":"unknown error: net::ERR_CONNECTION_REFUSED\\n  ...ff65e78c368+10728]\\n\\tBaseThreadInitThunk [0x0x7ffe39c47374+20]\\n\\tRtlUserThreadStart [0x0x7ffe3a59cc91+33]\\n"}}'}

    def check_response(self, response: Dict[str, Any]) -&gt; None:
        """Checks that a JSON response from the WebDriver does not have an
        error.
    
        :Args:
         - response - The JSON response from the WebDriver server as a dictionary
           object.
    
        :Raises: If the response contains an error message.
        """
        status = response.get("status", None)
        if not status or status == ErrorCode.SUCCESS:
            return
        value = None
        message = response.get("message", "")
        screen: str = response.get("screen", "")
        stacktrace = None
        if isinstance(status, int):
            value_json = response.get("value", None)
            if value_json and isinstance(value_json, str):
                import json
    
                try:
                    value = json.loads(value_json)
                    if len(value) == 1:
                        value = value["value"]
                    status = value.get("error", None)
                    if not status:
                        status = value.get("status", ErrorCode.UNKNOWN_ERROR)
                        message = value.get("value") or value.get("message")
                        if not isinstance(message, str):
                            value = message
                            message = message.get("message")
                    else:
                        message = value.get("message", None)
                except ValueError:
                    pass
    
        exception_class: Type[WebDriverException]
        e = ErrorCode()
        error_codes = [item for item in dir(e) if not item.startswith("__")]
        for error_code in error_codes:
            error_info = getattr(ErrorCode, error_code)
            if isinstance(error_info, list) and status in error_info:
                exception_class = getattr(ExceptionMapping, error_code, WebDriverException)
                break
        else:
            exception_class = WebDriverException
    
        if not value:
            value = response["value"]
        if isinstance(value, str):
            raise exception_class(value)
        if message == "" and "message" in value:
            message = value["message"]
    
        screen = None  # type: ignore[assignment]
        if "screen" in value:
            screen = value["screen"]
    
        stacktrace = None
        st_value = value.get("stackTrace") or value.get("stacktrace")
        if st_value:
            if isinstance(st_value, str):
                stacktrace = st_value.split("\n")
            else:
                stacktrace = []
                try:
                    for frame in st_value:
                        line = frame.get("lineNumber", "")
                        file = frame.get("fileName", "&lt;anonymous&gt;")
                        if line:
                            file = f"{file}:{line}"
                        meth = frame.get("methodName", "&lt;anonymous&gt;")
                        if "className" in frame:
                            meth = f"{frame['className']}.{meth}"
                        msg = "    at %s (%s)"
                        msg = msg % (meth, file)
                        stacktrace.append(msg)
                except TypeError:
                    pass
        if exception_class == UnexpectedAlertPresentException:
            alert_text = None
            if "data" in value:
                alert_text = value["data"].get("text")
            elif "alert" in value:
                alert_text = value["alert"].get("text")
            raise exception_class(message, screen, stacktrace, alert_text)  # type: ignore[call-arg]  # mypy is not smart enough here
&gt;       raise exception_class(message, screen, stacktrace)
E       selenium.common.exceptions.WebDriverException: Message: unknown error: net::ERR_CONNECTION_REFUSED
E         (Session info: chrome=137.0.7151.120)
E       Stacktrace:
E       	GetHandleVerifier [0x0x7ff65e79cda5+78885]
E       	GetHandleVerifier [0x0x7ff65e79ce00+78976]
E       	(No symbol) [0x0x7ff65e559bca]
E       	(No symbol) [0x0x7ff65e5565e2]
E       	(No symbol) [0x0x7ff65e547319]
E       	(No symbol) [0x0x7ff65e5490c1]
E       	(No symbol) [0x0x7ff65e547636]
E       	(No symbol) [0x0x7ff65e547096]
E       	(No symbol) [0x0x7ff65e546d5a]
E       	(No symbol) [0x0x7ff65e54492f]
E       	(No symbol) [0x0x7ff65e5451ac]
E       	(No symbol) [0x0x7ff65e55db7a]
E       	(No symbol) [0x0x7ff65e60201e]
E       	(No symbol) [0x0x7ff65e5d8b8a]
E       	(No symbol) [0x0x7ff65e60122f]
E       	(No symbol) [0x0x7ff65e5d8963]
E       	(No symbol) [0x0x7ff65e5a16b1]
E       	(No symbol) [0x0x7ff65e5a2443]
E       	GetHandleVerifier [0x0x7ff65ea74eed+3061101]
E       	GetHandleVerifier [0x0x7ff65ea6f33d+3037629]
E       	GetHandleVerifier [0x0x7ff65ea8e592+3165202]
E       	GetHandleVerifier [0x0x7ff65e7b730e+186766]
E       	GetHandleVerifier [0x0x7ff65e7beb3f+217535]
E       	GetHandleVerifier [0x0x7ff65e7a59b4+114740]
E       	GetHandleVerifier [0x0x7ff65e7a5b69+115177]
E       	GetHandleVerifier [0x0x7ff65e78c368+10728]
E       	BaseThreadInitThunk [0x0x7ffe39c47374+20]
E       	RtlUserThreadStart [0x0x7ffe3a59cc91+33]

C:\Users\deois\AppData\Local\Programs\Python\Python312\Lib\site-packages\selenium\webdriver\remote\errorhandler.py:232: WebDriverException</error></testcase><testcase classname="whitelabel-rag.tests.test_full_functionality" name="test_document_upload_search_and_chat" time="0.400"><failure message="TypeError: TestClient.post() got an unexpected keyword argument 'content_type'">client = &lt;starlette.testclient.TestClient object at 0x0000023EA33EEB10&gt;

    def test_document_upload_search_and_chat(client):
        # Upload a document
        data = {
            'file': (io.BytesIO(b'This is a test document content for full functionality'), 'full_test_doc.txt')
        }
&gt;       upload_resp = client.post('/api/files', data=data, content_type='multipart/form-data')
E       TypeError: TestClient.post() got an unexpected keyword argument 'content_type'

whitelabel-rag\tests\test_full_functionality.py:19: TypeError</failure></testcase><testcase classname="whitelabel-rag.tests.test_multimedia" name="test_multimedia_upload_and_info[test_image.jpg-image/jpeg]" time="0.026"><error message="failed on setup with &quot;AttributeError: 'FastAPI' object has no attribute 'config'&quot;">@pytest.fixture
    def client():
        from app import create_app
        app = create_app()
&gt;       app.config['TESTING'] = True
E       AttributeError: 'FastAPI' object has no attribute 'config'

whitelabel-rag\tests\test_multimedia.py:8: AttributeError</error></testcase><testcase classname="whitelabel-rag.tests.test_multimedia" name="test_multimedia_upload_and_info[test_video.mp4-video/mp4]" time="0.025"><error message="failed on setup with &quot;AttributeError: 'FastAPI' object has no attribute 'config'&quot;">@pytest.fixture
    def client():
        from app import create_app
        app = create_app()
&gt;       app.config['TESTING'] = True
E       AttributeError: 'FastAPI' object has no attribute 'config'

whitelabel-rag\tests\test_multimedia.py:8: AttributeError</error></testcase><testcase classname="whitelabel-rag.tests.test_multimedia" name="test_multimedia_upload_and_info[test_audio.mp3-audio/mpeg]" time="0.033"><error message="failed on setup with &quot;AttributeError: 'FastAPI' object has no attribute 'config'&quot;">@pytest.fixture
    def client():
        from app import create_app
        app = create_app()
&gt;       app.config['TESTING'] = True
E       AttributeError: 'FastAPI' object has no attribute 'config'

whitelabel-rag\tests\test_multimedia.py:8: AttributeError</error></testcase><testcase classname="whitelabel-rag.tests.test_multimedia" name="test_multimedia_upload_unsupported_file[unsupported_file.txt]" time="0.025"><error message="failed on setup with &quot;AttributeError: 'FastAPI' object has no attribute 'config'&quot;">@pytest.fixture
    def client():
        from app import create_app
        app = create_app()
&gt;       app.config['TESTING'] = True
E       AttributeError: 'FastAPI' object has no attribute 'config'

whitelabel-rag\tests\test_multimedia.py:8: AttributeError</error></testcase><testcase classname="whitelabel-rag.tests.test_multimedia" name="test_multimedia_upload_unsupported_file[malicious.exe]" time="0.020"><error message="failed on setup with &quot;AttributeError: 'FastAPI' object has no attribute 'config'&quot;">@pytest.fixture
    def client():
        from app import create_app
        app = create_app()
&gt;       app.config['TESTING'] = True
E       AttributeError: 'FastAPI' object has no attribute 'config'

whitelabel-rag\tests\test_multimedia.py:8: AttributeError</error></testcase><testcase classname="whitelabel-rag.tests.test_rag_manager" name="test_query_documents_basic_rag_only" time="0.016"><failure message="AttributeError: &lt;app.services.rag_manager.RAGManager object at 0x0000023EA3957650&gt; does not have the attribute '_basic_rag_workflow'">rag_manager = &lt;app.services.rag_manager.RAGManager object at 0x0000023EA3957650&gt;

    def test_query_documents_basic_rag_only(rag_manager):
&gt;       with patch.object(rag_manager, '_basic_rag_workflow') as mock_basic_rag:

whitelabel-rag\tests\test_rag_manager.py:10: 
_ _ _ _ _ _ _ _ _ _ _ _ _ _ _ _ _ _ _ _ _ _ _ _ _ _ _ _ _ _ _ _ _ _ _ _ _ _ _ _ _ _ _ _ _ _ _ _
C:\Users\deois\AppData\Local\Programs\Python\Python312\Lib\unittest\mock.py:1461: in __enter__
    original, local = self.get_original()
_ _ _ _ _ _ _ _ _ _ _ _ _ _ _ _ _ _ _ _ _ _ _ _ _ _ _ _ _ _ _ _ _ _ _ _ _ _ _ _ _ _ _ _ _ _ _ _

self = &lt;unittest.mock._patch object at 0x0000023EA3409430&gt;

    def get_original(self):
        target = self.getter()
        name = self.attribute
    
        original = DEFAULT
        local = False
    
        try:
            original = target.__dict__[name]
        except (AttributeError, KeyError):
            original = getattr(target, name, DEFAULT)
        else:
            local = True
    
        if name in _builtins and isinstance(target, ModuleType):
            self.create = True
    
        if not self.create and original is DEFAULT:
&gt;           raise AttributeError(
                "%s does not have the attribute %r" % (target, name)
            )
E           AttributeError: &lt;app.services.rag_manager.RAGManager object at 0x0000023EA3957650&gt; does not have the attribute '_basic_rag_workflow'

C:\Users\deois\AppData\Local\Programs\Python\Python312\Lib\unittest\mock.py:1434: AttributeError</failure></testcase><testcase classname="whitelabel-rag.tests.test_rag_manager" name="test_query_documents_fallback_to_internet_search" time="0.007"><failure message="AttributeError: &lt;app.services.rag_manager.RAGManager object at 0x0000023EA3957650&gt; does not have the attribute '_basic_rag_workflow'">rag_manager = &lt;app.services.rag_manager.RAGManager object at 0x0000023EA3957650&gt;

    def test_query_documents_fallback_to_internet_search(rag_manager):
&gt;       with patch.object(rag_manager, '_basic_rag_workflow') as mock_basic_rag, \
             patch.object(rag_manager.internet_search_agent, 'search') as mock_internet_search:

whitelabel-rag\tests\test_rag_manager.py:23: 
_ _ _ _ _ _ _ _ _ _ _ _ _ _ _ _ _ _ _ _ _ _ _ _ _ _ _ _ _ _ _ _ _ _ _ _ _ _ _ _ _ _ _ _ _ _ _ _
C:\Users\deois\AppData\Local\Programs\Python\Python312\Lib\unittest\mock.py:1461: in __enter__
    original, local = self.get_original()
_ _ _ _ _ _ _ _ _ _ _ _ _ _ _ _ _ _ _ _ _ _ _ _ _ _ _ _ _ _ _ _ _ _ _ _ _ _ _ _ _ _ _ _ _ _ _ _

self = &lt;unittest.mock._patch object at 0x0000023EA3830F50&gt;

    def get_original(self):
        target = self.getter()
        name = self.attribute
    
        original = DEFAULT
        local = False
    
        try:
            original = target.__dict__[name]
        except (AttributeError, KeyError):
            original = getattr(target, name, DEFAULT)
        else:
            local = True
    
        if name in _builtins and isinstance(target, ModuleType):
            self.create = True
    
        if not self.create and original is DEFAULT:
&gt;           raise AttributeError(
                "%s does not have the attribute %r" % (target, name)
            )
E           AttributeError: &lt;app.services.rag_manager.RAGManager object at 0x0000023EA3957650&gt; does not have the attribute '_basic_rag_workflow'

C:\Users\deois\AppData\Local\Programs\Python\Python312\Lib\unittest\mock.py:1434: AttributeError</failure></testcase><testcase classname="whitelabel-rag.tests.test_regression_accuracy" name="test_regression_and_accuracy" time="0.020"><failure message="FileNotFoundError: [Errno 2] No such file or directory: 'E:\\2024 RESET\\dvoid\\whitelabel-rag\\uploads\\instructions.md'">def test_regression_and_accuracy():
&gt;       instructions_text = load_instructions()

whitelabel-rag\tests\test_regression_accuracy.py:58: 
_ _ _ _ _ _ _ _ _ _ _ _ _ _ _ _ _ _ _ _ _ _ _ _ _ _ _ _ _ _ _ _ _ _ _ _ _ _ _ _ _ _ _ _ _ _ _ _

    def load_instructions():
&gt;       with open(INSTRUCTIONS_PATH, 'r', encoding='utf-8') as f:
E       FileNotFoundError: [Errno 2] No such file or directory: 'E:\\2024 RESET\\dvoid\\whitelabel-rag\\uploads\\instructions.md'

whitelabel-rag\tests\test_regression_accuracy.py:8: FileNotFoundError</failure></testcase><testcase classname="whitelabel-rag.tests.test_sba_service.TestSBAService" name="test_sba_service_initialization" time="0.004" /><testcase classname="whitelabel-rag.tests.test_sba_service.TestSBAService" name="test_custom_model_initialization" time="0.005" /><testcase classname="whitelabel-rag.tests.test_sba_service.TestSBAService" name="test_get_embeddings" time="0.092" /><testcase classname="whitelabel-rag.tests.test_sba_service.TestSBAService" name="test_get_batch_embeddings" time="0.053" /><testcase classname="whitelabel-rag.tests.test_sba_service.TestSBAService" name="test_singleton_pattern" time="0.012"><failure message="AttributeError: &lt;module 'app.services.sba_service' from 'E:\\2024 RESET\\dvoid\\whitelabel-rag\\app\\services\\sba_service.py'&gt; does not have the attribute 'get_sba_service_instance'">args = (&lt;tests.test_sba_service.TestSBAService object at 0x0000023EA2EA4B00&gt;,), keywargs = {}

    @wraps(func)
    def patched(*args, **keywargs):
&gt;       with self.decoration_helper(patched,
                                    args,
                                    keywargs) as (newargs, newkeywargs):

C:\Users\deois\AppData\Local\Programs\Python\Python312\Lib\unittest\mock.py:1390: 
_ _ _ _ _ _ _ _ _ _ _ _ _ _ _ _ _ _ _ _ _ _ _ _ _ _ _ _ _ _ _ _ _ _ _ _ _ _ _ _ _ _ _ _ _ _ _ _
C:\Users\deois\AppData\Local\Programs\Python\Python312\Lib\contextlib.py:137: in __enter__
    return next(self.gen)
C:\Users\deois\AppData\Local\Programs\Python\Python312\Lib\unittest\mock.py:1372: in decoration_helper
    arg = exit_stack.enter_context(patching)
C:\Users\deois\AppData\Local\Programs\Python\Python312\Lib\contextlib.py:526: in enter_context
    result = _enter(cm)
C:\Users\deois\AppData\Local\Programs\Python\Python312\Lib\unittest\mock.py:1461: in __enter__
    original, local = self.get_original()
_ _ _ _ _ _ _ _ _ _ _ _ _ _ _ _ _ _ _ _ _ _ _ _ _ _ _ _ _ _ _ _ _ _ _ _ _ _ _ _ _ _ _ _ _ _ _ _

self = &lt;unittest.mock._patch object at 0x0000023EA2E8F560&gt;

    def get_original(self):
        target = self.getter()
        name = self.attribute
    
        original = DEFAULT
        local = False
    
        try:
            original = target.__dict__[name]
        except (AttributeError, KeyError):
            original = getattr(target, name, DEFAULT)
        else:
            local = True
    
        if name in _builtins and isinstance(target, ModuleType):
            self.create = True
    
        if not self.create and original is DEFAULT:
&gt;           raise AttributeError(
                "%s does not have the attribute %r" % (target, name)
            )
E           AttributeError: &lt;module 'app.services.sba_service' from 'E:\\2024 RESET\\dvoid\\whitelabel-rag\\app\\services\\sba_service.py'&gt; does not have the attribute 'get_sba_service_instance'

C:\Users\deois\AppData\Local\Programs\Python\Python312\Lib\unittest\mock.py:1434: AttributeError</failure></testcase><testcase classname="whitelabel-rag.tests.test_services" name="test_base_assistant" time="0.013" /><testcase classname="whitelabel-rag.tests.test_services" name="test_concierge_initialization" time="1.559" /><testcase classname="whitelabel-rag.tests.test_targeted_rag_mocking" name="test_concierge_handles_document_search_with_mock" time="0.009"><error message="failed on setup with &quot;AttributeError: &lt;module 'app.services.concierge' from 'E:\\2024 RESET\\dvoid\\whitelabel-rag\\app\\services\\concierge.py'&gt; does not have the attribute 'get_rag_manager'&quot;">@pytest.fixture
    def rag_manager_mock():
&gt;       with patch('app.services.concierge.get_rag_manager') as mock_get_rag_manager:

whitelabel-rag\tests\test_targeted_rag_mocking.py:12: 
_ _ _ _ _ _ _ _ _ _ _ _ _ _ _ _ _ _ _ _ _ _ _ _ _ _ _ _ _ _ _ _ _ _ _ _ _ _ _ _ _ _ _ _ _ _ _ _
C:\Users\deois\AppData\Local\Programs\Python\Python312\Lib\unittest\mock.py:1461: in __enter__
    original, local = self.get_original()
_ _ _ _ _ _ _ _ _ _ _ _ _ _ _ _ _ _ _ _ _ _ _ _ _ _ _ _ _ _ _ _ _ _ _ _ _ _ _ _ _ _ _ _ _ _ _ _

self = &lt;unittest.mock._patch object at 0x0000023EA3A7BF80&gt;

    def get_original(self):
        target = self.getter()
        name = self.attribute
    
        original = DEFAULT
        local = False
    
        try:
            original = target.__dict__[name]
        except (AttributeError, KeyError):
            original = getattr(target, name, DEFAULT)
        else:
            local = True
    
        if name in _builtins and isinstance(target, ModuleType):
            self.create = True
    
        if not self.create and original is DEFAULT:
&gt;           raise AttributeError(
                "%s does not have the attribute %r" % (target, name)
            )
E           AttributeError: &lt;module 'app.services.concierge' from 'E:\\2024 RESET\\dvoid\\whitelabel-rag\\app\\services\\concierge.py'&gt; does not have the attribute 'get_rag_manager'

C:\Users\deois\AppData\Local\Programs\Python\Python312\Lib\unittest\mock.py:1434: AttributeError</error></testcase><testcase classname="whitelabel-rag.tests.test_task_assistant" name="test_task_step_creation" time="0.004"><failure message="NameError: name 'TaskStep' is not defined">def test_task_step_creation():
        """Test TaskStep creation and basic functionality."""
&gt;       step = TaskStep(
            step_number=1,
            instruction="Test instruction",
            suggested_agent_type="SearchAgent",
            dependencies=[],
            metadata={"complexity": "low"}
        )
E       NameError: name 'TaskStep' is not defined

whitelabel-rag\tests\test_task_assistant.py:15: NameError</failure></testcase><testcase classname="whitelabel-rag.tests.test_task_assistant" name="test_task_creation" time="0.004"><failure message="NameError: name 'Task' is not defined">def test_task_creation():
        """Test Task creation and step management."""
&gt;       task = Task("test-task-id", "Test task request", "test-session")
E       NameError: name 'Task' is not defined

whitelabel-rag\tests\test_task_assistant.py:31: NameError</failure></testcase><testcase classname="whitelabel-rag.tests.test_task_assistant" name="test_task_add_step" time="0.004"><failure message="NameError: name 'Task' is not defined">def test_task_add_step():
        """Test adding steps to a task."""
&gt;       task = Task("test-task-id", "Test task request")
E       NameError: name 'Task' is not defined

whitelabel-rag\tests\test_task_assistant.py:40: NameError</failure></testcase><testcase classname="whitelabel-rag.tests.test_task_assistant" name="test_task_get_ready_steps" time="0.002"><failure message="NameError: name 'Task' is not defined">def test_task_get_ready_steps():
        """Test getting ready steps based on dependencies."""
&gt;       task = Task("test-task-id", "Test task request")
E       NameError: name 'Task' is not defined

whitelabel-rag\tests\test_task_assistant.py:49: NameError</failure></testcase><testcase classname="whitelabel-rag.tests.test_task_assistant" name="test_task_is_completed" time="0.005"><failure message="NameError: name 'Task' is not defined">def test_task_is_completed():
        """Test task completion detection."""
&gt;       task = Task("test-task-id", "Test task request")
E       NameError: name 'Task' is not defined

whitelabel-rag\tests\test_task_assistant.py:77: NameError</failure></testcase><testcase classname="whitelabel-rag.tests.test_task_assistant" name="test_task_assistant_initialization" time="0.004"><error message="failed on setup with &quot;file E:\2024 RESET\dvoid\whitelabel-rag\tests\test_task_assistant.py, line 96&#10;  def test_task_assistant_initialization(task_assistant):&#10;file E:\2024 RESET\dvoid\whitelabel-rag\tests\test_task_assistant.py, line 8&#10;  @pytest.fixture&#10;  def task_assistant(mock_llm_factory):&#10;E       fixture 'mock_llm_factory' not found&#10;&gt;       available fixtures: _configure_application, _monkeypatch_response_class, _push_request_context, _session_event_loop, _session_faker, accept_any, accept_json, accept_jsonp, accept_mimetype, anyio_backend, anyio_backend_name, anyio_backend_options, app, cache, capfd, capfdbinary, caplog, capsys, capsysbinary, class_mocker, client, client_class, config, cov, doctest_namespace, event_loop, event_loop_policy, faker, free_tcp_port, free_tcp_port_factory, free_udp_port, free_udp_port_factory, httpserver, httpserver_ipv4, httpserver_ipv6, httpserver_listen_address, httpserver_ssl_context, live_server, make_httpserver, make_httpserver_ipv4, make_httpserver_ipv6, mock_chroma_service, mock_llm, mocker, module_mocker, monkeypatch, no_cover, package_mocker, pytestconfig, record_property, record_testsuite_property, record_xml_attribute, recwarn, session_mocker, set_test_env_vars, task_assistant, temp_pdf, test_environment, tmp_path, tmp_path_factory, tmpdir, tmpdir_factory, unused_tcp_port, unused_tcp_port_factory, unused_udp_port, unused_udp_port_factory, whitelabel-rag/Lib/site-packages/pip/_vendor/pep517/in_process::&lt;event_loop&gt;, whitelabel-rag/tests/test_task_assistant.py::&lt;event_loop&gt;&#10;&gt;       use 'pytest --fixtures [testpath]' for help on them.&#10;&#10;E:\2024 RESET\dvoid\whitelabel-rag\tests\test_task_assistant.py:8&quot;">file E:\2024 RESET\dvoid\whitelabel-rag\tests\test_task_assistant.py, line 96
  def test_task_assistant_initialization(task_assistant):
file E:\2024 RESET\dvoid\whitelabel-rag\tests\test_task_assistant.py, line 8
  @pytest.fixture
  def task_assistant(mock_llm_factory):
E       fixture 'mock_llm_factory' not found
&gt;       available fixtures: _configure_application, _monkeypatch_response_class, _push_request_context, _session_event_loop, _session_faker, accept_any, accept_json, accept_jsonp, accept_mimetype, anyio_backend, anyio_backend_name, anyio_backend_options, app, cache, capfd, capfdbinary, caplog, capsys, capsysbinary, class_mocker, client, client_class, config, cov, doctest_namespace, event_loop, event_loop_policy, faker, free_tcp_port, free_tcp_port_factory, free_udp_port, free_udp_port_factory, httpserver, httpserver_ipv4, httpserver_ipv6, httpserver_listen_address, httpserver_ssl_context, live_server, make_httpserver, make_httpserver_ipv4, make_httpserver_ipv6, mock_chroma_service, mock_llm, mocker, module_mocker, monkeypatch, no_cover, package_mocker, pytestconfig, record_property, record_testsuite_property, record_xml_attribute, recwarn, session_mocker, set_test_env_vars, task_assistant, temp_pdf, test_environment, tmp_path, tmp_path_factory, tmpdir, tmpdir_factory, unused_tcp_port, unused_tcp_port_factory, unused_udp_port, unused_udp_port_factory, whitelabel-rag/Lib/site-packages/pip/_vendor/pep517/in_process::&lt;event_loop&gt;, whitelabel-rag/tests/test_task_assistant.py::&lt;event_loop&gt;
&gt;       use 'pytest --fixtures [testpath]' for help on them.

E:\2024 RESET\dvoid\whitelabel-rag\tests\test_task_assistant.py:8</error></testcase><testcase classname="whitelabel-rag.tests.test_task_assistant" name="test_task_assistant_handle_message_validation" time="0.004"><error message="failed on setup with &quot;file E:\2024 RESET\dvoid\whitelabel-rag\tests\test_task_assistant.py, line 103&#10;  def test_task_assistant_handle_message_validation(task_assistant):&#10;file E:\2024 RESET\dvoid\whitelabel-rag\tests\test_task_assistant.py, line 8&#10;  @pytest.fixture&#10;  def task_assistant(mock_llm_factory):&#10;E       fixture 'mock_llm_factory' not found&#10;&gt;       available fixtures: _configure_application, _monkeypatch_response_class, _push_request_context, _session_event_loop, _session_faker, accept_any, accept_json, accept_jsonp, accept_mimetype, anyio_backend, anyio_backend_name, anyio_backend_options, app, cache, capfd, capfdbinary, caplog, capsys, capsysbinary, class_mocker, client, client_class, config, cov, doctest_namespace, event_loop, event_loop_policy, faker, free_tcp_port, free_tcp_port_factory, free_udp_port, free_udp_port_factory, httpserver, httpserver_ipv4, httpserver_ipv6, httpserver_listen_address, httpserver_ssl_context, live_server, make_httpserver, make_httpserver_ipv4, make_httpserver_ipv6, mock_chroma_service, mock_llm, mocker, module_mocker, monkeypatch, no_cover, package_mocker, pytestconfig, record_property, record_testsuite_property, record_xml_attribute, recwarn, session_mocker, set_test_env_vars, task_assistant, temp_pdf, test_environment, tmp_path, tmp_path_factory, tmpdir, tmpdir_factory, unused_tcp_port, unused_tcp_port_factory, unused_udp_port, unused_udp_port_factory, whitelabel-rag/Lib/site-packages/pip/_vendor/pep517/in_process::&lt;event_loop&gt;, whitelabel-rag/tests/test_task_assistant.py::&lt;event_loop&gt;&#10;&gt;       use 'pytest --fixtures [testpath]' for help on them.&#10;&#10;E:\2024 RESET\dvoid\whitelabel-rag\tests\test_task_assistant.py:8&quot;">file E:\2024 RESET\dvoid\whitelabel-rag\tests\test_task_assistant.py, line 103
  def test_task_assistant_handle_message_validation(task_assistant):
file E:\2024 RESET\dvoid\whitelabel-rag\tests\test_task_assistant.py, line 8
  @pytest.fixture
  def task_assistant(mock_llm_factory):
E       fixture 'mock_llm_factory' not found
&gt;       available fixtures: _configure_application, _monkeypatch_response_class, _push_request_context, _session_event_loop, _session_faker, accept_any, accept_json, accept_jsonp, accept_mimetype, anyio_backend, anyio_backend_name, anyio_backend_options, app, cache, capfd, capfdbinary, caplog, capsys, capsysbinary, class_mocker, client, client_class, config, cov, doctest_namespace, event_loop, event_loop_policy, faker, free_tcp_port, free_tcp_port_factory, free_udp_port, free_udp_port_factory, httpserver, httpserver_ipv4, httpserver_ipv6, httpserver_listen_address, httpserver_ssl_context, live_server, make_httpserver, make_httpserver_ipv4, make_httpserver_ipv6, mock_chroma_service, mock_llm, mocker, module_mocker, monkeypatch, no_cover, package_mocker, pytestconfig, record_property, record_testsuite_property, record_xml_attribute, recwarn, session_mocker, set_test_env_vars, task_assistant, temp_pdf, test_environment, tmp_path, tmp_path_factory, tmpdir, tmpdir_factory, unused_tcp_port, unused_tcp_port_factory, unused_udp_port, unused_udp_port_factory, whitelabel-rag/Lib/site-packages/pip/_vendor/pep517/in_process::&lt;event_loop&gt;, whitelabel-rag/tests/test_task_assistant.py::&lt;event_loop&gt;
&gt;       use 'pytest --fixtures [testpath]' for help on them.

E:\2024 RESET\dvoid\whitelabel-rag\tests\test_task_assistant.py:8</error></testcase><testcase classname="whitelabel-rag.tests.test_task_assistant" name="test_task_assistant_decompose_task" time="0.005"><error message="failed on setup with &quot;file E:\2024 RESET\dvoid\whitelabel-rag\tests\test_task_assistant.py, line 115&#10;  def test_task_assistant_decompose_task(task_assistant, mock_llm_factory):&#10;file E:\2024 RESET\dvoid\whitelabel-rag\tests\test_task_assistant.py, line 8&#10;  @pytest.fixture&#10;  def task_assistant(mock_llm_factory):&#10;E       fixture 'mock_llm_factory' not found&#10;&gt;       available fixtures: _configure_application, _monkeypatch_response_class, _push_request_context, _session_event_loop, _session_faker, accept_any, accept_json, accept_jsonp, accept_mimetype, anyio_backend, anyio_backend_name, anyio_backend_options, app, cache, capfd, capfdbinary, caplog, capsys, capsysbinary, class_mocker, client, client_class, config, cov, doctest_namespace, event_loop, event_loop_policy, faker, free_tcp_port, free_tcp_port_factory, free_udp_port, free_udp_port_factory, httpserver, httpserver_ipv4, httpserver_ipv6, httpserver_listen_address, httpserver_ssl_context, live_server, make_httpserver, make_httpserver_ipv4, make_httpserver_ipv6, mock_chroma_service, mock_llm, mocker, module_mocker, monkeypatch, no_cover, package_mocker, pytestconfig, record_property, record_testsuite_property, record_xml_attribute, recwarn, session_mocker, set_test_env_vars, task_assistant, temp_pdf, test_environment, tmp_path, tmp_path_factory, tmpdir, tmpdir_factory, unused_tcp_port, unused_tcp_port_factory, unused_udp_port, unused_udp_port_factory, whitelabel-rag/Lib/site-packages/pip/_vendor/pep517/in_process::&lt;event_loop&gt;, whitelabel-rag/tests/test_task_assistant.py::&lt;event_loop&gt;&#10;&gt;       use 'pytest --fixtures [testpath]' for help on them.&#10;&#10;E:\2024 RESET\dvoid\whitelabel-rag\tests\test_task_assistant.py:8&quot;">file E:\2024 RESET\dvoid\whitelabel-rag\tests\test_task_assistant.py, line 115
  def test_task_assistant_decompose_task(task_assistant, mock_llm_factory):
file E:\2024 RESET\dvoid\whitelabel-rag\tests\test_task_assistant.py, line 8
  @pytest.fixture
  def task_assistant(mock_llm_factory):
E       fixture 'mock_llm_factory' not found
&gt;       available fixtures: _configure_application, _monkeypatch_response_class, _push_request_context, _session_event_loop, _session_faker, accept_any, accept_json, accept_jsonp, accept_mimetype, anyio_backend, anyio_backend_name, anyio_backend_options, app, cache, capfd, capfdbinary, caplog, capsys, capsysbinary, class_mocker, client, client_class, config, cov, doctest_namespace, event_loop, event_loop_policy, faker, free_tcp_port, free_tcp_port_factory, free_udp_port, free_udp_port_factory, httpserver, httpserver_ipv4, httpserver_ipv6, httpserver_listen_address, httpserver_ssl_context, live_server, make_httpserver, make_httpserver_ipv4, make_httpserver_ipv6, mock_chroma_service, mock_llm, mocker, module_mocker, monkeypatch, no_cover, package_mocker, pytestconfig, record_property, record_testsuite_property, record_xml_attribute, recwarn, session_mocker, set_test_env_vars, task_assistant, temp_pdf, test_environment, tmp_path, tmp_path_factory, tmpdir, tmpdir_factory, unused_tcp_port, unused_tcp_port_factory, unused_udp_port, unused_udp_port_factory, whitelabel-rag/Lib/site-packages/pip/_vendor/pep517/in_process::&lt;event_loop&gt;, whitelabel-rag/tests/test_task_assistant.py::&lt;event_loop&gt;
&gt;       use 'pytest --fixtures [testpath]' for help on them.

E:\2024 RESET\dvoid\whitelabel-rag\tests\test_task_assistant.py:8</error></testcase><testcase classname="whitelabel-rag.tests.test_task_assistant" name="test_task_assistant_get_agent_for_step" time="0.003"><error message="failed on setup with &quot;file E:\2024 RESET\dvoid\whitelabel-rag\tests\test_task_assistant.py, line 154&#10;  def test_task_assistant_get_agent_for_step(task_assistant):&#10;file E:\2024 RESET\dvoid\whitelabel-rag\tests\test_task_assistant.py, line 8&#10;  @pytest.fixture&#10;  def task_assistant(mock_llm_factory):&#10;E       fixture 'mock_llm_factory' not found&#10;&gt;       available fixtures: _configure_application, _monkeypatch_response_class, _push_request_context, _session_event_loop, _session_faker, accept_any, accept_json, accept_jsonp, accept_mimetype, anyio_backend, anyio_backend_name, anyio_backend_options, app, cache, capfd, capfdbinary, caplog, capsys, capsysbinary, class_mocker, client, client_class, config, cov, doctest_namespace, event_loop, event_loop_policy, faker, free_tcp_port, free_tcp_port_factory, free_udp_port, free_udp_port_factory, httpserver, httpserver_ipv4, httpserver_ipv6, httpserver_listen_address, httpserver_ssl_context, live_server, make_httpserver, make_httpserver_ipv4, make_httpserver_ipv6, mock_chroma_service, mock_llm, mocker, module_mocker, monkeypatch, no_cover, package_mocker, pytestconfig, record_property, record_testsuite_property, record_xml_attribute, recwarn, session_mocker, set_test_env_vars, task_assistant, temp_pdf, test_environment, tmp_path, tmp_path_factory, tmpdir, tmpdir_factory, unused_tcp_port, unused_tcp_port_factory, unused_udp_port, unused_udp_port_factory, whitelabel-rag/Lib/site-packages/pip/_vendor/pep517/in_process::&lt;event_loop&gt;, whitelabel-rag/tests/test_task_assistant.py::&lt;event_loop&gt;&#10;&gt;       use 'pytest --fixtures [testpath]' for help on them.&#10;&#10;E:\2024 RESET\dvoid\whitelabel-rag\tests\test_task_assistant.py:8&quot;">file E:\2024 RESET\dvoid\whitelabel-rag\tests\test_task_assistant.py, line 154
  def test_task_assistant_get_agent_for_step(task_assistant):
file E:\2024 RESET\dvoid\whitelabel-rag\tests\test_task_assistant.py, line 8
  @pytest.fixture
  def task_assistant(mock_llm_factory):
E       fixture 'mock_llm_factory' not found
&gt;       available fixtures: _configure_application, _monkeypatch_response_class, _push_request_context, _session_event_loop, _session_faker, accept_any, accept_json, accept_jsonp, accept_mimetype, anyio_backend, anyio_backend_name, anyio_backend_options, app, cache, capfd, capfdbinary, caplog, capsys, capsysbinary, class_mocker, client, client_class, config, cov, doctest_namespace, event_loop, event_loop_policy, faker, free_tcp_port, free_tcp_port_factory, free_udp_port, free_udp_port_factory, httpserver, httpserver_ipv4, httpserver_ipv6, httpserver_listen_address, httpserver_ssl_context, live_server, make_httpserver, make_httpserver_ipv4, make_httpserver_ipv6, mock_chroma_service, mock_llm, mocker, module_mocker, monkeypatch, no_cover, package_mocker, pytestconfig, record_property, record_testsuite_property, record_xml_attribute, recwarn, session_mocker, set_test_env_vars, task_assistant, temp_pdf, test_environment, tmp_path, tmp_path_factory, tmpdir, tmpdir_factory, unused_tcp_port, unused_tcp_port_factory, unused_udp_port, unused_udp_port_factory, whitelabel-rag/Lib/site-packages/pip/_vendor/pep517/in_process::&lt;event_loop&gt;, whitelabel-rag/tests/test_task_assistant.py::&lt;event_loop&gt;
&gt;       use 'pytest --fixtures [testpath]' for help on them.

E:\2024 RESET\dvoid\whitelabel-rag\tests\test_task_assistant.py:8</error></testcase><testcase classname="whitelabel-rag.tests.test_task_assistant" name="test_task_assistant_execute_step" time="0.002"><error message="failed on setup with &quot;file E:\2024 RESET\dvoid\whitelabel-rag\tests\test_task_assistant.py, line 179&#10;  def test_task_assistant_execute_step(task_assistant):&#10;file E:\2024 RESET\dvoid\whitelabel-rag\tests\test_task_assistant.py, line 8&#10;  @pytest.fixture&#10;  def task_assistant(mock_llm_factory):&#10;E       fixture 'mock_llm_factory' not found&#10;&gt;       available fixtures: _configure_application, _monkeypatch_response_class, _push_request_context, _session_event_loop, _session_faker, accept_any, accept_json, accept_jsonp, accept_mimetype, anyio_backend, anyio_backend_name, anyio_backend_options, app, cache, capfd, capfdbinary, caplog, capsys, capsysbinary, class_mocker, client, client_class, config, cov, doctest_namespace, event_loop, event_loop_policy, faker, free_tcp_port, free_tcp_port_factory, free_udp_port, free_udp_port_factory, httpserver, httpserver_ipv4, httpserver_ipv6, httpserver_listen_address, httpserver_ssl_context, live_server, make_httpserver, make_httpserver_ipv4, make_httpserver_ipv6, mock_chroma_service, mock_llm, mocker, module_mocker, monkeypatch, no_cover, package_mocker, pytestconfig, record_property, record_testsuite_property, record_xml_attribute, recwarn, session_mocker, set_test_env_vars, task_assistant, temp_pdf, test_environment, tmp_path, tmp_path_factory, tmpdir, tmpdir_factory, unused_tcp_port, unused_tcp_port_factory, unused_udp_port, unused_udp_port_factory, whitelabel-rag/Lib/site-packages/pip/_vendor/pep517/in_process::&lt;event_loop&gt;, whitelabel-rag/tests/test_task_assistant.py::&lt;event_loop&gt;&#10;&gt;       use 'pytest --fixtures [testpath]' for help on them.&#10;&#10;E:\2024 RESET\dvoid\whitelabel-rag\tests\test_task_assistant.py:8&quot;">file E:\2024 RESET\dvoid\whitelabel-rag\tests\test_task_assistant.py, line 179
  def test_task_assistant_execute_step(task_assistant):
file E:\2024 RESET\dvoid\whitelabel-rag\tests\test_task_assistant.py, line 8
  @pytest.fixture
  def task_assistant(mock_llm_factory):
E       fixture 'mock_llm_factory' not found
&gt;       available fixtures: _configure_application, _monkeypatch_response_class, _push_request_context, _session_event_loop, _session_faker, accept_any, accept_json, accept_jsonp, accept_mimetype, anyio_backend, anyio_backend_name, anyio_backend_options, app, cache, capfd, capfdbinary, caplog, capsys, capsysbinary, class_mocker, client, client_class, config, cov, doctest_namespace, event_loop, event_loop_policy, faker, free_tcp_port, free_tcp_port_factory, free_udp_port, free_udp_port_factory, httpserver, httpserver_ipv4, httpserver_ipv6, httpserver_listen_address, httpserver_ssl_context, live_server, make_httpserver, make_httpserver_ipv4, make_httpserver_ipv6, mock_chroma_service, mock_llm, mocker, module_mocker, monkeypatch, no_cover, package_mocker, pytestconfig, record_property, record_testsuite_property, record_xml_attribute, recwarn, session_mocker, set_test_env_vars, task_assistant, temp_pdf, test_environment, tmp_path, tmp_path_factory, tmpdir, tmpdir_factory, unused_tcp_port, unused_tcp_port_factory, unused_udp_port, unused_udp_port_factory, whitelabel-rag/Lib/site-packages/pip/_vendor/pep517/in_process::&lt;event_loop&gt;, whitelabel-rag/tests/test_task_assistant.py::&lt;event_loop&gt;
&gt;       use 'pytest --fixtures [testpath]' for help on them.

E:\2024 RESET\dvoid\whitelabel-rag\tests\test_task_assistant.py:8</error></testcase><testcase classname="whitelabel-rag.tests.test_task_assistant" name="test_task_assistant_execute_step_failure" time="0.003"><error message="failed on setup with &quot;file E:\2024 RESET\dvoid\whitelabel-rag\tests\test_task_assistant.py, line 199&#10;  def test_task_assistant_execute_step_failure(task_assistant):&#10;file E:\2024 RESET\dvoid\whitelabel-rag\tests\test_task_assistant.py, line 8&#10;  @pytest.fixture&#10;  def task_assistant(mock_llm_factory):&#10;E       fixture 'mock_llm_factory' not found&#10;&gt;       available fixtures: _configure_application, _monkeypatch_response_class, _push_request_context, _session_event_loop, _session_faker, accept_any, accept_json, accept_jsonp, accept_mimetype, anyio_backend, anyio_backend_name, anyio_backend_options, app, cache, capfd, capfdbinary, caplog, capsys, capsysbinary, class_mocker, client, client_class, config, cov, doctest_namespace, event_loop, event_loop_policy, faker, free_tcp_port, free_tcp_port_factory, free_udp_port, free_udp_port_factory, httpserver, httpserver_ipv4, httpserver_ipv6, httpserver_listen_address, httpserver_ssl_context, live_server, make_httpserver, make_httpserver_ipv4, make_httpserver_ipv6, mock_chroma_service, mock_llm, mocker, module_mocker, monkeypatch, no_cover, package_mocker, pytestconfig, record_property, record_testsuite_property, record_xml_attribute, recwarn, session_mocker, set_test_env_vars, task_assistant, temp_pdf, test_environment, tmp_path, tmp_path_factory, tmpdir, tmpdir_factory, unused_tcp_port, unused_tcp_port_factory, unused_udp_port, unused_udp_port_factory, whitelabel-rag/Lib/site-packages/pip/_vendor/pep517/in_process::&lt;event_loop&gt;, whitelabel-rag/tests/test_task_assistant.py::&lt;event_loop&gt;&#10;&gt;       use 'pytest --fixtures [testpath]' for help on them.&#10;&#10;E:\2024 RESET\dvoid\whitelabel-rag\tests\test_task_assistant.py:8&quot;">file E:\2024 RESET\dvoid\whitelabel-rag\tests\test_task_assistant.py, line 199
  def test_task_assistant_execute_step_failure(task_assistant):
file E:\2024 RESET\dvoid\whitelabel-rag\tests\test_task_assistant.py, line 8
  @pytest.fixture
  def task_assistant(mock_llm_factory):
E       fixture 'mock_llm_factory' not found
&gt;       available fixtures: _configure_application, _monkeypatch_response_class, _push_request_context, _session_event_loop, _session_faker, accept_any, accept_json, accept_jsonp, accept_mimetype, anyio_backend, anyio_backend_name, anyio_backend_options, app, cache, capfd, capfdbinary, caplog, capsys, capsysbinary, class_mocker, client, client_class, config, cov, doctest_namespace, event_loop, event_loop_policy, faker, free_tcp_port, free_tcp_port_factory, free_udp_port, free_udp_port_factory, httpserver, httpserver_ipv4, httpserver_ipv6, httpserver_listen_address, httpserver_ssl_context, live_server, make_httpserver, make_httpserver_ipv4, make_httpserver_ipv6, mock_chroma_service, mock_llm, mocker, module_mocker, monkeypatch, no_cover, package_mocker, pytestconfig, record_property, record_testsuite_property, record_xml_attribute, recwarn, session_mocker, set_test_env_vars, task_assistant, temp_pdf, test_environment, tmp_path, tmp_path_factory, tmpdir, tmpdir_factory, unused_tcp_port, unused_tcp_port_factory, unused_udp_port, unused_udp_port_factory, whitelabel-rag/Lib/site-packages/pip/_vendor/pep517/in_process::&lt;event_loop&gt;, whitelabel-rag/tests/test_task_assistant.py::&lt;event_loop&gt;
&gt;       use 'pytest --fixtures [testpath]' for help on them.

E:\2024 RESET\dvoid\whitelabel-rag\tests\test_task_assistant.py:8</error></testcase><testcase classname="whitelabel-rag.tests.test_task_assistant" name="test_task_assistant_compile_final_result" time="0.004"><error message="failed on setup with &quot;file E:\2024 RESET\dvoid\whitelabel-rag\tests\test_task_assistant.py, line 220&#10;  def test_task_assistant_compile_final_result(task_assistant, mock_llm_factory):&#10;file E:\2024 RESET\dvoid\whitelabel-rag\tests\test_task_assistant.py, line 8&#10;  @pytest.fixture&#10;  def task_assistant(mock_llm_factory):&#10;E       fixture 'mock_llm_factory' not found&#10;&gt;       available fixtures: _configure_application, _monkeypatch_response_class, _push_request_context, _session_event_loop, _session_faker, accept_any, accept_json, accept_jsonp, accept_mimetype, anyio_backend, anyio_backend_name, anyio_backend_options, app, cache, capfd, capfdbinary, caplog, capsys, capsysbinary, class_mocker, client, client_class, config, cov, doctest_namespace, event_loop, event_loop_policy, faker, free_tcp_port, free_tcp_port_factory, free_udp_port, free_udp_port_factory, httpserver, httpserver_ipv4, httpserver_ipv6, httpserver_listen_address, httpserver_ssl_context, live_server, make_httpserver, make_httpserver_ipv4, make_httpserver_ipv6, mock_chroma_service, mock_llm, mocker, module_mocker, monkeypatch, no_cover, package_mocker, pytestconfig, record_property, record_testsuite_property, record_xml_attribute, recwarn, session_mocker, set_test_env_vars, task_assistant, temp_pdf, test_environment, tmp_path, tmp_path_factory, tmpdir, tmpdir_factory, unused_tcp_port, unused_tcp_port_factory, unused_udp_port, unused_udp_port_factory, whitelabel-rag/Lib/site-packages/pip/_vendor/pep517/in_process::&lt;event_loop&gt;, whitelabel-rag/tests/test_task_assistant.py::&lt;event_loop&gt;&#10;&gt;       use 'pytest --fixtures [testpath]' for help on them.&#10;&#10;E:\2024 RESET\dvoid\whitelabel-rag\tests\test_task_assistant.py:8&quot;">file E:\2024 RESET\dvoid\whitelabel-rag\tests\test_task_assistant.py, line 220
  def test_task_assistant_compile_final_result(task_assistant, mock_llm_factory):
file E:\2024 RESET\dvoid\whitelabel-rag\tests\test_task_assistant.py, line 8
  @pytest.fixture
  def task_assistant(mock_llm_factory):
E       fixture 'mock_llm_factory' not found
&gt;       available fixtures: _configure_application, _monkeypatch_response_class, _push_request_context, _session_event_loop, _session_faker, accept_any, accept_json, accept_jsonp, accept_mimetype, anyio_backend, anyio_backend_name, anyio_backend_options, app, cache, capfd, capfdbinary, caplog, capsys, capsysbinary, class_mocker, client, client_class, config, cov, doctest_namespace, event_loop, event_loop_policy, faker, free_tcp_port, free_tcp_port_factory, free_udp_port, free_udp_port_factory, httpserver, httpserver_ipv4, httpserver_ipv6, httpserver_listen_address, httpserver_ssl_context, live_server, make_httpserver, make_httpserver_ipv4, make_httpserver_ipv6, mock_chroma_service, mock_llm, mocker, module_mocker, monkeypatch, no_cover, package_mocker, pytestconfig, record_property, record_testsuite_property, record_xml_attribute, recwarn, session_mocker, set_test_env_vars, task_assistant, temp_pdf, test_environment, tmp_path, tmp_path_factory, tmpdir, tmpdir_factory, unused_tcp_port, unused_tcp_port_factory, unused_udp_port, unused_udp_port_factory, whitelabel-rag/Lib/site-packages/pip/_vendor/pep517/in_process::&lt;event_loop&gt;, whitelabel-rag/tests/test_task_assistant.py::&lt;event_loop&gt;
&gt;       use 'pytest --fixtures [testpath]' for help on them.

E:\2024 RESET\dvoid\whitelabel-rag\tests\test_task_assistant.py:8</error></testcase><testcase classname="whitelabel-rag.tests.test_task_assistant" name="test_task_assistant_get_task_status" time="0.003"><error message="failed on setup with &quot;file E:\2024 RESET\dvoid\whitelabel-rag\tests\test_task_assistant.py, line 246&#10;  def test_task_assistant_get_task_status(task_assistant):&#10;file E:\2024 RESET\dvoid\whitelabel-rag\tests\test_task_assistant.py, line 8&#10;  @pytest.fixture&#10;  def task_assistant(mock_llm_factory):&#10;E       fixture 'mock_llm_factory' not found&#10;&gt;       available fixtures: _configure_application, _monkeypatch_response_class, _push_request_context, _session_event_loop, _session_faker, accept_any, accept_json, accept_jsonp, accept_mimetype, anyio_backend, anyio_backend_name, anyio_backend_options, app, cache, capfd, capfdbinary, caplog, capsys, capsysbinary, class_mocker, client, client_class, config, cov, doctest_namespace, event_loop, event_loop_policy, faker, free_tcp_port, free_tcp_port_factory, free_udp_port, free_udp_port_factory, httpserver, httpserver_ipv4, httpserver_ipv6, httpserver_listen_address, httpserver_ssl_context, live_server, make_httpserver, make_httpserver_ipv4, make_httpserver_ipv6, mock_chroma_service, mock_llm, mocker, module_mocker, monkeypatch, no_cover, package_mocker, pytestconfig, record_property, record_testsuite_property, record_xml_attribute, recwarn, session_mocker, set_test_env_vars, task_assistant, temp_pdf, test_environment, tmp_path, tmp_path_factory, tmpdir, tmpdir_factory, unused_tcp_port, unused_tcp_port_factory, unused_udp_port, unused_udp_port_factory, whitelabel-rag/Lib/site-packages/pip/_vendor/pep517/in_process::&lt;event_loop&gt;, whitelabel-rag/tests/test_task_assistant.py::&lt;event_loop&gt;&#10;&gt;       use 'pytest --fixtures [testpath]' for help on them.&#10;&#10;E:\2024 RESET\dvoid\whitelabel-rag\tests\test_task_assistant.py:8&quot;">file E:\2024 RESET\dvoid\whitelabel-rag\tests\test_task_assistant.py, line 246
  def test_task_assistant_get_task_status(task_assistant):
file E:\2024 RESET\dvoid\whitelabel-rag\tests\test_task_assistant.py, line 8
  @pytest.fixture
  def task_assistant(mock_llm_factory):
E       fixture 'mock_llm_factory' not found
&gt;       available fixtures: _configure_application, _monkeypatch_response_class, _push_request_context, _session_event_loop, _session_faker, accept_any, accept_json, accept_jsonp, accept_mimetype, anyio_backend, anyio_backend_name, anyio_backend_options, app, cache, capfd, capfdbinary, caplog, capsys, capsysbinary, class_mocker, client, client_class, config, cov, doctest_namespace, event_loop, event_loop_policy, faker, free_tcp_port, free_tcp_port_factory, free_udp_port, free_udp_port_factory, httpserver, httpserver_ipv4, httpserver_ipv6, httpserver_listen_address, httpserver_ssl_context, live_server, make_httpserver, make_httpserver_ipv4, make_httpserver_ipv6, mock_chroma_service, mock_llm, mocker, module_mocker, monkeypatch, no_cover, package_mocker, pytestconfig, record_property, record_testsuite_property, record_xml_attribute, recwarn, session_mocker, set_test_env_vars, task_assistant, temp_pdf, test_environment, tmp_path, tmp_path_factory, tmpdir, tmpdir_factory, unused_tcp_port, unused_tcp_port_factory, unused_udp_port, unused_udp_port_factory, whitelabel-rag/Lib/site-packages/pip/_vendor/pep517/in_process::&lt;event_loop&gt;, whitelabel-rag/tests/test_task_assistant.py::&lt;event_loop&gt;
&gt;       use 'pytest --fixtures [testpath]' for help on them.

E:\2024 RESET\dvoid\whitelabel-rag\tests\test_task_assistant.py:8</error></testcase><testcase classname="whitelabel-rag.tests.test_task_assistant" name="test_task_assistant_cancel_task" time="0.002"><error message="failed on setup with &quot;file E:\2024 RESET\dvoid\whitelabel-rag\tests\test_task_assistant.py, line 260&#10;  def test_task_assistant_cancel_task(task_assistant):&#10;file E:\2024 RESET\dvoid\whitelabel-rag\tests\test_task_assistant.py, line 8&#10;  @pytest.fixture&#10;  def task_assistant(mock_llm_factory):&#10;E       fixture 'mock_llm_factory' not found&#10;&gt;       available fixtures: _configure_application, _monkeypatch_response_class, _push_request_context, _session_event_loop, _session_faker, accept_any, accept_json, accept_jsonp, accept_mimetype, anyio_backend, anyio_backend_name, anyio_backend_options, app, cache, capfd, capfdbinary, caplog, capsys, capsysbinary, class_mocker, client, client_class, config, cov, doctest_namespace, event_loop, event_loop_policy, faker, free_tcp_port, free_tcp_port_factory, free_udp_port, free_udp_port_factory, httpserver, httpserver_ipv4, httpserver_ipv6, httpserver_listen_address, httpserver_ssl_context, live_server, make_httpserver, make_httpserver_ipv4, make_httpserver_ipv6, mock_chroma_service, mock_llm, mocker, module_mocker, monkeypatch, no_cover, package_mocker, pytestconfig, record_property, record_testsuite_property, record_xml_attribute, recwarn, session_mocker, set_test_env_vars, task_assistant, temp_pdf, test_environment, tmp_path, tmp_path_factory, tmpdir, tmpdir_factory, unused_tcp_port, unused_tcp_port_factory, unused_udp_port, unused_udp_port_factory, whitelabel-rag/Lib/site-packages/pip/_vendor/pep517/in_process::&lt;event_loop&gt;, whitelabel-rag/tests/test_task_assistant.py::&lt;event_loop&gt;&#10;&gt;       use 'pytest --fixtures [testpath]' for help on them.&#10;&#10;E:\2024 RESET\dvoid\whitelabel-rag\tests\test_task_assistant.py:8&quot;">file E:\2024 RESET\dvoid\whitelabel-rag\tests\test_task_assistant.py, line 260
  def test_task_assistant_cancel_task(task_assistant):
file E:\2024 RESET\dvoid\whitelabel-rag\tests\test_task_assistant.py, line 8
  @pytest.fixture
  def task_assistant(mock_llm_factory):
E       fixture 'mock_llm_factory' not found
&gt;       available fixtures: _configure_application, _monkeypatch_response_class, _push_request_context, _session_event_loop, _session_faker, accept_any, accept_json, accept_jsonp, accept_mimetype, anyio_backend, anyio_backend_name, anyio_backend_options, app, cache, capfd, capfdbinary, caplog, capsys, capsysbinary, class_mocker, client, client_class, config, cov, doctest_namespace, event_loop, event_loop_policy, faker, free_tcp_port, free_tcp_port_factory, free_udp_port, free_udp_port_factory, httpserver, httpserver_ipv4, httpserver_ipv6, httpserver_listen_address, httpserver_ssl_context, live_server, make_httpserver, make_httpserver_ipv4, make_httpserver_ipv6, mock_chroma_service, mock_llm, mocker, module_mocker, monkeypatch, no_cover, package_mocker, pytestconfig, record_property, record_testsuite_property, record_xml_attribute, recwarn, session_mocker, set_test_env_vars, task_assistant, temp_pdf, test_environment, tmp_path, tmp_path_factory, tmpdir, tmpdir_factory, unused_tcp_port, unused_tcp_port_factory, unused_udp_port, unused_udp_port_factory, whitelabel-rag/Lib/site-packages/pip/_vendor/pep517/in_process::&lt;event_loop&gt;, whitelabel-rag/tests/test_task_assistant.py::&lt;event_loop&gt;
&gt;       use 'pytest --fixtures [testpath]' for help on them.

E:\2024 RESET\dvoid\whitelabel-rag\tests\test_task_assistant.py:8</error></testcase><testcase classname="whitelabel-rag.tests.test_task_assistant" name="test_get_last_tasks" time="0.004"><error message="failed on setup with &quot;file E:\2024 RESET\dvoid\whitelabel-rag\tests\test_task_assistant.py, line 278&#10;  def test_get_last_tasks(task_assistant):&#10;file E:\2024 RESET\dvoid\whitelabel-rag\tests\test_task_assistant.py, line 8&#10;  @pytest.fixture&#10;  def task_assistant(mock_llm_factory):&#10;E       fixture 'mock_llm_factory' not found&#10;&gt;       available fixtures: _configure_application, _monkeypatch_response_class, _push_request_context, _session_event_loop, _session_faker, accept_any, accept_json, accept_jsonp, accept_mimetype, anyio_backend, anyio_backend_name, anyio_backend_options, app, cache, capfd, capfdbinary, caplog, capsys, capsysbinary, class_mocker, client, client_class, config, cov, doctest_namespace, event_loop, event_loop_policy, faker, free_tcp_port, free_tcp_port_factory, free_udp_port, free_udp_port_factory, httpserver, httpserver_ipv4, httpserver_ipv6, httpserver_listen_address, httpserver_ssl_context, live_server, make_httpserver, make_httpserver_ipv4, make_httpserver_ipv6, mock_chroma_service, mock_llm, mocker, module_mocker, monkeypatch, no_cover, package_mocker, pytestconfig, record_property, record_testsuite_property, record_xml_attribute, recwarn, session_mocker, set_test_env_vars, task_assistant, temp_pdf, test_environment, tmp_path, tmp_path_factory, tmpdir, tmpdir_factory, unused_tcp_port, unused_tcp_port_factory, unused_udp_port, unused_udp_port_factory, whitelabel-rag/Lib/site-packages/pip/_vendor/pep517/in_process::&lt;event_loop&gt;, whitelabel-rag/tests/test_task_assistant.py::&lt;event_loop&gt;&#10;&gt;       use 'pytest --fixtures [testpath]' for help on them.&#10;&#10;E:\2024 RESET\dvoid\whitelabel-rag\tests\test_task_assistant.py:8&quot;">file E:\2024 RESET\dvoid\whitelabel-rag\tests\test_task_assistant.py, line 278
  def test_get_last_tasks(task_assistant):
file E:\2024 RESET\dvoid\whitelabel-rag\tests\test_task_assistant.py, line 8
  @pytest.fixture
  def task_assistant(mock_llm_factory):
E       fixture 'mock_llm_factory' not found
&gt;       available fixtures: _configure_application, _monkeypatch_response_class, _push_request_context, _session_event_loop, _session_faker, accept_any, accept_json, accept_jsonp, accept_mimetype, anyio_backend, anyio_backend_name, anyio_backend_options, app, cache, capfd, capfdbinary, caplog, capsys, capsysbinary, class_mocker, client, client_class, config, cov, doctest_namespace, event_loop, event_loop_policy, faker, free_tcp_port, free_tcp_port_factory, free_udp_port, free_udp_port_factory, httpserver, httpserver_ipv4, httpserver_ipv6, httpserver_listen_address, httpserver_ssl_context, live_server, make_httpserver, make_httpserver_ipv4, make_httpserver_ipv6, mock_chroma_service, mock_llm, mocker, module_mocker, monkeypatch, no_cover, package_mocker, pytestconfig, record_property, record_testsuite_property, record_xml_attribute, recwarn, session_mocker, set_test_env_vars, task_assistant, temp_pdf, test_environment, tmp_path, tmp_path_factory, tmpdir, tmpdir_factory, unused_tcp_port, unused_tcp_port_factory, unused_udp_port, unused_udp_port_factory, whitelabel-rag/Lib/site-packages/pip/_vendor/pep517/in_process::&lt;event_loop&gt;, whitelabel-rag/tests/test_task_assistant.py::&lt;event_loop&gt;
&gt;       use 'pytest --fixtures [testpath]' for help on them.

E:\2024 RESET\dvoid\whitelabel-rag\tests\test_task_assistant.py:8</error></testcase><testcase classname="whitelabel-rag.tests.test_templates" name="test_index_template_exists" time="0.005" /><testcase classname="whitelabel-rag.tests.test_templates" name="test_index_route_renders_template" time="0.028"><error message="failed on setup with &quot;AttributeError: 'FastAPI' object has no attribute 'response_class'&quot;">request = &lt;SubRequest '_monkeypatch_response_class' for &lt;Function test_index_route_renders_template&gt;&gt;
monkeypatch = &lt;_pytest.monkeypatch.MonkeyPatch object at 0x0000023EA2FD7710&gt;

    @pytest.fixture(autouse=True)
    def _monkeypatch_response_class(request, monkeypatch):
        """Set custom response class before test suite and restore the original
        after. Custom response has `json` property to easily test JSON responses::
    
            @app.route('/ping')
            def ping():
                return jsonify(ping='pong')
    
            def test_json(client):
                res = client.get(url_for('ping'))
                assert res.json == {'ping': 'pong'}
    
        """
    
        if "app" not in request.fixturenames:
            return
    
        app = getfixturevalue(request, "app")
        monkeypatch.setattr(
&gt;           app, "response_class", _make_test_response_class(app.response_class)
        )
E       AttributeError: 'FastAPI' object has no attribute 'response_class'

C:\Users\deois\AppData\Local\Programs\Python\Python312\Lib\site-packages\pytest_flask\plugin.py:77: AttributeError</error></testcase><testcase classname="whitelabel-rag.tests.test_templates" name="test_static_css_exists" time="0.004" /><testcase classname="whitelabel-rag.tests.test_templates" name="test_static_js_exists" time="0.007" /><testcase classname="whitelabel-rag.tests.test_templates" name="test_health_endpoint" time="0.036"><error message="failed on setup with &quot;AttributeError: 'FastAPI' object has no attribute 'response_class'&quot;">request = &lt;SubRequest '_monkeypatch_response_class' for &lt;Function test_health_endpoint&gt;&gt;
monkeypatch = &lt;_pytest.monkeypatch.MonkeyPatch object at 0x0000023EA33FFE30&gt;

    @pytest.fixture(autouse=True)
    def _monkeypatch_response_class(request, monkeypatch):
        """Set custom response class before test suite and restore the original
        after. Custom response has `json` property to easily test JSON responses::
    
            @app.route('/ping')
            def ping():
                return jsonify(ping='pong')
    
            def test_json(client):
                res = client.get(url_for('ping'))
                assert res.json == {'ping': 'pong'}
    
        """
    
        if "app" not in request.fixturenames:
            return
    
        app = getfixturevalue(request, "app")
        monkeypatch.setattr(
&gt;           app, "response_class", _make_test_response_class(app.response_class)
        )
E       AttributeError: 'FastAPI' object has no attribute 'response_class'

C:\Users\deois\AppData\Local\Programs\Python\Python312\Lib\site-packages\pytest_flask\plugin.py:77: AttributeError</error></testcase><testcase classname="whitelabel-rag.tests.test_websocket_events" name="test_websocket_chat" time="0.100"><failure message="starlette.websockets.WebSocketDisconnect">client = &lt;starlette.testclient.TestClient object at 0x0000023EA390EB70&gt;

    def test_websocket_chat(client):
        client_id = "testclient"
&gt;       with client.websocket_connect(f"/ws/{client_id}") as websocket:

whitelabel-rag\tests\test_websocket_events.py:14: 
_ _ _ _ _ _ _ _ _ _ _ _ _ _ _ _ _ _ _ _ _ _ _ _ _ _ _ _ _ _ _ _ _ _ _ _ _ _ _ _ _ _ _ _ _ _ _ _
C:\Users\deois\AppData\Local\Programs\Python\Python312\Lib\site-packages\starlette\testclient.py:112: in __enter__
    self._raise_on_close(message)
_ _ _ _ _ _ _ _ _ _ _ _ _ _ _ _ _ _ _ _ _ _ _ _ _ _ _ _ _ _ _ _ _ _ _ _ _ _ _ _ _ _ _ _ _ _ _ _

self = &lt;starlette.testclient.WebSocketTestSession object at 0x0000023EA39A05C0&gt;
message = {'code': 1000, 'reason': '', 'type': 'websocket.close'}

    def _raise_on_close(self, message: Message) -&gt; None:
        if message["type"] == "websocket.close":
&gt;           raise WebSocketDisconnect(code=message.get("code", 1000), reason=message.get("reason", ""))
E           starlette.websockets.WebSocketDisconnect

C:\Users\deois\AppData\Local\Programs\Python\Python312\Lib\site-packages\starlette\testclient.py:170: WebSocketDisconnect</failure></testcase><testcase classname="whitelabel-rag.tests.test_websocket_events" name="test_websocket_health_check" time="0.020"><failure message="starlette.websockets.WebSocketDisconnect">client = &lt;starlette.testclient.TestClient object at 0x0000023EA390EB70&gt;

    def test_websocket_health_check(client):
        client_id = "healthcheckclient"
&gt;       with client.websocket_connect(f"/ws/{client_id}") as websocket:

whitelabel-rag\tests\test_websocket_events.py:45: 
_ _ _ _ _ _ _ _ _ _ _ _ _ _ _ _ _ _ _ _ _ _ _ _ _ _ _ _ _ _ _ _ _ _ _ _ _ _ _ _ _ _ _ _ _ _ _ _
C:\Users\deois\AppData\Local\Programs\Python\Python312\Lib\site-packages\starlette\testclient.py:112: in __enter__
    self._raise_on_close(message)
_ _ _ _ _ _ _ _ _ _ _ _ _ _ _ _ _ _ _ _ _ _ _ _ _ _ _ _ _ _ _ _ _ _ _ _ _ _ _ _ _ _ _ _ _ _ _ _

self = &lt;starlette.testclient.WebSocketTestSession object at 0x0000023E9589BCB0&gt;
message = {'code': 1000, 'reason': '', 'type': 'websocket.close'}

    def _raise_on_close(self, message: Message) -&gt; None:
        if message["type"] == "websocket.close":
&gt;           raise WebSocketDisconnect(code=message.get("code", 1000), reason=message.get("reason", ""))
E           starlette.websockets.WebSocketDisconnect

C:\Users\deois\AppData\Local\Programs\Python\Python312\Lib\site-packages\starlette\testclient.py:170: WebSocketDisconnect</failure></testcase><testcase classname="whitelabel-rag.tests.unit.assistants.test_base_assistant.TestBaseAssistant" name="test_initialization" time="0.003" /><testcase classname="whitelabel-rag.tests.unit.assistants.test_base_assistant.TestBaseAssistant" name="test_update_status" time="0.005"><failure message="AttributeError: &lt;module 'app.services.base_assistant' from 'E:\\2024 RESET\\dvoid\\whitelabel-rag\\app\\services\\base_assistant.py'&gt; does not have the attribute 'socketio'">args = (&lt;test_base_assistant.TestBaseAssistant object at 0x0000023EA2EE47A0&gt;,), keywargs = {}

    @wraps(func)
    def patched(*args, **keywargs):
&gt;       with self.decoration_helper(patched,
                                    args,
                                    keywargs) as (newargs, newkeywargs):

C:\Users\deois\AppData\Local\Programs\Python\Python312\Lib\unittest\mock.py:1390: 
_ _ _ _ _ _ _ _ _ _ _ _ _ _ _ _ _ _ _ _ _ _ _ _ _ _ _ _ _ _ _ _ _ _ _ _ _ _ _ _ _ _ _ _ _ _ _ _
C:\Users\deois\AppData\Local\Programs\Python\Python312\Lib\contextlib.py:137: in __enter__
    return next(self.gen)
C:\Users\deois\AppData\Local\Programs\Python\Python312\Lib\unittest\mock.py:1372: in decoration_helper
    arg = exit_stack.enter_context(patching)
C:\Users\deois\AppData\Local\Programs\Python\Python312\Lib\contextlib.py:526: in enter_context
    result = _enter(cm)
C:\Users\deois\AppData\Local\Programs\Python\Python312\Lib\unittest\mock.py:1461: in __enter__
    original, local = self.get_original()
_ _ _ _ _ _ _ _ _ _ _ _ _ _ _ _ _ _ _ _ _ _ _ _ _ _ _ _ _ _ _ _ _ _ _ _ _ _ _ _ _ _ _ _ _ _ _ _

self = &lt;unittest.mock._patch object at 0x0000023EA2ECB5F0&gt;

    def get_original(self):
        target = self.getter()
        name = self.attribute
    
        original = DEFAULT
        local = False
    
        try:
            original = target.__dict__[name]
        except (AttributeError, KeyError):
            original = getattr(target, name, DEFAULT)
        else:
            local = True
    
        if name in _builtins and isinstance(target, ModuleType):
            self.create = True
    
        if not self.create and original is DEFAULT:
&gt;           raise AttributeError(
                "%s does not have the attribute %r" % (target, name)
            )
E           AttributeError: &lt;module 'app.services.base_assistant' from 'E:\\2024 RESET\\dvoid\\whitelabel-rag\\app\\services\\base_assistant.py'&gt; does not have the attribute 'socketio'

C:\Users\deois\AppData\Local\Programs\Python\Python312\Lib\unittest\mock.py:1434: AttributeError</failure></testcase><testcase classname="whitelabel-rag.tests.unit.assistants.test_base_assistant.TestBaseAssistant" name="test_report_success" time="0.029" /><testcase classname="whitelabel-rag.tests.unit.assistants.test_base_assistant.TestBaseAssistant" name="test_report_failure" time="0.008" /><testcase classname="whitelabel-rag.tests.unit.assistants.test_concierge.TestConcierge" name="test_initialization" time="0.004"><failure message="AttributeError: &lt;module 'app.services.concierge' from 'E:\\2024 RESET\\dvoid\\whitelabel-rag\\app\\services\\concierge.py'&gt; does not have the attribute 'get_chroma_service_instance'">self = &lt;test_concierge.TestConcierge object at 0x0000023EA2EE5850&gt;

    def test_initialization(self):
        """Test basic initialization of Concierge."""
&gt;       with patch('app.services.concierge.get_chroma_service_instance') as mock_chroma:

whitelabel-rag\tests\unit\assistants\test_concierge.py:17: 
_ _ _ _ _ _ _ _ _ _ _ _ _ _ _ _ _ _ _ _ _ _ _ _ _ _ _ _ _ _ _ _ _ _ _ _ _ _ _ _ _ _ _ _ _ _ _ _
C:\Users\deois\AppData\Local\Programs\Python\Python312\Lib\unittest\mock.py:1461: in __enter__
    original, local = self.get_original()
_ _ _ _ _ _ _ _ _ _ _ _ _ _ _ _ _ _ _ _ _ _ _ _ _ _ _ _ _ _ _ _ _ _ _ _ _ _ _ _ _ _ _ _ _ _ _ _

self = &lt;unittest.mock._patch object at 0x0000023EA3013F50&gt;

    def get_original(self):
        target = self.getter()
        name = self.attribute
    
        original = DEFAULT
        local = False
    
        try:
            original = target.__dict__[name]
        except (AttributeError, KeyError):
            original = getattr(target, name, DEFAULT)
        else:
            local = True
    
        if name in _builtins and isinstance(target, ModuleType):
            self.create = True
    
        if not self.create and original is DEFAULT:
&gt;           raise AttributeError(
                "%s does not have the attribute %r" % (target, name)
            )
E           AttributeError: &lt;module 'app.services.concierge' from 'E:\\2024 RESET\\dvoid\\whitelabel-rag\\app\\services\\concierge.py'&gt; does not have the attribute 'get_chroma_service_instance'

C:\Users\deois\AppData\Local\Programs\Python\Python312\Lib\unittest\mock.py:1434: AttributeError</failure></testcase><testcase classname="whitelabel-rag.tests.unit.assistants.test_concierge.TestConcierge" name="test_handle_message_simple_query" time="0.004"><failure message="AttributeError: &lt;module 'app.services.concierge' from 'E:\\2024 RESET\\dvoid\\whitelabel-rag\\app\\services\\concierge.py'&gt; does not have the attribute 'get_current_session_id'">args = (&lt;test_concierge.TestConcierge object at 0x0000023EA2EE5B20&gt;,), keywargs = {}

    @wraps(func)
    def patched(*args, **keywargs):
&gt;       with self.decoration_helper(patched,
                                    args,
                                    keywargs) as (newargs, newkeywargs):

C:\Users\deois\AppData\Local\Programs\Python\Python312\Lib\unittest\mock.py:1390: 
_ _ _ _ _ _ _ _ _ _ _ _ _ _ _ _ _ _ _ _ _ _ _ _ _ _ _ _ _ _ _ _ _ _ _ _ _ _ _ _ _ _ _ _ _ _ _ _
C:\Users\deois\AppData\Local\Programs\Python\Python312\Lib\contextlib.py:137: in __enter__
    return next(self.gen)
C:\Users\deois\AppData\Local\Programs\Python\Python312\Lib\unittest\mock.py:1372: in decoration_helper
    arg = exit_stack.enter_context(patching)
C:\Users\deois\AppData\Local\Programs\Python\Python312\Lib\contextlib.py:526: in enter_context
    result = _enter(cm)
C:\Users\deois\AppData\Local\Programs\Python\Python312\Lib\unittest\mock.py:1461: in __enter__
    original, local = self.get_original()
_ _ _ _ _ _ _ _ _ _ _ _ _ _ _ _ _ _ _ _ _ _ _ _ _ _ _ _ _ _ _ _ _ _ _ _ _ _ _ _ _ _ _ _ _ _ _ _

self = &lt;unittest.mock._patch object at 0x0000023EA2ECA4E0&gt;

    def get_original(self):
        target = self.getter()
        name = self.attribute
    
        original = DEFAULT
        local = False
    
        try:
            original = target.__dict__[name]
        except (AttributeError, KeyError):
            original = getattr(target, name, DEFAULT)
        else:
            local = True
    
        if name in _builtins and isinstance(target, ModuleType):
            self.create = True
    
        if not self.create and original is DEFAULT:
&gt;           raise AttributeError(
                "%s does not have the attribute %r" % (target, name)
            )
E           AttributeError: &lt;module 'app.services.concierge' from 'E:\\2024 RESET\\dvoid\\whitelabel-rag\\app\\services\\concierge.py'&gt; does not have the attribute 'get_current_session_id'

C:\Users\deois\AppData\Local\Programs\Python\Python312\Lib\unittest\mock.py:1434: AttributeError</failure></testcase><testcase classname="whitelabel-rag.tests.unit.assistants.test_concierge.TestConcierge" name="test_handle_document_search" time="0.007"><failure message="AttributeError: &lt;module 'app.services.concierge' from 'E:\\2024 RESET\\dvoid\\whitelabel-rag\\app\\services\\concierge.py'&gt; does not have the attribute 'get_current_session_id'">args = (&lt;test_concierge.TestConcierge object at 0x0000023EA2EE5DF0&gt;,), keywargs = {}

    @wraps(func)
    def patched(*args, **keywargs):
&gt;       with self.decoration_helper(patched,
                                    args,
                                    keywargs) as (newargs, newkeywargs):

C:\Users\deois\AppData\Local\Programs\Python\Python312\Lib\unittest\mock.py:1390: 
_ _ _ _ _ _ _ _ _ _ _ _ _ _ _ _ _ _ _ _ _ _ _ _ _ _ _ _ _ _ _ _ _ _ _ _ _ _ _ _ _ _ _ _ _ _ _ _
C:\Users\deois\AppData\Local\Programs\Python\Python312\Lib\contextlib.py:137: in __enter__
    return next(self.gen)
C:\Users\deois\AppData\Local\Programs\Python\Python312\Lib\unittest\mock.py:1372: in decoration_helper
    arg = exit_stack.enter_context(patching)
C:\Users\deois\AppData\Local\Programs\Python\Python312\Lib\contextlib.py:526: in enter_context
    result = _enter(cm)
C:\Users\deois\AppData\Local\Programs\Python\Python312\Lib\unittest\mock.py:1461: in __enter__
    original, local = self.get_original()
_ _ _ _ _ _ _ _ _ _ _ _ _ _ _ _ _ _ _ _ _ _ _ _ _ _ _ _ _ _ _ _ _ _ _ _ _ _ _ _ _ _ _ _ _ _ _ _

self = &lt;unittest.mock._patch object at 0x0000023EA2EE4890&gt;

    def get_original(self):
        target = self.getter()
        name = self.attribute
    
        original = DEFAULT
        local = False
    
        try:
            original = target.__dict__[name]
        except (AttributeError, KeyError):
            original = getattr(target, name, DEFAULT)
        else:
            local = True
    
        if name in _builtins and isinstance(target, ModuleType):
            self.create = True
    
        if not self.create and original is DEFAULT:
&gt;           raise AttributeError(
                "%s does not have the attribute %r" % (target, name)
            )
E           AttributeError: &lt;module 'app.services.concierge' from 'E:\\2024 RESET\\dvoid\\whitelabel-rag\\app\\services\\concierge.py'&gt; does not have the attribute 'get_current_session_id'

C:\Users\deois\AppData\Local\Programs\Python\Python312\Lib\unittest\mock.py:1434: AttributeError</failure></testcase><testcase classname="whitelabel-rag.tests.unit.assistants.test_concierge.TestConcierge" name="test_handle_task_decomposition" time="0.006"><failure message="AttributeError: &lt;module 'app.services.concierge' from 'E:\\2024 RESET\\dvoid\\whitelabel-rag\\app\\services\\concierge.py'&gt; does not have the attribute 'get_current_session_id'">args = (&lt;test_concierge.TestConcierge object at 0x0000023EA2EE60C0&gt;,), keywargs = {}

    @wraps(func)
    def patched(*args, **keywargs):
&gt;       with self.decoration_helper(patched,
                                    args,
                                    keywargs) as (newargs, newkeywargs):

C:\Users\deois\AppData\Local\Programs\Python\Python312\Lib\unittest\mock.py:1390: 
_ _ _ _ _ _ _ _ _ _ _ _ _ _ _ _ _ _ _ _ _ _ _ _ _ _ _ _ _ _ _ _ _ _ _ _ _ _ _ _ _ _ _ _ _ _ _ _
C:\Users\deois\AppData\Local\Programs\Python\Python312\Lib\contextlib.py:137: in __enter__
    return next(self.gen)
C:\Users\deois\AppData\Local\Programs\Python\Python312\Lib\unittest\mock.py:1372: in decoration_helper
    arg = exit_stack.enter_context(patching)
C:\Users\deois\AppData\Local\Programs\Python\Python312\Lib\contextlib.py:526: in enter_context
    result = _enter(cm)
C:\Users\deois\AppData\Local\Programs\Python\Python312\Lib\unittest\mock.py:1461: in __enter__
    original, local = self.get_original()
_ _ _ _ _ _ _ _ _ _ _ _ _ _ _ _ _ _ _ _ _ _ _ _ _ _ _ _ _ _ _ _ _ _ _ _ _ _ _ _ _ _ _ _ _ _ _ _

self = &lt;unittest.mock._patch object at 0x0000023EA2EE5160&gt;

    def get_original(self):
        target = self.getter()
        name = self.attribute
    
        original = DEFAULT
        local = False
    
        try:
            original = target.__dict__[name]
        except (AttributeError, KeyError):
            original = getattr(target, name, DEFAULT)
        else:
            local = True
    
        if name in _builtins and isinstance(target, ModuleType):
            self.create = True
    
        if not self.create and original is DEFAULT:
&gt;           raise AttributeError(
                "%s does not have the attribute %r" % (target, name)
            )
E           AttributeError: &lt;module 'app.services.concierge' from 'E:\\2024 RESET\\dvoid\\whitelabel-rag\\app\\services\\concierge.py'&gt; does not have the attribute 'get_current_session_id'

C:\Users\deois\AppData\Local\Programs\Python\Python312\Lib\unittest\mock.py:1434: AttributeError</failure></testcase><testcase classname="whitelabel-rag.tests.unit.assistants.test_file_agent.TestFileAgent" name="test_initialization" time="0.008" /><testcase classname="whitelabel-rag.tests.unit.assistants.test_file_agent.TestFileAgent" name="test_list_files" time="0.009"><failure message="AssertionError: Expected 'report_success' to have been called once. Called 0 times.">self = &lt;MagicMock name='report_success' id='2468055414064'&gt;

    def assert_called_once(self):
        """assert that the mock was called only once.
        """
        if not self.call_count == 1:
            msg = ("Expected '%s' to have been called once. Called %s times.%s"
                   % (self._mock_name or 'mock',
                      self.call_count,
                      self._calls_repr()))
&gt;           raise AssertionError(msg)
E           AssertionError: Expected 'report_success' to have been called once. Called 0 times.

C:\Users\deois\AppData\Local\Programs\Python\Python312\Lib\unittest\mock.py:926: AssertionError

During handling of the above exception, another exception occurred:

self = &lt;test_file_agent.TestFileAgent object at 0x0000023EA2EE78C0&gt;

    def test_list_files(self):
        """Test _list_files method."""
        file_agent = FileAgent()
    
        # Mock os.listdir and os.path.isfile
        mock_files = ["file1.pdf", "file2.docx", "file3.txt"]
    
        with patch('os.listdir', return_value=mock_files):
            with patch('os.path.isfile', return_value=True):
                # Call the method
                with patch.object(file_agent, 'report_success') as mock_success:
                    file_agent._list_files()
    
                    # Verify report_success was called with the right content
&gt;                   mock_success.assert_called_once()
E                   AssertionError: Expected 'report_success' to have been called once. Called 0 times.

whitelabel-rag\tests\unit\assistants\test_file_agent.py:36: AssertionError</failure></testcase><testcase classname="whitelabel-rag.tests.unit.assistants.test_file_agent.TestFileAgent" name="test_list_files_empty" time="0.003" /><testcase classname="whitelabel-rag.tests.unit.assistants.test_file_agent.TestFileAgent" name="test_extract_file_path" time="0.003"><failure message="AttributeError: 'FileAgent' object has no attribute '_extract_file_path'">self = &lt;test_file_agent.TestFileAgent object at 0x0000023EA2EE7EC0&gt;

    def test_extract_file_path(self):
        """Test _extract_file_path method."""
        file_agent = FileAgent()
    
        # Test with no file mentioned
        no_file_msg = "What can you do?"
&gt;       assert file_agent._extract_file_path(no_file_msg) is None
E       AttributeError: 'FileAgent' object has no attribute '_extract_file_path'

whitelabel-rag\tests\unit\assistants\test_file_agent.py:66: AttributeError</failure></testcase><testcase classname="whitelabel-rag.tests.unit.assistants.test_file_agent.TestFileAgent" name="test_process_file" time="0.015"><failure message="AttributeError: 'FileAgent' object has no attribute '_process_file'. Did you mean: 'process_file'?">self = &lt;test_file_agent.TestFileAgent object at 0x0000023EA2EE73B0&gt;

    def test_process_file(self):
        """Test _process_file method."""
        file_agent = FileAgent()
    
        # Create a mock file path
        file_path = "/path/to/document.pdf"
        message = "Extract text from document.pdf"
    
        # Mock file reading
        mock_file_content = "This is the content of the PDF file."
    
        with patch('builtins.open', mock_open(read_data=mock_file_content)):
            # Mock os.path.exists and os.path.getsize
            with patch('os.path.exists', return_value=True):
                with patch('os.path.getsize', return_value=1024):  # 1KB file
                    # Call the method
                    with patch.object(file_agent, 'report_success') as mock_success:
&gt;                       file_agent._process_file(file_path, message)
E                       AttributeError: 'FileAgent' object has no attribute '_process_file'. Did you mean: 'process_file'?

whitelabel-rag\tests\unit\assistants\test_file_agent.py:94: AttributeError</failure></testcase><testcase classname="whitelabel-rag.tests.unit.assistants.test_file_agent.TestFileAgent" name="test_handle_message_list_files" time="0.004" /><testcase classname="whitelabel-rag.tests.unit.assistants.test_file_agent.TestFileAgent" name="test_handle_message_process_file" time="0.003"><failure message="AttributeError: &lt;app.services.file_agent.FileAgent object at 0x0000023EA3A64AA0&gt; does not have the attribute '_extract_file_path'">self = &lt;test_file_agent.TestFileAgent object at 0x0000023EA2F08380&gt;

    def test_handle_message_process_file(self):
        """Test handle_message with a file processing request."""
        file_agent = FileAgent()
    
        # Mock the _extract_file_path method
&gt;       with patch.object(file_agent, '_extract_file_path') as mock_extract:

whitelabel-rag\tests\unit\assistants\test_file_agent.py:121: 
_ _ _ _ _ _ _ _ _ _ _ _ _ _ _ _ _ _ _ _ _ _ _ _ _ _ _ _ _ _ _ _ _ _ _ _ _ _ _ _ _ _ _ _ _ _ _ _
C:\Users\deois\AppData\Local\Programs\Python\Python312\Lib\unittest\mock.py:1461: in __enter__
    original, local = self.get_original()
_ _ _ _ _ _ _ _ _ _ _ _ _ _ _ _ _ _ _ _ _ _ _ _ _ _ _ _ _ _ _ _ _ _ _ _ _ _ _ _ _ _ _ _ _ _ _ _

self = &lt;unittest.mock._patch object at 0x0000023EA3990BC0&gt;

    def get_original(self):
        target = self.getter()
        name = self.attribute
    
        original = DEFAULT
        local = False
    
        try:
            original = target.__dict__[name]
        except (AttributeError, KeyError):
            original = getattr(target, name, DEFAULT)
        else:
            local = True
    
        if name in _builtins and isinstance(target, ModuleType):
            self.create = True
    
        if not self.create and original is DEFAULT:
&gt;           raise AttributeError(
                "%s does not have the attribute %r" % (target, name)
            )
E           AttributeError: &lt;app.services.file_agent.FileAgent object at 0x0000023EA3A64AA0&gt; does not have the attribute '_extract_file_path'

C:\Users\deois\AppData\Local\Programs\Python\Python312\Lib\unittest\mock.py:1434: AttributeError</failure></testcase><testcase classname="whitelabel-rag.tests.unit.assistants.test_file_agent.TestFileAgent" name="test_handle_message_unknown_request" time="0.003"><failure message="AttributeError: &lt;app.services.file_agent.FileAgent object at 0x0000023EA39D4740&gt; does not have the attribute '_extract_file_path'">self = &lt;test_file_agent.TestFileAgent object at 0x0000023EA2F08680&gt;

    def test_handle_message_unknown_request(self):
        """Test handle_message with an unknown request."""
        file_agent = FileAgent()
    
        # Mock the _extract_file_path method to return None
&gt;       with patch.object(file_agent, '_extract_file_path', return_value=None):

whitelabel-rag\tests\unit\assistants\test_file_agent.py:142: 
_ _ _ _ _ _ _ _ _ _ _ _ _ _ _ _ _ _ _ _ _ _ _ _ _ _ _ _ _ _ _ _ _ _ _ _ _ _ _ _ _ _ _ _ _ _ _ _
C:\Users\deois\AppData\Local\Programs\Python\Python312\Lib\unittest\mock.py:1461: in __enter__
    original, local = self.get_original()
_ _ _ _ _ _ _ _ _ _ _ _ _ _ _ _ _ _ _ _ _ _ _ _ _ _ _ _ _ _ _ _ _ _ _ _ _ _ _ _ _ _ _ _ _ _ _ _

self = &lt;unittest.mock._patch object at 0x0000023EA39D4980&gt;

    def get_original(self):
        target = self.getter()
        name = self.attribute
    
        original = DEFAULT
        local = False
    
        try:
            original = target.__dict__[name]
        except (AttributeError, KeyError):
            original = getattr(target, name, DEFAULT)
        else:
            local = True
    
        if name in _builtins and isinstance(target, ModuleType):
            self.create = True
    
        if not self.create and original is DEFAULT:
&gt;           raise AttributeError(
                "%s does not have the attribute %r" % (target, name)
            )
E           AttributeError: &lt;app.services.file_agent.FileAgent object at 0x0000023EA39D4740&gt; does not have the attribute '_extract_file_path'

C:\Users\deois\AppData\Local\Programs\Python\Python312\Lib\unittest\mock.py:1434: AttributeError</failure></testcase><testcase classname="whitelabel-rag.tests.unit.assistants.test_function_agent.TestFunctionAgent" name="test_initialization" time="0.005"><failure message="AttributeError: &lt;module 'app.services.function_agent' from 'E:\\2024 RESET\\dvoid\\whitelabel-rag\\app\\services\\function_agent.py'&gt; does not have the attribute 'AVAILABLE_FUNCTIONS'">self = &lt;test_function_agent.TestFunctionAgent object at 0x0000023EA2F09A00&gt;

    def test_initialization(self):
        """Test basic initialization of FunctionAgent."""
        with patch('app.services.function_agent.LLMFactory') as mock_llm_factory:
&gt;           with patch('app.services.function_agent.AVAILABLE_FUNCTIONS', {"test_func": lambda: "test"}):

whitelabel-rag\tests\unit\assistants\test_function_agent.py:18: 
_ _ _ _ _ _ _ _ _ _ _ _ _ _ _ _ _ _ _ _ _ _ _ _ _ _ _ _ _ _ _ _ _ _ _ _ _ _ _ _ _ _ _ _ _ _ _ _
C:\Users\deois\AppData\Local\Programs\Python\Python312\Lib\unittest\mock.py:1461: in __enter__
    original, local = self.get_original()
_ _ _ _ _ _ _ _ _ _ _ _ _ _ _ _ _ _ _ _ _ _ _ _ _ _ _ _ _ _ _ _ _ _ _ _ _ _ _ _ _ _ _ _ _ _ _ _

self = &lt;unittest.mock._patch object at 0x0000023EA3993E00&gt;

    def get_original(self):
        target = self.getter()
        name = self.attribute
    
        original = DEFAULT
        local = False
    
        try:
            original = target.__dict__[name]
        except (AttributeError, KeyError):
            original = getattr(target, name, DEFAULT)
        else:
            local = True
    
        if name in _builtins and isinstance(target, ModuleType):
            self.create = True
    
        if not self.create and original is DEFAULT:
&gt;           raise AttributeError(
                "%s does not have the attribute %r" % (target, name)
            )
E           AttributeError: &lt;module 'app.services.function_agent' from 'E:\\2024 RESET\\dvoid\\whitelabel-rag\\app\\services\\function_agent.py'&gt; does not have the attribute 'AVAILABLE_FUNCTIONS'

C:\Users\deois\AppData\Local\Programs\Python\Python312\Lib\unittest\mock.py:1434: AttributeError</failure></testcase><testcase classname="whitelabel-rag.tests.unit.assistants.test_function_agent.TestFunctionAgent" name="test_extract_function_call" time="0.003"><failure message="AttributeError: &lt;module 'app.services.function_agent' from 'E:\\2024 RESET\\dvoid\\whitelabel-rag\\app\\services\\function_agent.py'&gt; does not have the attribute 'AVAILABLE_FUNCTIONS'">args = (&lt;test_function_agent.TestFunctionAgent object at 0x0000023EA2F09CD0&gt;,), keywargs = {}

    @wraps(func)
    def patched(*args, **keywargs):
&gt;       with self.decoration_helper(patched,
                                    args,
                                    keywargs) as (newargs, newkeywargs):

C:\Users\deois\AppData\Local\Programs\Python\Python312\Lib\unittest\mock.py:1390: 
_ _ _ _ _ _ _ _ _ _ _ _ _ _ _ _ _ _ _ _ _ _ _ _ _ _ _ _ _ _ _ _ _ _ _ _ _ _ _ _ _ _ _ _ _ _ _ _
C:\Users\deois\AppData\Local\Programs\Python\Python312\Lib\contextlib.py:137: in __enter__
    return next(self.gen)
C:\Users\deois\AppData\Local\Programs\Python\Python312\Lib\unittest\mock.py:1372: in decoration_helper
    arg = exit_stack.enter_context(patching)
C:\Users\deois\AppData\Local\Programs\Python\Python312\Lib\contextlib.py:526: in enter_context
    result = _enter(cm)
C:\Users\deois\AppData\Local\Programs\Python\Python312\Lib\unittest\mock.py:1461: in __enter__
    original, local = self.get_original()
_ _ _ _ _ _ _ _ _ _ _ _ _ _ _ _ _ _ _ _ _ _ _ _ _ _ _ _ _ _ _ _ _ _ _ _ _ _ _ _ _ _ _ _ _ _ _ _

self = &lt;unittest.mock._patch object at 0x0000023EA2F087A0&gt;

    def get_original(self):
        target = self.getter()
        name = self.attribute
    
        original = DEFAULT
        local = False
    
        try:
            original = target.__dict__[name]
        except (AttributeError, KeyError):
            original = getattr(target, name, DEFAULT)
        else:
            local = True
    
        if name in _builtins and isinstance(target, ModuleType):
            self.create = True
    
        if not self.create and original is DEFAULT:
&gt;           raise AttributeError(
                "%s does not have the attribute %r" % (target, name)
            )
E           AttributeError: &lt;module 'app.services.function_agent' from 'E:\\2024 RESET\\dvoid\\whitelabel-rag\\app\\services\\function_agent.py'&gt; does not have the attribute 'AVAILABLE_FUNCTIONS'

C:\Users\deois\AppData\Local\Programs\Python\Python312\Lib\unittest\mock.py:1434: AttributeError</failure></testcase><testcase classname="whitelabel-rag.tests.unit.assistants.test_function_agent.TestFunctionAgent" name="test_execute_function" time="0.005"><failure message="AttributeError: &lt;module 'app.services.function_agent' from 'E:\\2024 RESET\\dvoid\\whitelabel-rag\\app\\services\\function_agent.py'&gt; does not have the attribute 'AVAILABLE_FUNCTIONS'">args = (&lt;test_function_agent.TestFunctionAgent object at 0x0000023EA2F09FA0&gt;,), keywargs = {}

    @wraps(func)
    def patched(*args, **keywargs):
&gt;       with self.decoration_helper(patched,
                                    args,
                                    keywargs) as (newargs, newkeywargs):

C:\Users\deois\AppData\Local\Programs\Python\Python312\Lib\unittest\mock.py:1390: 
_ _ _ _ _ _ _ _ _ _ _ _ _ _ _ _ _ _ _ _ _ _ _ _ _ _ _ _ _ _ _ _ _ _ _ _ _ _ _ _ _ _ _ _ _ _ _ _
C:\Users\deois\AppData\Local\Programs\Python\Python312\Lib\contextlib.py:137: in __enter__
    return next(self.gen)
C:\Users\deois\AppData\Local\Programs\Python\Python312\Lib\unittest\mock.py:1372: in decoration_helper
    arg = exit_stack.enter_context(patching)
C:\Users\deois\AppData\Local\Programs\Python\Python312\Lib\contextlib.py:526: in enter_context
    result = _enter(cm)
C:\Users\deois\AppData\Local\Programs\Python\Python312\Lib\unittest\mock.py:1461: in __enter__
    original, local = self.get_original()
_ _ _ _ _ _ _ _ _ _ _ _ _ _ _ _ _ _ _ _ _ _ _ _ _ _ _ _ _ _ _ _ _ _ _ _ _ _ _ _ _ _ _ _ _ _ _ _

self = &lt;unittest.mock._patch object at 0x0000023EA2F08FB0&gt;

    def get_original(self):
        target = self.getter()
        name = self.attribute
    
        original = DEFAULT
        local = False
    
        try:
            original = target.__dict__[name]
        except (AttributeError, KeyError):
            original = getattr(target, name, DEFAULT)
        else:
            local = True
    
        if name in _builtins and isinstance(target, ModuleType):
            self.create = True
    
        if not self.create and original is DEFAULT:
&gt;           raise AttributeError(
                "%s does not have the attribute %r" % (target, name)
            )
E           AttributeError: &lt;module 'app.services.function_agent' from 'E:\\2024 RESET\\dvoid\\whitelabel-rag\\app\\services\\function_agent.py'&gt; does not have the attribute 'AVAILABLE_FUNCTIONS'

C:\Users\deois\AppData\Local\Programs\Python\Python312\Lib\unittest\mock.py:1434: AttributeError</failure></testcase><testcase classname="whitelabel-rag.tests.unit.assistants.test_function_agent.TestFunctionAgent" name="test_handle_message_success" time="0.004"><failure message="AttributeError: &lt;module 'app.services.function_agent' from 'E:\\2024 RESET\\dvoid\\whitelabel-rag\\app\\services\\function_agent.py'&gt; does not have the attribute 'AVAILABLE_FUNCTIONS'">args = (&lt;test_function_agent.TestFunctionAgent object at 0x0000023EA2F0A270&gt;,), keywargs = {}

    @wraps(func)
    def patched(*args, **keywargs):
&gt;       with self.decoration_helper(patched,
                                    args,
                                    keywargs) as (newargs, newkeywargs):

C:\Users\deois\AppData\Local\Programs\Python\Python312\Lib\unittest\mock.py:1390: 
_ _ _ _ _ _ _ _ _ _ _ _ _ _ _ _ _ _ _ _ _ _ _ _ _ _ _ _ _ _ _ _ _ _ _ _ _ _ _ _ _ _ _ _ _ _ _ _
C:\Users\deois\AppData\Local\Programs\Python\Python312\Lib\contextlib.py:137: in __enter__
    return next(self.gen)
C:\Users\deois\AppData\Local\Programs\Python\Python312\Lib\unittest\mock.py:1372: in decoration_helper
    arg = exit_stack.enter_context(patching)
C:\Users\deois\AppData\Local\Programs\Python\Python312\Lib\contextlib.py:526: in enter_context
    result = _enter(cm)
C:\Users\deois\AppData\Local\Programs\Python\Python312\Lib\unittest\mock.py:1461: in __enter__
    original, local = self.get_original()
_ _ _ _ _ _ _ _ _ _ _ _ _ _ _ _ _ _ _ _ _ _ _ _ _ _ _ _ _ _ _ _ _ _ _ _ _ _ _ _ _ _ _ _ _ _ _ _

self = &lt;unittest.mock._patch object at 0x0000023EA2F090D0&gt;

    def get_original(self):
        target = self.getter()
        name = self.attribute
    
        original = DEFAULT
        local = False
    
        try:
            original = target.__dict__[name]
        except (AttributeError, KeyError):
            original = getattr(target, name, DEFAULT)
        else:
            local = True
    
        if name in _builtins and isinstance(target, ModuleType):
            self.create = True
    
        if not self.create and original is DEFAULT:
&gt;           raise AttributeError(
                "%s does not have the attribute %r" % (target, name)
            )
E           AttributeError: &lt;module 'app.services.function_agent' from 'E:\\2024 RESET\\dvoid\\whitelabel-rag\\app\\services\\function_agent.py'&gt; does not have the attribute 'AVAILABLE_FUNCTIONS'

C:\Users\deois\AppData\Local\Programs\Python\Python312\Lib\unittest\mock.py:1434: AttributeError</failure></testcase><testcase classname="whitelabel-rag.tests.unit.assistants.test_function_agent.TestFunctionAgent" name="test_handle_message_failure" time="0.003"><failure message="AttributeError: &lt;module 'app.services.function_agent' from 'E:\\2024 RESET\\dvoid\\whitelabel-rag\\app\\services\\function_agent.py'&gt; does not have the attribute 'AVAILABLE_FUNCTIONS'">args = (&lt;test_function_agent.TestFunctionAgent object at 0x0000023EA2F0A540&gt;,), keywargs = {}

    @wraps(func)
    def patched(*args, **keywargs):
&gt;       with self.decoration_helper(patched,
                                    args,
                                    keywargs) as (newargs, newkeywargs):

C:\Users\deois\AppData\Local\Programs\Python\Python312\Lib\unittest\mock.py:1390: 
_ _ _ _ _ _ _ _ _ _ _ _ _ _ _ _ _ _ _ _ _ _ _ _ _ _ _ _ _ _ _ _ _ _ _ _ _ _ _ _ _ _ _ _ _ _ _ _
C:\Users\deois\AppData\Local\Programs\Python\Python312\Lib\contextlib.py:137: in __enter__
    return next(self.gen)
C:\Users\deois\AppData\Local\Programs\Python\Python312\Lib\unittest\mock.py:1372: in decoration_helper
    arg = exit_stack.enter_context(patching)
C:\Users\deois\AppData\Local\Programs\Python\Python312\Lib\contextlib.py:526: in enter_context
    result = _enter(cm)
C:\Users\deois\AppData\Local\Programs\Python\Python312\Lib\unittest\mock.py:1461: in __enter__
    original, local = self.get_original()
_ _ _ _ _ _ _ _ _ _ _ _ _ _ _ _ _ _ _ _ _ _ _ _ _ _ _ _ _ _ _ _ _ _ _ _ _ _ _ _ _ _ _ _ _ _ _ _

self = &lt;unittest.mock._patch object at 0x0000023EA2F09220&gt;

    def get_original(self):
        target = self.getter()
        name = self.attribute
    
        original = DEFAULT
        local = False
    
        try:
            original = target.__dict__[name]
        except (AttributeError, KeyError):
            original = getattr(target, name, DEFAULT)
        else:
            local = True
    
        if name in _builtins and isinstance(target, ModuleType):
            self.create = True
    
        if not self.create and original is DEFAULT:
&gt;           raise AttributeError(
                "%s does not have the attribute %r" % (target, name)
            )
E           AttributeError: &lt;module 'app.services.function_agent' from 'E:\\2024 RESET\\dvoid\\whitelabel-rag\\app\\services\\function_agent.py'&gt; does not have the attribute 'AVAILABLE_FUNCTIONS'

C:\Users\deois\AppData\Local\Programs\Python\Python312\Lib\unittest\mock.py:1434: AttributeError</failure></testcase><testcase classname="whitelabel-rag.tests.unit.assistants.test_function_agent.TestFunctionAgent" name="test_handle_message_unknown_function" time="0.002"><failure message="AttributeError: &lt;module 'app.services.function_agent' from 'E:\\2024 RESET\\dvoid\\whitelabel-rag\\app\\services\\function_agent.py'&gt; does not have the attribute 'AVAILABLE_FUNCTIONS'">args = (&lt;test_function_agent.TestFunctionAgent object at 0x0000023EA2F0A810&gt;,), keywargs = {}

    @wraps(func)
    def patched(*args, **keywargs):
&gt;       with self.decoration_helper(patched,
                                    args,
                                    keywargs) as (newargs, newkeywargs):

C:\Users\deois\AppData\Local\Programs\Python\Python312\Lib\unittest\mock.py:1390: 
_ _ _ _ _ _ _ _ _ _ _ _ _ _ _ _ _ _ _ _ _ _ _ _ _ _ _ _ _ _ _ _ _ _ _ _ _ _ _ _ _ _ _ _ _ _ _ _
C:\Users\deois\AppData\Local\Programs\Python\Python312\Lib\contextlib.py:137: in __enter__
    return next(self.gen)
C:\Users\deois\AppData\Local\Programs\Python\Python312\Lib\unittest\mock.py:1372: in decoration_helper
    arg = exit_stack.enter_context(patching)
C:\Users\deois\AppData\Local\Programs\Python\Python312\Lib\contextlib.py:526: in enter_context
    result = _enter(cm)
C:\Users\deois\AppData\Local\Programs\Python\Python312\Lib\unittest\mock.py:1461: in __enter__
    original, local = self.get_original()
_ _ _ _ _ _ _ _ _ _ _ _ _ _ _ _ _ _ _ _ _ _ _ _ _ _ _ _ _ _ _ _ _ _ _ _ _ _ _ _ _ _ _ _ _ _ _ _

self = &lt;unittest.mock._patch object at 0x0000023EA2F09370&gt;

    def get_original(self):
        target = self.getter()
        name = self.attribute
    
        original = DEFAULT
        local = False
    
        try:
            original = target.__dict__[name]
        except (AttributeError, KeyError):
            original = getattr(target, name, DEFAULT)
        else:
            local = True
    
        if name in _builtins and isinstance(target, ModuleType):
            self.create = True
    
        if not self.create and original is DEFAULT:
&gt;           raise AttributeError(
                "%s does not have the attribute %r" % (target, name)
            )
E           AttributeError: &lt;module 'app.services.function_agent' from 'E:\\2024 RESET\\dvoid\\whitelabel-rag\\app\\services\\function_agent.py'&gt; does not have the attribute 'AVAILABLE_FUNCTIONS'

C:\Users\deois\AppData\Local\Programs\Python\Python312\Lib\unittest\mock.py:1434: AttributeError</failure></testcase><testcase classname="whitelabel-rag.tests.unit.assistants.test_search_agent.TestSearchAgent" name="test_initialization" time="0.002"><failure message="AttributeError: &lt;module 'app.services.search_agent' from 'E:\\2024 RESET\\dvoid\\whitelabel-rag\\app\\services\\search_agent.py'&gt; does not have the attribute 'get_chroma_service_instance'">self = &lt;test_search_agent.TestSearchAgent object at 0x0000023EA2F0AA20&gt;

    def test_initialization(self):
        """Test basic initialization of SearchAgent."""
&gt;       with patch('app.services.search_agent.get_chroma_service_instance') as mock_chroma:

whitelabel-rag\tests\unit\assistants\test_search_agent.py:17: 
_ _ _ _ _ _ _ _ _ _ _ _ _ _ _ _ _ _ _ _ _ _ _ _ _ _ _ _ _ _ _ _ _ _ _ _ _ _ _ _ _ _ _ _ _ _ _ _
C:\Users\deois\AppData\Local\Programs\Python\Python312\Lib\unittest\mock.py:1461: in __enter__
    original, local = self.get_original()
_ _ _ _ _ _ _ _ _ _ _ _ _ _ _ _ _ _ _ _ _ _ _ _ _ _ _ _ _ _ _ _ _ _ _ _ _ _ _ _ _ _ _ _ _ _ _ _

self = &lt;unittest.mock._patch object at 0x0000023EA3A29910&gt;

    def get_original(self):
        target = self.getter()
        name = self.attribute
    
        original = DEFAULT
        local = False
    
        try:
            original = target.__dict__[name]
        except (AttributeError, KeyError):
            original = getattr(target, name, DEFAULT)
        else:
            local = True
    
        if name in _builtins and isinstance(target, ModuleType):
            self.create = True
    
        if not self.create and original is DEFAULT:
&gt;           raise AttributeError(
                "%s does not have the attribute %r" % (target, name)
            )
E           AttributeError: &lt;module 'app.services.search_agent' from 'E:\\2024 RESET\\dvoid\\whitelabel-rag\\app\\services\\search_agent.py'&gt; does not have the attribute 'get_chroma_service_instance'

C:\Users\deois\AppData\Local\Programs\Python\Python312\Lib\unittest\mock.py:1434: AttributeError</failure></testcase><testcase classname="whitelabel-rag.tests.unit.assistants.test_search_agent.TestSearchAgent" name="test_handle_message" time="0.002"><failure message="AttributeError: &lt;module 'app.services.search_agent' from 'E:\\2024 RESET\\dvoid\\whitelabel-rag\\app\\services\\search_agent.py'&gt; does not have the attribute 'get_rag_manager'">args = (&lt;test_search_agent.TestSearchAgent object at 0x0000023EA2F0BAA0&gt;,), keywargs = {}

    @wraps(func)
    def patched(*args, **keywargs):
&gt;       with self.decoration_helper(patched,
                                    args,
                                    keywargs) as (newargs, newkeywargs):

C:\Users\deois\AppData\Local\Programs\Python\Python312\Lib\unittest\mock.py:1390: 
_ _ _ _ _ _ _ _ _ _ _ _ _ _ _ _ _ _ _ _ _ _ _ _ _ _ _ _ _ _ _ _ _ _ _ _ _ _ _ _ _ _ _ _ _ _ _ _
C:\Users\deois\AppData\Local\Programs\Python\Python312\Lib\contextlib.py:137: in __enter__
    return next(self.gen)
C:\Users\deois\AppData\Local\Programs\Python\Python312\Lib\unittest\mock.py:1372: in decoration_helper
    arg = exit_stack.enter_context(patching)
C:\Users\deois\AppData\Local\Programs\Python\Python312\Lib\contextlib.py:526: in enter_context
    result = _enter(cm)
C:\Users\deois\AppData\Local\Programs\Python\Python312\Lib\unittest\mock.py:1461: in __enter__
    original, local = self.get_original()
_ _ _ _ _ _ _ _ _ _ _ _ _ _ _ _ _ _ _ _ _ _ _ _ _ _ _ _ _ _ _ _ _ _ _ _ _ _ _ _ _ _ _ _ _ _ _ _

self = &lt;unittest.mock._patch object at 0x0000023EA2F09790&gt;

    def get_original(self):
        target = self.getter()
        name = self.attribute
    
        original = DEFAULT
        local = False
    
        try:
            original = target.__dict__[name]
        except (AttributeError, KeyError):
            original = getattr(target, name, DEFAULT)
        else:
            local = True
    
        if name in _builtins and isinstance(target, ModuleType):
            self.create = True
    
        if not self.create and original is DEFAULT:
&gt;           raise AttributeError(
                "%s does not have the attribute %r" % (target, name)
            )
E           AttributeError: &lt;module 'app.services.search_agent' from 'E:\\2024 RESET\\dvoid\\whitelabel-rag\\app\\services\\search_agent.py'&gt; does not have the attribute 'get_rag_manager'

C:\Users\deois\AppData\Local\Programs\Python\Python312\Lib\unittest\mock.py:1434: AttributeError</failure></testcase><testcase classname="whitelabel-rag.tests.unit.assistants.test_search_agent.TestSearchAgent" name="test_format_advanced_results" time="0.003"><failure message="AttributeError: &lt;module 'app.services.search_agent' from 'E:\\2024 RESET\\dvoid\\whitelabel-rag\\app\\services\\search_agent.py'&gt; does not have the attribute 'get_rag_manager'">args = (&lt;test_search_agent.TestSearchAgent object at 0x0000023EA2F0BD70&gt;,), keywargs = {}

    @wraps(func)
    def patched(*args, **keywargs):
&gt;       with self.decoration_helper(patched,
                                    args,
                                    keywargs) as (newargs, newkeywargs):

C:\Users\deois\AppData\Local\Programs\Python\Python312\Lib\unittest\mock.py:1390: 
_ _ _ _ _ _ _ _ _ _ _ _ _ _ _ _ _ _ _ _ _ _ _ _ _ _ _ _ _ _ _ _ _ _ _ _ _ _ _ _ _ _ _ _ _ _ _ _
C:\Users\deois\AppData\Local\Programs\Python\Python312\Lib\contextlib.py:137: in __enter__
    return next(self.gen)
C:\Users\deois\AppData\Local\Programs\Python\Python312\Lib\unittest\mock.py:1372: in decoration_helper
    arg = exit_stack.enter_context(patching)
C:\Users\deois\AppData\Local\Programs\Python\Python312\Lib\contextlib.py:526: in enter_context
    result = _enter(cm)
C:\Users\deois\AppData\Local\Programs\Python\Python312\Lib\unittest\mock.py:1461: in __enter__
    original, local = self.get_original()
_ _ _ _ _ _ _ _ _ _ _ _ _ _ _ _ _ _ _ _ _ _ _ _ _ _ _ _ _ _ _ _ _ _ _ _ _ _ _ _ _ _ _ _ _ _ _ _

self = &lt;unittest.mock._patch object at 0x0000023EA2F0A0F0&gt;

    def get_original(self):
        target = self.getter()
        name = self.attribute
    
        original = DEFAULT
        local = False
    
        try:
            original = target.__dict__[name]
        except (AttributeError, KeyError):
            original = getattr(target, name, DEFAULT)
        else:
            local = True
    
        if name in _builtins and isinstance(target, ModuleType):
            self.create = True
    
        if not self.create and original is DEFAULT:
&gt;           raise AttributeError(
                "%s does not have the attribute %r" % (target, name)
            )
E           AttributeError: &lt;module 'app.services.search_agent' from 'E:\\2024 RESET\\dvoid\\whitelabel-rag\\app\\services\\search_agent.py'&gt; does not have the attribute 'get_rag_manager'

C:\Users\deois\AppData\Local\Programs\Python\Python312\Lib\unittest\mock.py:1434: AttributeError</failure></testcase><testcase classname="whitelabel-rag.tests.unit.test_base_assistant_main.TestBaseAssistant" name="test_initialization" time="0.003" /><testcase classname="whitelabel-rag.tests.unit.test_base_assistant_main.TestBaseAssistant" name="test_update_status" time="0.002"><failure message="AttributeError: &lt;module 'app.services.base_assistant' from 'E:\\2024 RESET\\dvoid\\whitelabel-rag\\app\\services\\base_assistant.py'&gt; does not have the attribute 'socketio'">args = (&lt;test_base_assistant_main.TestBaseAssistant object at 0x0000023EA2F2CB30&gt;,)
keywargs = {}

    @wraps(func)
    def patched(*args, **keywargs):
&gt;       with self.decoration_helper(patched,
                                    args,
                                    keywargs) as (newargs, newkeywargs):

C:\Users\deois\AppData\Local\Programs\Python\Python312\Lib\unittest\mock.py:1390: 
_ _ _ _ _ _ _ _ _ _ _ _ _ _ _ _ _ _ _ _ _ _ _ _ _ _ _ _ _ _ _ _ _ _ _ _ _ _ _ _ _ _ _ _ _ _ _ _
C:\Users\deois\AppData\Local\Programs\Python\Python312\Lib\contextlib.py:137: in __enter__
    return next(self.gen)
C:\Users\deois\AppData\Local\Programs\Python\Python312\Lib\unittest\mock.py:1372: in decoration_helper
    arg = exit_stack.enter_context(patching)
C:\Users\deois\AppData\Local\Programs\Python\Python312\Lib\contextlib.py:526: in enter_context
    result = _enter(cm)
C:\Users\deois\AppData\Local\Programs\Python\Python312\Lib\unittest\mock.py:1461: in __enter__
    original, local = self.get_original()
_ _ _ _ _ _ _ _ _ _ _ _ _ _ _ _ _ _ _ _ _ _ _ _ _ _ _ _ _ _ _ _ _ _ _ _ _ _ _ _ _ _ _ _ _ _ _ _

self = &lt;unittest.mock._patch object at 0x0000023EA2F0BE90&gt;

    def get_original(self):
        target = self.getter()
        name = self.attribute
    
        original = DEFAULT
        local = False
    
        try:
            original = target.__dict__[name]
        except (AttributeError, KeyError):
            original = getattr(target, name, DEFAULT)
        else:
            local = True
    
        if name in _builtins and isinstance(target, ModuleType):
            self.create = True
    
        if not self.create and original is DEFAULT:
&gt;           raise AttributeError(
                "%s does not have the attribute %r" % (target, name)
            )
E           AttributeError: &lt;module 'app.services.base_assistant' from 'E:\\2024 RESET\\dvoid\\whitelabel-rag\\app\\services\\base_assistant.py'&gt; does not have the attribute 'socketio'

C:\Users\deois\AppData\Local\Programs\Python\Python312\Lib\unittest\mock.py:1434: AttributeError</failure></testcase><testcase classname="whitelabel-rag.tests.unit.test_base_assistant_main.TestBaseAssistant" name="test_report_success" time="0.005" /><testcase classname="whitelabel-rag.tests.unit.test_base_assistant_main.TestBaseAssistant" name="test_report_failure" time="0.004" /><testcase classname="whitelabel-rag.tests.unit.test_chroma_service.TestChromaService" name="test_placeholder" time="0.003" /><testcase classname="whitelabel-rag.tests.unit.test_config.TestConfig" name="test_environment_variables" time="0.005" /><testcase classname="whitelabel-rag.tests.unit.test_config.TestConfig" name="test_app_directories_exist" time="0.008"><failure message="AssertionError: assert False&#10; +  where False = &lt;built-in function _path_exists&gt;('uploads')&#10; +    where &lt;built-in function _path_exists&gt; = &lt;module 'ntpath' (frozen)&gt;.exists&#10; +      where &lt;module 'ntpath' (frozen)&gt; = os.path">self = &lt;test_config.TestConfig object at 0x0000023EA2F2E090&gt;

    def test_app_directories_exist(self):
        """Test that required directories exist"""
&gt;       assert os.path.exists('uploads')
E       AssertionError: assert False
E        +  where False = &lt;built-in function _path_exists&gt;('uploads')
E        +    where &lt;built-in function _path_exists&gt; = &lt;module 'ntpath' (frozen)&gt;.exists
E        +      where &lt;module 'ntpath' (frozen)&gt; = os.path

whitelabel-rag\tests\unit\test_config.py:17: AssertionError</failure></testcase><testcase classname="whitelabel-rag.tests.unit.test_config.TestConfig" name="test_config_override" time="5.204"><failure message="ValueError: Could not connect to a Chroma server. Are you sure it is running?">map = {&lt;class 'TimeoutError'&gt;: &lt;class 'httpcore.ConnectTimeout'&gt;, &lt;class 'OSError'&gt;: &lt;class 'httpcore.ConnectError'&gt;}

    @contextlib.contextmanager
    def map_exceptions(map: ExceptionMapping) -&gt; Iterator[None]:
        try:
&gt;           yield

C:\Users\deois\AppData\Local\Programs\Python\Python312\Lib\site-packages\httpcore\_exceptions.py:10: 
_ _ _ _ _ _ _ _ _ _ _ _ _ _ _ _ _ _ _ _ _ _ _ _ _ _ _ _ _ _ _ _ _ _ _ _ _ _ _ _ _ _ _ _ _ _ _ _
C:\Users\deois\AppData\Local\Programs\Python\Python312\Lib\site-packages\httpcore\_backends\sync.py:206: in connect_tcp
    sock = socket.create_connection(
C:\Users\deois\AppData\Local\Programs\Python\Python312\Lib\socket.py:865: in create_connection
    raise exceptions[0]
_ _ _ _ _ _ _ _ _ _ _ _ _ _ _ _ _ _ _ _ _ _ _ _ _ _ _ _ _ _ _ _ _ _ _ _ _ _ _ _ _ _ _ _ _ _ _ _

address = ('localhost', 8000), timeout = None, source_address = None

    def create_connection(address, timeout=_GLOBAL_DEFAULT_TIMEOUT,
                          source_address=None, *, all_errors=False):
        """Connect to *address* and return the socket object.
    
        Convenience function.  Connect to *address* (a 2-tuple ``(host,
        port)``) and return the socket object.  Passing the optional
        *timeout* parameter will set the timeout on the socket instance
        before attempting to connect.  If no *timeout* is supplied, the
        global default timeout setting returned by :func:`getdefaulttimeout`
        is used.  If *source_address* is set it must be a tuple of (host, port)
        for the socket to bind as a source address before making the connection.
        A host of '' or port 0 tells the OS to use the default. When a connection
        cannot be created, raises the last error if *all_errors* is False,
        and an ExceptionGroup of all errors if *all_errors* is True.
        """
    
        host, port = address
        exceptions = []
        for res in getaddrinfo(host, port, 0, SOCK_STREAM):
            af, socktype, proto, canonname, sa = res
            sock = None
            try:
                sock = socket(af, socktype, proto)
                if timeout is not _GLOBAL_DEFAULT_TIMEOUT:
                    sock.settimeout(timeout)
                if source_address:
                    sock.bind(source_address)
&gt;               sock.connect(sa)
E               ConnectionRefusedError: [WinError 10061] No connection could be made because the target machine actively refused it

C:\Users\deois\AppData\Local\Programs\Python\Python312\Lib\socket.py:850: ConnectionRefusedError

The above exception was the direct cause of the following exception:

    @contextlib.contextmanager
    def map_httpcore_exceptions() -&gt; typing.Iterator[None]:
        global HTTPCORE_EXC_MAP
        if len(HTTPCORE_EXC_MAP) == 0:
            HTTPCORE_EXC_MAP = _load_httpcore_exceptions()
        try:
&gt;           yield

C:\Users\deois\AppData\Local\Programs\Python\Python312\Lib\site-packages\httpx\_transports\default.py:101: 
_ _ _ _ _ _ _ _ _ _ _ _ _ _ _ _ _ _ _ _ _ _ _ _ _ _ _ _ _ _ _ _ _ _ _ _ _ _ _ _ _ _ _ _ _ _ _ _
C:\Users\deois\AppData\Local\Programs\Python\Python312\Lib\site-packages\httpx\_transports\default.py:250: in handle_request
    resp = self._pool.handle_request(req)
C:\Users\deois\AppData\Local\Programs\Python\Python312\Lib\site-packages\httpcore\_sync\connection_pool.py:268: in handle_request
    raise exc
C:\Users\deois\AppData\Local\Programs\Python\Python312\Lib\site-packages\httpcore\_sync\connection_pool.py:251: in handle_request
    response = connection.handle_request(request)
C:\Users\deois\AppData\Local\Programs\Python\Python312\Lib\site-packages\httpcore\_sync\connection.py:99: in handle_request
    raise exc
C:\Users\deois\AppData\Local\Programs\Python\Python312\Lib\site-packages\httpcore\_sync\connection.py:76: in handle_request
    stream = self._connect(request)
C:\Users\deois\AppData\Local\Programs\Python\Python312\Lib\site-packages\httpcore\_sync\connection.py:124: in _connect
    stream = self._network_backend.connect_tcp(**kwargs)
C:\Users\deois\AppData\Local\Programs\Python\Python312\Lib\site-packages\httpcore\_backends\sync.py:205: in connect_tcp
    with map_exceptions(exc_map):
C:\Users\deois\AppData\Local\Programs\Python\Python312\Lib\contextlib.py:158: in __exit__
    self.gen.throw(value)
_ _ _ _ _ _ _ _ _ _ _ _ _ _ _ _ _ _ _ _ _ _ _ _ _ _ _ _ _ _ _ _ _ _ _ _ _ _ _ _ _ _ _ _ _ _ _ _

map = {&lt;class 'TimeoutError'&gt;: &lt;class 'httpcore.ConnectTimeout'&gt;, &lt;class 'OSError'&gt;: &lt;class 'httpcore.ConnectError'&gt;}

    @contextlib.contextmanager
    def map_exceptions(map: ExceptionMapping) -&gt; Iterator[None]:
        try:
            yield
        except Exception as exc:  # noqa: PIE786
            for from_exc, to_exc in map.items():
                if isinstance(exc, from_exc):
&gt;                   raise to_exc(exc) from exc
E                   httpcore.ConnectError: [WinError 10061] No connection could be made because the target machine actively refused it

C:\Users\deois\AppData\Local\Programs\Python\Python312\Lib\site-packages\httpcore\_exceptions.py:14: ConnectError

The above exception was the direct cause of the following exception:

self = &lt;chromadb.api.client.Client object at 0x0000023EA39561E0&gt;

    @override
    def get_user_identity(self) -&gt; UserIdentity:
        try:
&gt;           return self._server.get_user_identity()

C:\Users\deois\AppData\Local\Programs\Python\Python312\Lib\site-packages\chromadb\api\client.py:108: 
_ _ _ _ _ _ _ _ _ _ _ _ _ _ _ _ _ _ _ _ _ _ _ _ _ _ _ _ _ _ _ _ _ _ _ _ _ _ _ _ _ _ _ _ _ _ _ _
C:\Users\deois\AppData\Local\Programs\Python\Python312\Lib\site-packages\chromadb\telemetry\opentelemetry\__init__.py:150: in wrapper
    return f(*args, **kwargs)
C:\Users\deois\AppData\Local\Programs\Python\Python312\Lib\site-packages\chromadb\api\fastapi.py:202: in get_user_identity
    return UserIdentity(**self._make_request("get", "/auth/identity"))
C:\Users\deois\AppData\Local\Programs\Python\Python312\Lib\site-packages\chromadb\api\fastapi.py:107: in _make_request
    response = self._session.request(method, url, **cast(Any, kwargs))
C:\Users\deois\AppData\Local\Programs\Python\Python312\Lib\site-packages\httpx\_client.py:825: in request
    return self.send(request, auth=auth, follow_redirects=follow_redirects)
C:\Users\deois\AppData\Local\Programs\Python\Python312\Lib\site-packages\httpx\_client.py:914: in send
    response = self._send_handling_auth(
C:\Users\deois\AppData\Local\Programs\Python\Python312\Lib\site-packages\httpx\_client.py:942: in _send_handling_auth
    response = self._send_handling_redirects(
C:\Users\deois\AppData\Local\Programs\Python\Python312\Lib\site-packages\httpx\_client.py:979: in _send_handling_redirects
    response = self._send_single_request(request)
C:\Users\deois\AppData\Local\Programs\Python\Python312\Lib\site-packages\httpx\_client.py:1014: in _send_single_request
    response = transport.handle_request(request)
C:\Users\deois\AppData\Local\Programs\Python\Python312\Lib\site-packages\httpx\_transports\default.py:249: in handle_request
    with map_httpcore_exceptions():
C:\Users\deois\AppData\Local\Programs\Python\Python312\Lib\contextlib.py:158: in __exit__
    self.gen.throw(value)
_ _ _ _ _ _ _ _ _ _ _ _ _ _ _ _ _ _ _ _ _ _ _ _ _ _ _ _ _ _ _ _ _ _ _ _ _ _ _ _ _ _ _ _ _ _ _ _

    @contextlib.contextmanager
    def map_httpcore_exceptions() -&gt; typing.Iterator[None]:
        global HTTPCORE_EXC_MAP
        if len(HTTPCORE_EXC_MAP) == 0:
            HTTPCORE_EXC_MAP = _load_httpcore_exceptions()
        try:
            yield
        except Exception as exc:
            mapped_exc = None
    
            for from_exc, to_exc in HTTPCORE_EXC_MAP.items():
                if not isinstance(exc, from_exc):
                    continue
                # We want to map to the most specific exception we can find.
                # Eg if `exc` is an `httpcore.ReadTimeout`, we want to map to
                # `httpx.ReadTimeout`, not just `httpx.TimeoutException`.
                if mapped_exc is None or issubclass(to_exc, mapped_exc):
                    mapped_exc = to_exc
    
            if mapped_exc is None:  # pragma: no cover
                raise
    
            message = str(exc)
&gt;           raise mapped_exc(message) from exc
E           httpx.ConnectError: [WinError 10061] No connection could be made because the target machine actively refused it

C:\Users\deois\AppData\Local\Programs\Python\Python312\Lib\site-packages\httpx\_transports\default.py:118: ConnectError

During handling of the above exception, another exception occurred:

self = &lt;test_config.TestConfig object at 0x0000023EA2F2E390&gt;

    @patch.dict(os.environ, {"CHROMA_DB_PATH": "test_chromadb_data"})
    def test_config_override(self):
        """Test that environment variables can override defaults"""
        from app.services.chroma_service import ChromaService
    
&gt;       service = ChromaService()

whitelabel-rag\tests\unit\test_config.py:26: 
_ _ _ _ _ _ _ _ _ _ _ _ _ _ _ _ _ _ _ _ _ _ _ _ _ _ _ _ _ _ _ _ _ _ _ _ _ _ _ _ _ _ _ _ _ _ _ _
whitelabel-rag\app\services\chroma_service.py:30: in __init__
    self._setup_chroma()
whitelabel-rag\app\services\chroma_service.py:56: in _setup_chroma
    self.client = chromadb.PersistentClient(path=chroma_path)
C:\Users\deois\AppData\Local\Programs\Python\Python312\Lib\site-packages\chromadb\__init__.py:162: in PersistentClient
    return ClientCreator(tenant=tenant, database=database, settings=settings)
C:\Users\deois\AppData\Local\Programs\Python\Python312\Lib\site-packages\chromadb\api\client.py:72: in __init__
    user_identity = self.get_user_identity()
_ _ _ _ _ _ _ _ _ _ _ _ _ _ _ _ _ _ _ _ _ _ _ _ _ _ _ _ _ _ _ _ _ _ _ _ _ _ _ _ _ _ _ _ _ _ _ _

self = &lt;chromadb.api.client.Client object at 0x0000023EA39561E0&gt;

    @override
    def get_user_identity(self) -&gt; UserIdentity:
        try:
            return self._server.get_user_identity()
        except httpx.ConnectError:
&gt;           raise ValueError(
                "Could not connect to a Chroma server. Are you sure it is running?"
            )
E           ValueError: Could not connect to a Chroma server. Are you sure it is running?

C:\Users\deois\AppData\Local\Programs\Python\Python312\Lib\site-packages\chromadb\api\client.py:110: ValueError</failure></testcase><testcase classname="whitelabel-rag.tests.unit.test_config.TestConfig" name="test_default_config" time="0.007"><failure message="OSError: [WinError 123] The filename, directory name, or volume label syntax is incorrect: ':memory:'">self = &lt;test_config.TestConfig object at 0x0000023EA2F2E690&gt;

    def test_default_config(self):
        """Test default configuration values"""
        from app.services.chroma_service import ChromaService
    
&gt;       service = ChromaService()

whitelabel-rag\tests\unit\test_config.py:33: 
_ _ _ _ _ _ _ _ _ _ _ _ _ _ _ _ _ _ _ _ _ _ _ _ _ _ _ _ _ _ _ _ _ _ _ _ _ _ _ _ _ _ _ _ _ _ _ _
whitelabel-rag\app\services\chroma_service.py:30: in __init__
    self._setup_chroma()
whitelabel-rag\app\services\chroma_service.py:47: in _setup_chroma
    os.makedirs(chroma_path, exist_ok=True)
_ _ _ _ _ _ _ _ _ _ _ _ _ _ _ _ _ _ _ _ _ _ _ _ _ _ _ _ _ _ _ _ _ _ _ _ _ _ _ _ _ _ _ _ _ _ _ _

name = ':memory:', mode = 511, exist_ok = True

&gt;   ???
E   OSError: [WinError 123] The filename, directory name, or volume label syntax is incorrect: ':memory:'

&lt;frozen os&gt;:225: OSError</failure></testcase><testcase classname="whitelabel-rag.tests.unit.test_document_processor.TestDocumentProcessor" name="test_placeholder" time="0.003" /><testcase classname="whitelabel-rag.tests.unit.test_llm_factory.TestLLMFactory" name="test_get_llm_creates_gemini_model" time="0.017"><failure message="AssertionError: Expected 'configure' to be called once. Called 0 times.">self = &lt;MagicMock name='genai.configure' id='2468056220688'&gt;, args = ()
kwargs = {'api_key': 'test-api-key'}
msg = "Expected 'configure' to be called once. Called 0 times."

    def assert_called_once_with(self, /, *args, **kwargs):
        """assert that the mock was called exactly once and that that call was
        with the specified arguments."""
        if not self.call_count == 1:
            msg = ("Expected '%s' to be called once. Called %s times.%s"
                   % (self._mock_name or 'mock',
                      self.call_count,
                      self._calls_repr()))
&gt;           raise AssertionError(msg)
E           AssertionError: Expected 'configure' to be called once. Called 0 times.

C:\Users\deois\AppData\Local\Programs\Python\Python312\Lib\unittest\mock.py:958: AssertionError

During handling of the above exception, another exception occurred:

self = &lt;test_llm_factory.TestLLMFactory object at 0x0000023EA2F2FB60&gt;

    @patch.dict(os.environ, {"GEMINI_API_KEY": "test-api-key"})
    def test_get_llm_creates_gemini_model(self):
        """Test that get_llm creates a GeminiModel when API key is set"""
        with patch("app.services.llm_factory.genai") as mock_genai:
            # Configure the mock
            mock_genai.configure.return_value = None
            mock_model = MagicMock()
            mock_genai.GenerativeModel.return_value = mock_model
    
            # Call the method under test
            llm = LLMFactory.get_llm()
    
            # Assert the Gemini model was configured and created
&gt;           mock_genai.configure.assert_called_once_with(api_key="test-api-key")
E           AssertionError: Expected 'configure' to be called once. Called 0 times.

whitelabel-rag\tests\unit\test_llm_factory.py:26: AssertionError</failure></testcase><testcase classname="whitelabel-rag.tests.unit.test_llm_factory.TestLLMFactory" name="test_get_llm_raises_error_without_api_key" time="0.014"><failure message="Failed: DID NOT RAISE &lt;class 'ValueError'&gt;">self = &lt;test_llm_factory.TestLLMFactory object at 0x0000023EA2F2FE30&gt;

    @patch.dict(os.environ, {}, clear=True)
    def test_get_llm_raises_error_without_api_key(self):
        """Test that get_llm raises an error when no API key is set"""
&gt;       with pytest.raises(ValueError) as excinfo:
E       Failed: DID NOT RAISE &lt;class 'ValueError'&gt;

whitelabel-rag\tests\unit\test_llm_factory.py:33: Failed</failure></testcase><testcase classname="whitelabel-rag.tests.unit.test_llm_factory.TestLLMFactory" name="test_get_llm_uses_custom_model" time="0.030"><failure message="AssertionError: Expected 'GenerativeModel' to be called once. Called 0 times.">self = &lt;MagicMock name='genai.GenerativeModel' id='2468056783264'&gt;, args = ('custom-model',)
kwargs = {'generation_config': approx({})}
msg = "Expected 'GenerativeModel' to be called once. Called 0 times."

    def assert_called_once_with(self, /, *args, **kwargs):
        """assert that the mock was called exactly once and that that call was
        with the specified arguments."""
        if not self.call_count == 1:
            msg = ("Expected '%s' to be called once. Called %s times.%s"
                   % (self._mock_name or 'mock',
                      self.call_count,
                      self._calls_repr()))
&gt;           raise AssertionError(msg)
E           AssertionError: Expected 'GenerativeModel' to be called once. Called 0 times.

C:\Users\deois\AppData\Local\Programs\Python\Python312\Lib\unittest\mock.py:958: AssertionError

During handling of the above exception, another exception occurred:

self = &lt;test_llm_factory.TestLLMFactory object at 0x0000023EA2F44170&gt;

    @patch.dict(os.environ, {"GEMINI_API_KEY": "test-api-key", "GEMINI_MODEL": "custom-model"})
    def test_get_llm_uses_custom_model(self):
        """Test that get_llm uses a custom model name when specified"""
        with patch("app.services.llm_factory.genai") as mock_genai:
            # Configure the mock
            mock_genai.configure.return_value = None
            mock_model = MagicMock()
            mock_genai.GenerativeModel.return_value = mock_model
    
            # Call the method under test
            LLMFactory.get_llm()
    
            # Assert the correct model name was used
&gt;           mock_genai.GenerativeModel.assert_called_once_with(
                "custom-model",
                generation_config=pytest.approx({})
            )
E           AssertionError: Expected 'GenerativeModel' to be called once. Called 0 times.

whitelabel-rag\tests\unit\test_llm_factory.py:51: AssertionError</failure></testcase><testcase classname="whitelabel-rag.tests.unit.test_llm_factory.TestLLMFactory" name="test_get_llm_uses_generation_config" time="0.021"><failure message="AssertionError: Expected 'GenerativeModel' to have been called once. Called 0 times.">self = &lt;MagicMock name='genai.GenerativeModel' id='2468059233024'&gt;

    def assert_called_once(self):
        """assert that the mock was called only once.
        """
        if not self.call_count == 1:
            msg = ("Expected '%s' to have been called once. Called %s times.%s"
                   % (self._mock_name or 'mock',
                      self.call_count,
                      self._calls_repr()))
&gt;           raise AssertionError(msg)
E           AssertionError: Expected 'GenerativeModel' to have been called once. Called 0 times.

C:\Users\deois\AppData\Local\Programs\Python\Python312\Lib\unittest\mock.py:926: AssertionError

During handling of the above exception, another exception occurred:

self = &lt;test_llm_factory.TestLLMFactory object at 0x0000023EA2F44470&gt;

    @patch.dict(os.environ, {
        "GEMINI_API_KEY": "test-api-key",
        "TEMPERATURE": "0.7",
        "TOP_P": "0.9",
        "TOP_K": "40",
        "MAX_OUTPUT_TOKENS": "1024"
    })
    def test_get_llm_uses_generation_config(self):
        """Test that get_llm uses generation config from environment variables"""
        with patch("app.services.llm_factory.genai") as mock_genai:
            # Configure the mock
            mock_genai.configure.return_value = None
            mock_model = MagicMock()
            mock_genai.GenerativeModel.return_value = mock_model
    
            # Call the method under test
            LLMFactory.get_llm()
    
            # Assert the correct generation config was used
&gt;           mock_genai.GenerativeModel.assert_called_once()
E           AssertionError: Expected 'GenerativeModel' to have been called once. Called 0 times.

whitelabel-rag\tests\unit\test_llm_factory.py:75: AssertionError</failure></testcase><testcase classname="whitelabel-rag.tests.unit.test_rag_manager.TestRAGManager" name="test_initialization" time="0.008" /><testcase classname="whitelabel-rag.tests.unit.test_rag_manager.TestRAGManager" name="test_get_singleton_instance" time="0.007"><failure message="NameError: name 'sys' is not defined. Did you forget to import 'sys'">self = &lt;test_rag_manager.TestRAGManager object at 0x0000023EA2F45190&gt;

    def test_get_singleton_instance(self):
        """Test that get_rag_manager returns a singleton instance"""
&gt;       manager1 = get_rag_manager()

whitelabel-rag\tests\unit\test_rag_manager.py:23: 
_ _ _ _ _ _ _ _ _ _ _ _ _ _ _ _ _ _ _ _ _ _ _ _ _ _ _ _ _ _ _ _ _ _ _ _ _ _ _ _ _ _ _ _ _ _ _ _

    def get_rag_manager() -&gt; RAGManager:
        """Get the singleton RAGManager instance, or a new one in test mode."""
&gt;       if os.environ.get('TEST_MODE') == '1' or 'pytest' in sys.modules:
E       NameError: name 'sys' is not defined. Did you forget to import 'sys'

whitelabel-rag\app\services\rag_manager.py:93: NameError</failure></testcase><testcase classname="whitelabel-rag.tests.unit.test_rag_manager.TestRAGManager" name="test_query_documents_basic_rag" time="0.016"><failure message="TypeError: RAGManager.query_documents() got an unexpected keyword argument 'workflow'">self = &lt;test_rag_manager.TestRAGManager object at 0x0000023EA2F45460&gt;
mock_get_chroma = &lt;MagicMock name='get_chroma_service_instance' id='2468056799456'&gt;

    @patch('app.services.rag_manager.get_chroma_service_instance')
    def test_query_documents_basic_rag(self, mock_get_chroma):
        """Test the basic RAG workflow"""
        # Setup mock
        mock_chroma = MagicMock()
        mock_get_chroma.return_value = mock_chroma
    
        # Mock chroma service query response
        mock_chroma.query.return_value = {
            "results": [
                {"text": "Document 1 content", "metadata": {"source": "doc1.pdf"}},
                {"text": "Document 2 content", "metadata": {"source": "doc2.pdf"}},
            ]
        }
    
        # Create test instance
        manager = RAGManager()
    
        # Call the method under test
&gt;       result = manager.query_documents(
            "test query",
            workflow="basic",
            n_results=2
        )
E       TypeError: RAGManager.query_documents() got an unexpected keyword argument 'workflow'

whitelabel-rag\tests\unit\test_rag_manager.py:46: TypeError</failure></testcase><testcase classname="whitelabel-rag.tests.unit.test_rag_manager.TestRAGManager" name="test_query_documents_advanced_rag" time="0.080"><failure message="TypeError: RAGManager.query_documents() got an unexpected keyword argument 'workflow'">self = &lt;test_rag_manager.TestRAGManager object at 0x0000023EA2F45730&gt;
mock_get_chroma = &lt;MagicMock name='get_chroma_service_instance' id='2468055354448'&gt;

    @patch('app.services.rag_manager.get_chroma_service_instance')
    def test_query_documents_advanced_rag(self, mock_get_chroma):
        """Test the advanced RAG workflow"""
        # Setup mock
        mock_chroma = MagicMock()
        mock_get_chroma.return_value = mock_chroma
    
        # Mock chroma service query response
        mock_chroma.query.return_value = {
            "results": [
                {"text": "Document 1 content", "metadata": {"source": "doc1.pdf"}},
                {"text": "Document 2 content", "metadata": {"source": "doc2.pdf"}},
                {"text": "Document 3 content", "metadata": {"source": "doc3.pdf"}},
            ]
        }
    
        # Create test instance
        manager = RAGManager()
    
        # Call the method under test
&gt;       result = manager.query_documents(
            "test query",
            workflow="advanced",
            n_results=3
        )
E       TypeError: RAGManager.query_documents() got an unexpected keyword argument 'workflow'

whitelabel-rag\tests\unit\test_rag_manager.py:80: TypeError</failure></testcase><testcase classname="whitelabel-rag.tests.unit.test_rag_manager.TestRAGManager" name="test_query_documents_recursive_rag" time="0.006"><failure message="TypeError: RAGManager.query_documents() got an unexpected keyword argument 'workflow'">self = &lt;test_rag_manager.TestRAGManager object at 0x0000023EA2F45A00&gt;
mock_get_chroma = &lt;MagicMock name='get_chroma_service_instance' id='2468059177440'&gt;

    @patch('app.services.rag_manager.get_chroma_service_instance')
    def test_query_documents_recursive_rag(self, mock_get_chroma):
        """Test the recursive RAG workflow"""
        # Setup mock
        mock_chroma = MagicMock()
        mock_get_chroma.return_value = mock_chroma
    
        # Mock chroma service query response
        mock_chroma.query.return_value = {
            "results": [
                {"text": "Document 1 content", "metadata": {"source": "doc1.pdf"}},
                {"text": "Document 2 content", "metadata": {"source": "doc2.pdf"}},
            ]
        }
    
        # Create test instance
        manager = RAGManager()
    
        # Call the method under test
&gt;       result = manager.query_documents(
            "test query with multiple parts",
            workflow="recursive",
            n_results=2
        )
E       TypeError: RAGManager.query_documents() got an unexpected keyword argument 'workflow'

whitelabel-rag\tests\unit\test_rag_manager.py:114: TypeError</failure></testcase><testcase classname="whitelabel-rag.tests.unit.test_rag_manager.TestRAGManager" name="test_query_documents_adaptive_rag" time="0.006"><failure message="TypeError: RAGManager.query_documents() got an unexpected keyword argument 'workflow'">self = &lt;test_rag_manager.TestRAGManager object at 0x0000023EA2F45CD0&gt;
mock_get_chroma = &lt;MagicMock name='get_chroma_service_instance' id='2468059044880'&gt;

    @patch('app.services.rag_manager.get_chroma_service_instance')
    def test_query_documents_adaptive_rag(self, mock_get_chroma):
        """Test the adaptive RAG workflow that selects the best approach"""
        # Setup mock
        mock_chroma = MagicMock()
        mock_get_chroma.return_value = mock_chroma
    
        # Mock chroma service query response
        mock_chroma.query.return_value = {
            "results": [
                {"text": "Document 1 content", "metadata": {"source": "doc1.pdf"}},
                {"text": "Document 2 content", "metadata": {"source": "doc2.pdf"}},
            ]
        }
    
        # Create test instance
        manager = RAGManager()
    
        # Call the method under test
&gt;       result = manager.query_documents(
            "test query",
            workflow="adaptive",
            n_results=2
        )
E       TypeError: RAGManager.query_documents() got an unexpected keyword argument 'workflow'

whitelabel-rag\tests\unit\test_rag_manager.py:146: TypeError</failure></testcase><testcase classname="whitelabel-rag.tests.unit.test_rag_manager.TestRAGManager" name="test_invalid_workflow" time="0.004"><failure message="TypeError: RAGManager.query_documents() got an unexpected keyword argument 'workflow'">self = &lt;test_rag_manager.TestRAGManager object at 0x0000023EA2F45FD0&gt;

    def test_invalid_workflow(self):
        """Test that an invalid workflow name raises an error"""
        manager = RAGManager()
    
        with pytest.raises(ValueError) as excinfo:
&gt;           manager.query_documents("test query", workflow="invalid_workflow")
E           TypeError: RAGManager.query_documents() got an unexpected keyword argument 'workflow'

whitelabel-rag\tests\unit\test_rag_manager.py:165: TypeError</failure></testcase><testcase classname="whitelabel-rag.tests.unit.test_sba_service.TestSbaService" name="test_placeholder" time="0.123" /></testsuite></testsuites>